Product: MDK-ARM Lite 5.10
Component: ARM Compiler 5.04 update 1 (build 49)
Tool: armlink [5040049]

==============================================================================

Section Cross References

    main.o(.text) refers to serial_debug.o(.text) for init_serial_debug
    main.o(.text) refers to launchpad_io.o(.text) for lp_io_init
    main.o(.text) refers to lcd.o(.text) for lcd_config_gpio
    main.o(.text) refers to timers.o(.text) for gp_timer_config_32
    main.o(.text) refers to ps2.o(.text) for ps2_initialize
    main.o(.text) refers to printfb.o(i.__0printf$bare) for __2printf
    main.o(.text) refers to menu_nav.o(.text) for update_ui_init_main_menu
    main.o(.text) refers to ddr_game.o(.text) for update_ui_play
    main.o(.text) refers to main.o(.data) for sw1_count
    main.o(.text) refers to menu_nav.o(.data) for selected_item
    ddr_animations.o(.text) refers to lcd.o(.text) for lcd_draw_image
    ddr_animations.o(.text) refers to ddr_images.o(.constdata) for up_arrowBitmaps
    ddr_animations.o(.text) refers to ddr_animations.o(.bss) for arrows_on_screen
    ddr_animations.o(.text) refers to ddr_animations.o(.data) for num_arrows_on_screen
    ddr_game.o(.text) refers to lcd.o(.text) for lcd_clear_screen
    ddr_game.o(.text) refers to ddr_animations.o(.text) for add_arrow
    menu_nav.o(.text) refers to lcd.o(.text) for lcd_clear_screen
    menu_nav.o(.text) refers to ddr_game.o(.text) for update_ui_init_play
    menu_nav.o(.text) refers to menu_nav.o(.data) for selected_item
    pc_buffer.o(.text) refers to malloc.o(i.malloc) for malloc
    serial_debug.o(.text) refers to gpio_port.o(.text) for gpio_enable_port
    serial_debug.o(.text) refers to pc_buffer.o(.text) for pc_buffer_init
    serial_debug.o(.text) refers to uart.o(.text) for uart_init
    serial_debug.o(.text) refers to main.o(.text) for DisableInterrupts
    serial_debug.o(.text) refers to serial_debug.o(.data) for Rx_Interrupts_Enabled
    serial_debug.o(.text) refers to serial_debug.o(.bss) for UART0_Tx_Buffer
    serial_debug.o(.text) refers to stdout.o(.data) for __stdout
    lcd.o(.text) refers to strlen.o(.text) for strlen
    lcd.o(.text) refers to gpio_port.o(.text) for gpio_enable_port
    lcd.o(.text) refers to ddr_images.o(.constdata) for sitkaSmall_12ptBitmaps
    ps2.o(.text) refers to gpio_port.o(.text) for gpio_enable_port
    ps2.o(.text) refers to adc.o(.text) for initialize_adc
    startup_tm4c123.o(RESET) refers to startup_tm4c123.o(STACK) for __initial_sp
    startup_tm4c123.o(RESET) refers to startup_tm4c123.o(.text) for Reset_Handler
    startup_tm4c123.o(RESET) refers to serial_debug.o(.text) for UART0_Handler
    startup_tm4c123.o(.text) refers to system_tm4c123.o(.text) for SystemInit
    startup_tm4c123.o(.text) refers to entry.o(.ARM.Collect$$$$00000000) for __main
    system_tm4c123.o(.text) refers to system_tm4c123.o(.data) for SystemCoreClock
    entry.o(.ARM.Collect$$$$00000000) refers (Special) to entry10a.o(.ARM.Collect$$$$0000000D) for __rt_final_cpp
    entry.o(.ARM.Collect$$$$00000000) refers (Special) to entry11a.o(.ARM.Collect$$$$0000000F) for __rt_final_exit
    entry.o(.ARM.Collect$$$$00000000) refers (Special) to entry7b.o(.ARM.Collect$$$$00000008) for _main_clock
    entry.o(.ARM.Collect$$$$00000000) refers (Special) to entry8b.o(.ARM.Collect$$$$0000000A) for _main_cpp_init
    entry.o(.ARM.Collect$$$$00000000) refers (Special) to entry9a.o(.ARM.Collect$$$$0000000B) for _main_init
    entry.o(.ARM.Collect$$$$00000000) refers (Special) to entry5.o(.ARM.Collect$$$$00000004) for _main_scatterload
    entry.o(.ARM.Collect$$$$00000000) refers (Special) to entry2.o(.ARM.Collect$$$$00000001) for _main_stk
    printfb.o(i.__0fprintf$bare) refers to printfb.o(i._printf_core) for _printf_core
    printfb.o(i.__0fprintf$bare) refers to serial_debug.o(.text) for fputc
    printfb.o(i.__0printf$bare) refers to printfb.o(i._printf_core) for _printf_core
    printfb.o(i.__0printf$bare) refers to serial_debug.o(.text) for fputc
    printfb.o(i.__0printf$bare) refers to stdout.o(.data) for __stdout
    printfb.o(i.__0snprintf$bare) refers to printfb.o(i._printf_core) for _printf_core
    printfb.o(i.__0snprintf$bare) refers to printfb.o(i._snputc) for _snputc
    printfb.o(i.__0sprintf$bare) refers to printfb.o(i._printf_core) for _printf_core
    printfb.o(i.__0sprintf$bare) refers to printfb.o(i._sputc) for _sputc
    printfb.o(i.__0vfprintf$bare) refers to printfb.o(i._printf_core) for _printf_core
    printfb.o(i.__0vfprintf$bare) refers to serial_debug.o(.text) for fputc
    printfb.o(i.__0vprintf$bare) refers to printfb.o(i._printf_core) for _printf_core
    printfb.o(i.__0vprintf$bare) refers to serial_debug.o(.text) for fputc
    printfb.o(i.__0vprintf$bare) refers to stdout.o(.data) for __stdout
    printfb.o(i.__0vsnprintf$bare) refers to printfb.o(i._printf_core) for _printf_core
    printfb.o(i.__0vsnprintf$bare) refers to printfb.o(i._snputc) for _snputc
    printfb.o(i.__0vsprintf$bare) refers to printfb.o(i._printf_core) for _printf_core
    printfb.o(i.__0vsprintf$bare) refers to printfb.o(i._sputc) for _sputc
    printf0.o(i.__0fprintf$0) refers to printf0.o(i._printf_core) for _printf_core
    printf0.o(i.__0fprintf$0) refers to serial_debug.o(.text) for fputc
    printf0.o(i.__0printf$0) refers to printf0.o(i._printf_core) for _printf_core
    printf0.o(i.__0printf$0) refers to serial_debug.o(.text) for fputc
    printf0.o(i.__0printf$0) refers to stdout.o(.data) for __stdout
    printf0.o(i.__0snprintf$0) refers to printf0.o(i._printf_core) for _printf_core
    printf0.o(i.__0snprintf$0) refers to printf0.o(i._snputc) for _snputc
    printf0.o(i.__0sprintf$0) refers to printf0.o(i._printf_core) for _printf_core
    printf0.o(i.__0sprintf$0) refers to printf0.o(i._sputc) for _sputc
    printf0.o(i.__0vfprintf$0) refers to printf0.o(i._printf_core) for _printf_core
    printf0.o(i.__0vfprintf$0) refers to serial_debug.o(.text) for fputc
    printf0.o(i.__0vprintf$0) refers to printf0.o(i._printf_core) for _printf_core
    printf0.o(i.__0vprintf$0) refers to serial_debug.o(.text) for fputc
    printf0.o(i.__0vprintf$0) refers to stdout.o(.data) for __stdout
    printf0.o(i.__0vsnprintf$0) refers to printf0.o(i._printf_core) for _printf_core
    printf0.o(i.__0vsnprintf$0) refers to printf0.o(i._snputc) for _snputc
    printf0.o(i.__0vsprintf$0) refers to printf0.o(i._printf_core) for _printf_core
    printf0.o(i.__0vsprintf$0) refers to printf0.o(i._sputc) for _sputc
    printf1.o(i.__0fprintf$1) refers to printf1.o(i._printf_core) for _printf_core
    printf1.o(i.__0fprintf$1) refers to serial_debug.o(.text) for fputc
    printf1.o(i.__0printf$1) refers to printf1.o(i._printf_core) for _printf_core
    printf1.o(i.__0printf$1) refers to serial_debug.o(.text) for fputc
    printf1.o(i.__0printf$1) refers to stdout.o(.data) for __stdout
    printf1.o(i.__0snprintf$1) refers to printf1.o(i._printf_core) for _printf_core
    printf1.o(i.__0snprintf$1) refers to printf1.o(i._snputc) for _snputc
    printf1.o(i.__0sprintf$1) refers to printf1.o(i._printf_core) for _printf_core
    printf1.o(i.__0sprintf$1) refers to printf1.o(i._sputc) for _sputc
    printf1.o(i.__0vfprintf$1) refers to printf1.o(i._printf_core) for _printf_core
    printf1.o(i.__0vfprintf$1) refers to serial_debug.o(.text) for fputc
    printf1.o(i.__0vprintf$1) refers to printf1.o(i._printf_core) for _printf_core
    printf1.o(i.__0vprintf$1) refers to serial_debug.o(.text) for fputc
    printf1.o(i.__0vprintf$1) refers to stdout.o(.data) for __stdout
    printf1.o(i.__0vsnprintf$1) refers to printf1.o(i._printf_core) for _printf_core
    printf1.o(i.__0vsnprintf$1) refers to printf1.o(i._snputc) for _snputc
    printf1.o(i.__0vsprintf$1) refers to printf1.o(i._printf_core) for _printf_core
    printf1.o(i.__0vsprintf$1) refers to printf1.o(i._sputc) for _sputc
    printf1.o(i._printf_core) refers to uidiv.o(.text) for __aeabi_uidivmod
    printf2.o(i.__0fprintf$2) refers to printf2.o(i._printf_core) for _printf_core
    printf2.o(i.__0fprintf$2) refers to serial_debug.o(.text) for fputc
    printf2.o(i.__0printf$2) refers to printf2.o(i._printf_core) for _printf_core
    printf2.o(i.__0printf$2) refers to serial_debug.o(.text) for fputc
    printf2.o(i.__0printf$2) refers to stdout.o(.data) for __stdout
    printf2.o(i.__0snprintf$2) refers to printf2.o(i._printf_core) for _printf_core
    printf2.o(i.__0snprintf$2) refers to printf2.o(i._snputc) for _snputc
    printf2.o(i.__0sprintf$2) refers to printf2.o(i._printf_core) for _printf_core
    printf2.o(i.__0sprintf$2) refers to printf2.o(i._sputc) for _sputc
    printf2.o(i.__0vfprintf$2) refers to printf2.o(i._printf_core) for _printf_core
    printf2.o(i.__0vfprintf$2) refers to serial_debug.o(.text) for fputc
    printf2.o(i.__0vprintf$2) refers to printf2.o(i._printf_core) for _printf_core
    printf2.o(i.__0vprintf$2) refers to serial_debug.o(.text) for fputc
    printf2.o(i.__0vprintf$2) refers to stdout.o(.data) for __stdout
    printf2.o(i.__0vsnprintf$2) refers to printf2.o(i._printf_core) for _printf_core
    printf2.o(i.__0vsnprintf$2) refers to printf2.o(i._snputc) for _snputc
    printf2.o(i.__0vsprintf$2) refers to printf2.o(i._printf_core) for _printf_core
    printf2.o(i.__0vsprintf$2) refers to printf2.o(i._sputc) for _sputc
    printf3.o(i.__0fprintf$3) refers to printf3.o(i._printf_core) for _printf_core
    printf3.o(i.__0fprintf$3) refers to serial_debug.o(.text) for fputc
    printf3.o(i.__0printf$3) refers to printf3.o(i._printf_core) for _printf_core
    printf3.o(i.__0printf$3) refers to serial_debug.o(.text) for fputc
    printf3.o(i.__0printf$3) refers to stdout.o(.data) for __stdout
    printf3.o(i.__0snprintf$3) refers to printf3.o(i._printf_core) for _printf_core
    printf3.o(i.__0snprintf$3) refers to printf3.o(i._snputc) for _snputc
    printf3.o(i.__0sprintf$3) refers to printf3.o(i._printf_core) for _printf_core
    printf3.o(i.__0sprintf$3) refers to printf3.o(i._sputc) for _sputc
    printf3.o(i.__0vfprintf$3) refers to printf3.o(i._printf_core) for _printf_core
    printf3.o(i.__0vfprintf$3) refers to serial_debug.o(.text) for fputc
    printf3.o(i.__0vprintf$3) refers to printf3.o(i._printf_core) for _printf_core
    printf3.o(i.__0vprintf$3) refers to serial_debug.o(.text) for fputc
    printf3.o(i.__0vprintf$3) refers to stdout.o(.data) for __stdout
    printf3.o(i.__0vsnprintf$3) refers to printf3.o(i._printf_core) for _printf_core
    printf3.o(i.__0vsnprintf$3) refers to printf3.o(i._snputc) for _snputc
    printf3.o(i.__0vsprintf$3) refers to printf3.o(i._printf_core) for _printf_core
    printf3.o(i.__0vsprintf$3) refers to printf3.o(i._sputc) for _sputc
    printf3.o(i._printf_core) refers to uidiv.o(.text) for __aeabi_uidivmod
    printf4.o(i.__0fprintf$4) refers to printf4.o(i._printf_core) for _printf_core
    printf4.o(i.__0fprintf$4) refers to serial_debug.o(.text) for fputc
    printf4.o(i.__0printf$4) refers to printf4.o(i._printf_core) for _printf_core
    printf4.o(i.__0printf$4) refers to serial_debug.o(.text) for fputc
    printf4.o(i.__0printf$4) refers to stdout.o(.data) for __stdout
    printf4.o(i.__0snprintf$4) refers to printf4.o(i._printf_core) for _printf_core
    printf4.o(i.__0snprintf$4) refers to printf4.o(i._snputc) for _snputc
    printf4.o(i.__0sprintf$4) refers to printf4.o(i._printf_core) for _printf_core
    printf4.o(i.__0sprintf$4) refers to printf4.o(i._sputc) for _sputc
    printf4.o(i.__0vfprintf$4) refers to printf4.o(i._printf_core) for _printf_core
    printf4.o(i.__0vfprintf$4) refers to serial_debug.o(.text) for fputc
    printf4.o(i.__0vprintf$4) refers to printf4.o(i._printf_core) for _printf_core
    printf4.o(i.__0vprintf$4) refers to serial_debug.o(.text) for fputc
    printf4.o(i.__0vprintf$4) refers to stdout.o(.data) for __stdout
    printf4.o(i.__0vsnprintf$4) refers to printf4.o(i._printf_core) for _printf_core
    printf4.o(i.__0vsnprintf$4) refers to printf4.o(i._snputc) for _snputc
    printf4.o(i.__0vsprintf$4) refers to printf4.o(i._printf_core) for _printf_core
    printf4.o(i.__0vsprintf$4) refers to printf4.o(i._sputc) for _sputc
    printf4.o(i._printf_core) refers to uldiv.o(.text) for __aeabi_uldivmod
    printf5.o(i.__0fprintf$5) refers to printf5.o(i._printf_core) for _printf_core
    printf5.o(i.__0fprintf$5) refers to serial_debug.o(.text) for fputc
    printf5.o(i.__0printf$5) refers to printf5.o(i._printf_core) for _printf_core
    printf5.o(i.__0printf$5) refers to serial_debug.o(.text) for fputc
    printf5.o(i.__0printf$5) refers to stdout.o(.data) for __stdout
    printf5.o(i.__0snprintf$5) refers to printf5.o(i._printf_core) for _printf_core
    printf5.o(i.__0snprintf$5) refers to printf5.o(i._snputc) for _snputc
    printf5.o(i.__0sprintf$5) refers to printf5.o(i._printf_core) for _printf_core
    printf5.o(i.__0sprintf$5) refers to printf5.o(i._sputc) for _sputc
    printf5.o(i.__0vfprintf$5) refers to printf5.o(i._printf_core) for _printf_core
    printf5.o(i.__0vfprintf$5) refers to serial_debug.o(.text) for fputc
    printf5.o(i.__0vprintf$5) refers to printf5.o(i._printf_core) for _printf_core
    printf5.o(i.__0vprintf$5) refers to serial_debug.o(.text) for fputc
    printf5.o(i.__0vprintf$5) refers to stdout.o(.data) for __stdout
    printf5.o(i.__0vsnprintf$5) refers to printf5.o(i._printf_core) for _printf_core
    printf5.o(i.__0vsnprintf$5) refers to printf5.o(i._snputc) for _snputc
    printf5.o(i.__0vsprintf$5) refers to printf5.o(i._printf_core) for _printf_core
    printf5.o(i.__0vsprintf$5) refers to printf5.o(i._sputc) for _sputc
    printf5.o(i._printf_core) refers to uldiv.o(.text) for __aeabi_uldivmod
    printf6.o(i.__0fprintf$6) refers to printf6.o(i._printf_core) for _printf_core
    printf6.o(i.__0fprintf$6) refers to serial_debug.o(.text) for fputc
    printf6.o(i.__0printf$6) refers to printf6.o(i._printf_core) for _printf_core
    printf6.o(i.__0printf$6) refers to serial_debug.o(.text) for fputc
    printf6.o(i.__0printf$6) refers to stdout.o(.data) for __stdout
    printf6.o(i.__0snprintf$6) refers to printf6.o(i._printf_core) for _printf_core
    printf6.o(i.__0snprintf$6) refers to printf6.o(i._snputc) for _snputc
    printf6.o(i.__0sprintf$6) refers to printf6.o(i._printf_core) for _printf_core
    printf6.o(i.__0sprintf$6) refers to printf6.o(i._sputc) for _sputc
    printf6.o(i.__0vfprintf$6) refers to printf6.o(i._printf_core) for _printf_core
    printf6.o(i.__0vfprintf$6) refers to serial_debug.o(.text) for fputc
    printf6.o(i.__0vprintf$6) refers to printf6.o(i._printf_core) for _printf_core
    printf6.o(i.__0vprintf$6) refers to serial_debug.o(.text) for fputc
    printf6.o(i.__0vprintf$6) refers to stdout.o(.data) for __stdout
    printf6.o(i.__0vsnprintf$6) refers to printf6.o(i._printf_core) for _printf_core
    printf6.o(i.__0vsnprintf$6) refers to printf6.o(i._snputc) for _snputc
    printf6.o(i.__0vsprintf$6) refers to printf6.o(i._printf_core) for _printf_core
    printf6.o(i.__0vsprintf$6) refers to printf6.o(i._sputc) for _sputc
    printf6.o(i._printf_core) refers to printf6.o(i._printf_pre_padding) for _printf_pre_padding
    printf6.o(i._printf_core) refers to uidiv.o(.text) for __aeabi_uidivmod
    printf6.o(i._printf_core) refers to printf6.o(i._printf_post_padding) for _printf_post_padding
    printf7.o(i.__0fprintf$7) refers to printf7.o(i._printf_core) for _printf_core
    printf7.o(i.__0fprintf$7) refers to serial_debug.o(.text) for fputc
    printf7.o(i.__0printf$7) refers to printf7.o(i._printf_core) for _printf_core
    printf7.o(i.__0printf$7) refers to serial_debug.o(.text) for fputc
    printf7.o(i.__0printf$7) refers to stdout.o(.data) for __stdout
    printf7.o(i.__0snprintf$7) refers to printf7.o(i._printf_core) for _printf_core
    printf7.o(i.__0snprintf$7) refers to printf7.o(i._snputc) for _snputc
    printf7.o(i.__0sprintf$7) refers to printf7.o(i._printf_core) for _printf_core
    printf7.o(i.__0sprintf$7) refers to printf7.o(i._sputc) for _sputc
    printf7.o(i.__0vfprintf$7) refers to printf7.o(i._printf_core) for _printf_core
    printf7.o(i.__0vfprintf$7) refers to serial_debug.o(.text) for fputc
    printf7.o(i.__0vprintf$7) refers to printf7.o(i._printf_core) for _printf_core
    printf7.o(i.__0vprintf$7) refers to serial_debug.o(.text) for fputc
    printf7.o(i.__0vprintf$7) refers to stdout.o(.data) for __stdout
    printf7.o(i.__0vsnprintf$7) refers to printf7.o(i._printf_core) for _printf_core
    printf7.o(i.__0vsnprintf$7) refers to printf7.o(i._snputc) for _snputc
    printf7.o(i.__0vsprintf$7) refers to printf7.o(i._printf_core) for _printf_core
    printf7.o(i.__0vsprintf$7) refers to printf7.o(i._sputc) for _sputc
    printf7.o(i._printf_core) refers to printf7.o(i._printf_pre_padding) for _printf_pre_padding
    printf7.o(i._printf_core) refers to uldiv.o(.text) for __aeabi_uldivmod
    printf7.o(i._printf_core) refers to printf7.o(i._printf_post_padding) for _printf_post_padding
    printf8.o(i.__0fprintf$8) refers to printf8.o(i._printf_core) for _printf_core
    printf8.o(i.__0fprintf$8) refers to serial_debug.o(.text) for fputc
    printf8.o(i.__0printf$8) refers to printf8.o(i._printf_core) for _printf_core
    printf8.o(i.__0printf$8) refers to serial_debug.o(.text) for fputc
    printf8.o(i.__0printf$8) refers to stdout.o(.data) for __stdout
    printf8.o(i.__0snprintf$8) refers to printf8.o(i._printf_core) for _printf_core
    printf8.o(i.__0snprintf$8) refers to printf8.o(i._snputc) for _snputc
    printf8.o(i.__0sprintf$8) refers to printf8.o(i._printf_core) for _printf_core
    printf8.o(i.__0sprintf$8) refers to printf8.o(i._sputc) for _sputc
    printf8.o(i.__0vfprintf$8) refers to printf8.o(i._printf_core) for _printf_core
    printf8.o(i.__0vfprintf$8) refers to serial_debug.o(.text) for fputc
    printf8.o(i.__0vprintf$8) refers to printf8.o(i._printf_core) for _printf_core
    printf8.o(i.__0vprintf$8) refers to serial_debug.o(.text) for fputc
    printf8.o(i.__0vprintf$8) refers to stdout.o(.data) for __stdout
    printf8.o(i.__0vsnprintf$8) refers to printf8.o(i._printf_core) for _printf_core
    printf8.o(i.__0vsnprintf$8) refers to printf8.o(i._snputc) for _snputc
    printf8.o(i.__0vsprintf$8) refers to printf8.o(i._printf_core) for _printf_core
    printf8.o(i.__0vsprintf$8) refers to printf8.o(i._sputc) for _sputc
    printf8.o(i._printf_core) refers to printf8.o(i._printf_pre_padding) for _printf_pre_padding
    printf8.o(i._printf_core) refers to uldiv.o(.text) for __aeabi_uldivmod
    printf8.o(i._printf_core) refers to printf8.o(i._printf_post_padding) for _printf_post_padding
    printfa.o(i.__0fprintf) refers (Special) to iusefp.o(.text) for __I$use$fp
    printfa.o(i.__0fprintf) refers to printfa.o(i._printf_core) for _printf_core
    printfa.o(i.__0fprintf) refers to serial_debug.o(.text) for fputc
    printfa.o(i.__0printf) refers (Special) to iusefp.o(.text) for __I$use$fp
    printfa.o(i.__0printf) refers to printfa.o(i._printf_core) for _printf_core
    printfa.o(i.__0printf) refers to serial_debug.o(.text) for fputc
    printfa.o(i.__0printf) refers to stdout.o(.data) for __stdout
    printfa.o(i.__0snprintf) refers (Special) to iusefp.o(.text) for __I$use$fp
    printfa.o(i.__0snprintf) refers to printfa.o(i._printf_core) for _printf_core
    printfa.o(i.__0snprintf) refers to printfa.o(i._snputc) for _snputc
    printfa.o(i.__0sprintf) refers (Special) to iusefp.o(.text) for __I$use$fp
    printfa.o(i.__0sprintf) refers to printfa.o(i._printf_core) for _printf_core
    printfa.o(i.__0sprintf) refers to printfa.o(i._sputc) for _sputc
    printfa.o(i.__0vfprintf) refers (Special) to iusefp.o(.text) for __I$use$fp
    printfa.o(i.__0vfprintf) refers to printfa.o(i._printf_core) for _printf_core
    printfa.o(i.__0vfprintf) refers to serial_debug.o(.text) for fputc
    printfa.o(i.__0vprintf) refers (Special) to iusefp.o(.text) for __I$use$fp
    printfa.o(i.__0vprintf) refers to printfa.o(i._printf_core) for _printf_core
    printfa.o(i.__0vprintf) refers to serial_debug.o(.text) for fputc
    printfa.o(i.__0vprintf) refers to stdout.o(.data) for __stdout
    printfa.o(i.__0vsnprintf) refers (Special) to iusefp.o(.text) for __I$use$fp
    printfa.o(i.__0vsnprintf) refers to printfa.o(i._printf_core) for _printf_core
    printfa.o(i.__0vsnprintf) refers to printfa.o(i._snputc) for _snputc
    printfa.o(i.__0vsprintf) refers (Special) to iusefp.o(.text) for __I$use$fp
    printfa.o(i.__0vsprintf) refers to printfa.o(i._printf_core) for _printf_core
    printfa.o(i.__0vsprintf) refers to printfa.o(i._sputc) for _sputc
    printfa.o(i._fp_digits) refers (Special) to iusefp.o(.text) for __I$use$fp
    printfa.o(i._fp_digits) refers to dmul.o(.text) for __aeabi_dmul
    printfa.o(i._fp_digits) refers to ddiv.o(.text) for __aeabi_ddiv
    printfa.o(i._fp_digits) refers to cdrcmple.o(.text) for __aeabi_cdrcmple
    printfa.o(i._fp_digits) refers to dadd.o(.text) for __aeabi_dadd
    printfa.o(i._fp_digits) refers to dfixul.o(.text) for __aeabi_d2ulz
    printfa.o(i._fp_digits) refers to uldiv.o(.text) for __aeabi_uldivmod
    printfa.o(i._printf_core) refers (Special) to iusefp.o(.text) for __I$use$fp
    printfa.o(i._printf_core) refers to printfa.o(i._printf_pre_padding) for _printf_pre_padding
    printfa.o(i._printf_core) refers to uldiv.o(.text) for __aeabi_uldivmod
    printfa.o(i._printf_core) refers to printfa.o(i._printf_post_padding) for _printf_post_padding
    printfa.o(i._printf_core) refers to printfa.o(i._fp_digits) for _fp_digits
    printfa.o(i._printf_core) refers to uidiv.o(.text) for __aeabi_uidivmod
    printfa.o(i._printf_post_padding) refers (Special) to iusefp.o(.text) for __I$use$fp
    printfa.o(i._printf_pre_padding) refers (Special) to iusefp.o(.text) for __I$use$fp
    printfa.o(i._snputc) refers (Special) to iusefp.o(.text) for __I$use$fp
    printfa.o(i._sputc) refers (Special) to iusefp.o(.text) for __I$use$fp
    malloc.o(i.free) refers to mvars.o(.data) for __microlib_freelist
    malloc.o(i.malloc) refers to mvars.o(.data) for __microlib_freelist_initialised
    malloc.o(i.malloc) refers to mvars.o(.data) for __microlib_freelist
    malloc.o(i.malloc) refers to startup_tm4c123.o(HEAP) for __heap_base
    mallocr.o(i.__free$realloc) refers to mvars.o(.data) for __microlib_freelist
    mallocr.o(i.__malloc$realloc) refers to mallocr.o(i.internal_alloc) for internal_alloc
    mallocr.o(i.__malloc$realloc) refers to mvars.o(.data) for __microlib_freelist_initialised
    mallocr.o(i.__malloc$realloc) refers to startup_tm4c123.o(HEAP) for __heap_base
    mallocr.o(i.__malloc$realloc) refers to mvars.o(.data) for __microlib_freelist
    mallocr.o(i.internal_alloc) refers to memcpya.o(.text) for __aeabi_memcpy
    mallocr.o(i.internal_alloc) refers to mvars.o(.data) for __microlib_freelist
    mallocr.o(i.realloc) refers to mallocr.o(i.__free$realloc) for __free$realloc
    mallocr.o(i.realloc) refers to mallocr.o(i.internal_alloc) for internal_alloc
    mallocr.o(i.realloc) refers to mallocr.o(i.__malloc$realloc) for __malloc$realloc
    mallocr.o(i.realloc) refers to mvars.o(.data) for __microlib_freelist
    malloca.o(i.__aligned_malloc) refers to mvars.o(.data) for __microlib_freelist_initialised
    malloca.o(i.__aligned_malloc) refers to mvars.o(.data) for __microlib_freelist
    malloca.o(i.__aligned_malloc) refers to startup_tm4c123.o(HEAP) for __heap_base
    malloca.o(i.__free$memalign) refers to mvars.o(.data) for __microlib_freelist
    malloca.o(i.__malloc$memalign) refers to malloca.o(i.__aligned_malloc) for __aligned_malloc
    mallocra.o(i.__aligned_malloc$realloc) refers to mallocra.o(i.internal_alloc) for internal_alloc
    mallocra.o(i.__aligned_malloc$realloc) refers to mvars.o(.data) for __microlib_freelist_initialised
    mallocra.o(i.__aligned_malloc$realloc) refers to startup_tm4c123.o(HEAP) for __heap_base
    mallocra.o(i.__aligned_malloc$realloc) refers to mvars.o(.data) for __microlib_freelist
    mallocra.o(i.__free$realloc$memalign) refers to mvars.o(.data) for __microlib_freelist
    mallocra.o(i.__malloc$realloc$memalign) refers to mallocra.o(i.__aligned_malloc$realloc) for __aligned_malloc$realloc
    mallocra.o(i.__realloc$memalign) refers to mallocra.o(i.__free$realloc$memalign) for __free$realloc$memalign
    mallocra.o(i.__realloc$memalign) refers to mallocra.o(i.internal_alloc) for internal_alloc
    mallocra.o(i.__realloc$memalign) refers to mallocra.o(i.__malloc$realloc$memalign) for __malloc$realloc$memalign
    mallocra.o(i.__realloc$memalign) refers to mvars.o(.data) for __microlib_freelist
    mallocra.o(i.internal_alloc) refers to memcpya.o(.text) for __aeabi_memcpy
    mallocra.o(i.internal_alloc) refers to mvars.o(.data) for __microlib_freelist
    entry2.o(.ARM.Collect$$$$00000001) refers to entry2.o(.ARM.Collect$$$$00002712) for __lit__00000000
    entry2.o(.ARM.Collect$$$$00002712) refers to startup_tm4c123.o(STACK) for __initial_sp
    entry2.o(__vectab_stack_and_reset_area) refers to startup_tm4c123.o(STACK) for __initial_sp
    entry2.o(__vectab_stack_and_reset_area) refers to entry.o(.ARM.Collect$$$$00000000) for __main
    entry5.o(.ARM.Collect$$$$00000004) refers to init.o(.text) for __scatterload
    entry9a.o(.ARM.Collect$$$$0000000B) refers to main.o(.text) for main
    entry9b.o(.ARM.Collect$$$$0000000C) refers to main.o(.text) for main
    uldiv.o(.text) refers to llushr.o(.text) for __aeabi_llsr
    uldiv.o(.text) refers to llshl.o(.text) for __aeabi_llsl
    dadd.o(.text) refers to llshl.o(.text) for __aeabi_llsl
    dadd.o(.text) refers to llsshr.o(.text) for __aeabi_lasr
    dadd.o(.text) refers to depilogue.o(.text) for _double_epilogue
    dmul.o(.text) refers to depilogue.o(.text) for _double_epilogue
    ddiv.o(.text) refers to depilogue.o(.text) for _double_round
    dfixul.o(.text) refers to llushr.o(.text) for __aeabi_llsr
    dfixul.o(.text) refers to llshl.o(.text) for __aeabi_llsl
    init.o(.text) refers to entry5.o(.ARM.Collect$$$$00000004) for __main_after_scatterload
    depilogue.o(.text) refers to llshl.o(.text) for __aeabi_llsl
    depilogue.o(.text) refers to llushr.o(.text) for __aeabi_llsr


==============================================================================

Removing Unused input sections from the image.

    Removing main.o(.rev16_text), (4 bytes).
    Removing main.o(.revsh_text), (4 bytes).
    Removing ddr_animations.o(.rev16_text), (4 bytes).
    Removing ddr_animations.o(.revsh_text), (4 bytes).
    Removing ddr_game.o(.rev16_text), (4 bytes).
    Removing ddr_game.o(.revsh_text), (4 bytes).
    Removing menu_nav.o(.rev16_text), (4 bytes).
    Removing menu_nav.o(.revsh_text), (4 bytes).
    Removing uart.o(.rev16_text), (4 bytes).
    Removing uart.o(.revsh_text), (4 bytes).
    Removing gpio_port.o(.rev16_text), (4 bytes).
    Removing gpio_port.o(.revsh_text), (4 bytes).
    Removing timers.o(.rev16_text), (4 bytes).
    Removing timers.o(.revsh_text), (4 bytes).
    Removing serial_debug.o(.rev16_text), (4 bytes).
    Removing serial_debug.o(.revsh_text), (4 bytes).
    Removing launchpad_io.o(.rev16_text), (4 bytes).
    Removing launchpad_io.o(.revsh_text), (4 bytes).
    Removing lcd.o(.rev16_text), (4 bytes).
    Removing lcd.o(.revsh_text), (4 bytes).
    Removing lcd_images.o(.constdata), (4864 bytes).
    Removing ps2.o(.rev16_text), (4 bytes).
    Removing ps2.o(.revsh_text), (4 bytes).
    Removing adc.o(.rev16_text), (4 bytes).
    Removing adc.o(.revsh_text), (4 bytes).
    Removing system_tm4c123.o(.rev16_text), (4 bytes).
    Removing system_tm4c123.o(.revsh_text), (4 bytes).
    Removing dadd.o(.text), (334 bytes).
    Removing dmul.o(.text), (228 bytes).
    Removing ddiv.o(.text), (222 bytes).
    Removing dfixul.o(.text), (48 bytes).
    Removing cdrcmple.o(.text), (40 bytes).
    Removing depilogue.o(.text), (182 bytes).

33 unused section(s) (total 6022 bytes) removed from the image.

==============================================================================

Image Symbol Table

    Local Symbols

    Symbol Name                              Value     Ov Type        Size  Object(Section)

    RESET                                    0x00000000   Section      620  startup_tm4c123.o(RESET)
    ../clib/microlib/division.c              0x00000000   Number         0  uidiv.o ABSOLUTE
    ../clib/microlib/division.c              0x00000000   Number         0  uldiv.o ABSOLUTE
    ../clib/microlib/init/entry.s            0x00000000   Number         0  entry2.o ABSOLUTE
    ../clib/microlib/init/entry.s            0x00000000   Number         0  entry7a.o ABSOLUTE
    ../clib/microlib/init/entry.s            0x00000000   Number         0  entry.o ABSOLUTE
    ../clib/microlib/init/entry.s            0x00000000   Number         0  entry11b.o ABSOLUTE
    ../clib/microlib/init/entry.s            0x00000000   Number         0  entry11a.o ABSOLUTE
    ../clib/microlib/init/entry.s            0x00000000   Number         0  entry10b.o ABSOLUTE
    ../clib/microlib/init/entry.s            0x00000000   Number         0  entry10a.o ABSOLUTE
    ../clib/microlib/init/entry.s            0x00000000   Number         0  entry5.o ABSOLUTE
    ../clib/microlib/init/entry.s            0x00000000   Number         0  entry9b.o ABSOLUTE
    ../clib/microlib/init/entry.s            0x00000000   Number         0  entry9a.o ABSOLUTE
    ../clib/microlib/init/entry.s            0x00000000   Number         0  entry8b.o ABSOLUTE
    ../clib/microlib/init/entry.s            0x00000000   Number         0  entry8a.o ABSOLUTE
    ../clib/microlib/init/entry.s            0x00000000   Number         0  entry7b.o ABSOLUTE
    ../clib/microlib/longlong.c              0x00000000   Number         0  llshl.o ABSOLUTE
    ../clib/microlib/longlong.c              0x00000000   Number         0  llushr.o ABSOLUTE
    ../clib/microlib/longlong.c              0x00000000   Number         0  llsshr.o ABSOLUTE
    ../clib/microlib/malloc/malloc.c         0x00000000   Number         0  mallocra.o ABSOLUTE
    ../clib/microlib/malloc/malloc.c         0x00000000   Number         0  malloc.o ABSOLUTE
    ../clib/microlib/malloc/malloc.c         0x00000000   Number         0  mallocr.o ABSOLUTE
    ../clib/microlib/malloc/malloc.c         0x00000000   Number         0  malloca.o ABSOLUTE
    ../clib/microlib/malloc/mvars.c          0x00000000   Number         0  mvars.o ABSOLUTE
    ../clib/microlib/printf/printf.c         0x00000000   Number         0  printfb.o ABSOLUTE
    ../clib/microlib/printf/printf.c         0x00000000   Number         0  printf0.o ABSOLUTE
    ../clib/microlib/printf/printf.c         0x00000000   Number         0  printf1.o ABSOLUTE
    ../clib/microlib/printf/printf.c         0x00000000   Number         0  printf2.o ABSOLUTE
    ../clib/microlib/printf/printf.c         0x00000000   Number         0  printf3.o ABSOLUTE
    ../clib/microlib/printf/printf.c         0x00000000   Number         0  printf4.o ABSOLUTE
    ../clib/microlib/printf/printf.c         0x00000000   Number         0  printf5.o ABSOLUTE
    ../clib/microlib/printf/printf.c         0x00000000   Number         0  printf6.o ABSOLUTE
    ../clib/microlib/printf/printf.c         0x00000000   Number         0  printf7.o ABSOLUTE
    ../clib/microlib/printf/printf.c         0x00000000   Number         0  printf8.o ABSOLUTE
    ../clib/microlib/printf/printf.c         0x00000000   Number         0  printfa.o ABSOLUTE
    ../clib/microlib/stdio/streams.c         0x00000000   Number         0  stdout.o ABSOLUTE
    ../clib/microlib/string/memcpy.c         0x00000000   Number         0  memcpyb.o ABSOLUTE
    ../clib/microlib/string/memcpy.c         0x00000000   Number         0  memcpya.o ABSOLUTE
    ../clib/microlib/string/strlen.c         0x00000000   Number         0  strlen.o ABSOLUTE
    ../clib/microlib/stubs.s                 0x00000000   Number         0  iusefp.o ABSOLUTE
    ../fplib/microlib/fpadd.c                0x00000000   Number         0  dadd.o ABSOLUTE
    ../fplib/microlib/fpdiv.c                0x00000000   Number         0  ddiv.o ABSOLUTE
    ../fplib/microlib/fpepilogue.c           0x00000000   Number         0  depilogue.o ABSOLUTE
    ../fplib/microlib/fpfix.c                0x00000000   Number         0  dfixul.o ABSOLUTE
    ../fplib/microlib/fpmul.c                0x00000000   Number         0  dmul.o ABSOLUTE
    ..\\drivers\\c\\adc.c                    0x00000000   Number         0  adc.o ABSOLUTE
    ..\\drivers\\c\\gpio_port.c              0x00000000   Number         0  gpio_port.o ABSOLUTE
    ..\\drivers\\c\\timers.c                 0x00000000   Number         0  timers.o ABSOLUTE
    ..\\drivers\\c\\uart.c                   0x00000000   Number         0  uart.o ABSOLUTE
    ..\\peripherals\\c\\launchpad_io.c       0x00000000   Number         0  launchpad_io.o ABSOLUTE
    ..\\peripherals\\c\\lcd.c                0x00000000   Number         0  lcd.o ABSOLUTE
    ..\\peripherals\\c\\ps2.c                0x00000000   Number         0  ps2.o ABSOLUTE
    ..\\peripherals\\c\\serial_debug.c       0x00000000   Number         0  serial_debug.o ABSOLUTE
    ..\drivers\c\adc.c                       0x00000000   Number         0  adc.o ABSOLUTE
    ..\drivers\c\gpio_port.c                 0x00000000   Number         0  gpio_port.o ABSOLUTE
    ..\drivers\c\pc_buffer.c                 0x00000000   Number         0  pc_buffer.o ABSOLUTE
    ..\drivers\c\timers.c                    0x00000000   Number         0  timers.o ABSOLUTE
    ..\drivers\c\uart.c                      0x00000000   Number         0  uart.o ABSOLUTE
    ..\peripherals\c\ddr_images.c            0x00000000   Number         0  ddr_images.o ABSOLUTE
    ..\peripherals\c\launchpad_io.c          0x00000000   Number         0  launchpad_io.o ABSOLUTE
    ..\peripherals\c\lcd.c                   0x00000000   Number         0  lcd.o ABSOLUTE
    ..\peripherals\c\lcd_images.c            0x00000000   Number         0  lcd_images.o ABSOLUTE
    ..\peripherals\c\ps2.c                   0x00000000   Number         0  ps2.o ABSOLUTE
    ..\peripherals\c\serial_debug.c          0x00000000   Number         0  serial_debug.o ABSOLUTE
    RTE\Device\TM4C123GH6PM\startup_TM4C123.s 0x00000000   Number         0  startup_tm4c123.o ABSOLUTE
    RTE\Device\TM4C123GH6PM\system_TM4C123.c 0x00000000   Number         0  system_tm4c123.o ABSOLUTE
    RTE\\Device\\TM4C123GH6PM\\system_TM4C123.c 0x00000000   Number         0  system_tm4c123.o ABSOLUTE
    cdrcmple.s                               0x00000000   Number         0  cdrcmple.o ABSOLUTE
    dc.s                                     0x00000000   Number         0  dc.o ABSOLUTE
    ddr_animations.c                         0x00000000   Number         0  ddr_animations.o ABSOLUTE
    ddr_animations.c                         0x00000000   Number         0  ddr_animations.o ABSOLUTE
    ddr_game.c                               0x00000000   Number         0  ddr_game.o ABSOLUTE
    ddr_game.c                               0x00000000   Number         0  ddr_game.o ABSOLUTE
    handlers.s                               0x00000000   Number         0  handlers.o ABSOLUTE
    init.s                                   0x00000000   Number         0  init.o ABSOLUTE
    main.c                                   0x00000000   Number         0  main.o ABSOLUTE
    main.c                                   0x00000000   Number         0  main.o ABSOLUTE
    menu_nav.c                               0x00000000   Number         0  menu_nav.o ABSOLUTE
    menu_nav.c                               0x00000000   Number         0  menu_nav.o ABSOLUTE
    .ARM.Collect$$$$00000000                 0x0000026c   Section        0  entry.o(.ARM.Collect$$$$00000000)
    .ARM.Collect$$$$00000001                 0x0000026c   Section        4  entry2.o(.ARM.Collect$$$$00000001)
    .ARM.Collect$$$$00000004                 0x00000270   Section        4  entry5.o(.ARM.Collect$$$$00000004)
    .ARM.Collect$$$$00000008                 0x00000274   Section        0  entry7b.o(.ARM.Collect$$$$00000008)
    .ARM.Collect$$$$0000000A                 0x00000274   Section        0  entry8b.o(.ARM.Collect$$$$0000000A)
    .ARM.Collect$$$$0000000B                 0x00000274   Section        8  entry9a.o(.ARM.Collect$$$$0000000B)
    .ARM.Collect$$$$0000000D                 0x0000027c   Section        0  entry10a.o(.ARM.Collect$$$$0000000D)
    .ARM.Collect$$$$0000000F                 0x0000027c   Section        0  entry11a.o(.ARM.Collect$$$$0000000F)
    .ARM.Collect$$$$00002712                 0x0000027c   Section        4  entry2.o(.ARM.Collect$$$$00002712)
    __lit__00000000                          0x0000027c   Data           4  entry2.o(.ARM.Collect$$$$00002712)
    .text                                    0x00000280   Section        0  main.o(.text)
    .text                                    0x00000414   Section        0  ddr_animations.o(.text)
    .text                                    0x00000540   Section        0  ddr_game.o(.text)
    .text                                    0x00000560   Section        0  menu_nav.o(.text)
    .text                                    0x000006e0   Section        0  pc_buffer.o(.text)
    .text                                    0x0000075c   Section        0  uart.o(.text)
    .text                                    0x000009e0   Section        0  gpio_port.o(.text)
    verify_base_addr                         0x000009e1   Thumb Code    64  gpio_port.o(.text)
    .text                                    0x00000c70   Section        0  timers.o(.text)
    verify_base_addr                         0x00000c71   Thumb Code    64  timers.o(.text)
    get_clock_masks                          0x00000cb1   Thumb Code   106  timers.o(.text)
    .text                                    0x00000de4   Section        0  serial_debug.o(.text)
    .text                                    0x00000fe0   Section        0  launchpad_io.o(.text)
    .text                                    0x0000109c   Section        0  lcd.o(.text)
    lcd_write_data_u16                       0x0000109d   Thumb Code    60  lcd.o(.text)
    lcd_write_cmd_u8                         0x000010d9   Thumb Code    34  lcd.o(.text)
    delayms                                  0x0000127d   Thumb Code    26  lcd.o(.text)
    lcd_write_data_u8                        0x00001297   Thumb Code    36  lcd.o(.text)
    .text                                    0x00001644   Section        0  ps2.o(.text)
    initialize_adc_gpio_pins                 0x00001645   Thumb Code    34  ps2.o(.text)
    .text                                    0x000016a0   Section        0  adc.o(.text)
    .text                                    0x00001754   Section      252  startup_tm4c123.o(.text)
    $v0                                      0x00001754   Number         0  startup_tm4c123.o(.text)
    .text                                    0x00001850   Section        0  system_tm4c123.o(.text)
    getOscClk                                0x00001851   Thumb Code   182  system_tm4c123.o(.text)
    .text                                    0x00001aa0   Section        0  strlen.o(.text)
    .text                                    0x00001ab0   Section       36  init.o(.text)
    i.__0printf$bare                         0x00001ad4   Section        0  printfb.o(i.__0printf$bare)
    i.__scatterload_copy                     0x00001ae4   Section       14  handlers.o(i.__scatterload_copy)
    i.__scatterload_null                     0x00001af2   Section        2  handlers.o(i.__scatterload_null)
    i.__scatterload_zeroinit                 0x00001af4   Section       14  handlers.o(i.__scatterload_zeroinit)
    i._printf_core                           0x00001b02   Section        0  printfb.o(i._printf_core)
    _printf_core                             0x00001b03   Thumb Code    34  printfb.o(i._printf_core)
    i.malloc                                 0x00001b24   Section        0  malloc.o(i.malloc)
    .constdata                               0x00001b90   Section    12723  ddr_images.o(.constdata)
    .data                                    0x20000000   Section       51  main.o(.data)
    sw1_count                                0x20000030   Data           2  main.o(.data)
    last_state                               0x20000032   Data           1  main.o(.data)
    .data                                    0x20000033   Section        2  ddr_animations.o(.data)
    .data                                    0x20000035   Section        2  menu_nav.o(.data)
    .data                                    0x20000037   Section        2  serial_debug.o(.data)
    Rx_Interrupts_Enabled                    0x20000037   Data           1  serial_debug.o(.data)
    Tx_Interrupts_Enabled                    0x20000038   Data           1  serial_debug.o(.data)
    .data                                    0x2000003c   Section        4  system_tm4c123.o(.data)
    .data                                    0x20000040   Section        4  stdout.o(.data)
    .data                                    0x20000044   Section        4  mvars.o(.data)
    .data                                    0x20000048   Section        4  mvars.o(.data)
    .bss                                     0x2000004c   Section      100  ddr_animations.o(.bss)
    .bss                                     0x200000b0   Section       28  serial_debug.o(.bss)
    HEAP                                     0x200000d0   Section     8192  startup_tm4c123.o(HEAP)
    STACK                                    0x200020d0   Section    16384  startup_tm4c123.o(STACK)

    Global Symbols

    Symbol Name                              Value     Ov Type        Size  Object(Section)

    BuildAttributes$$THM_ISAv4$E$P$D$K$B$S$7EM$VFPi3$EXTD16$VFPS$VFMA$PE$A:L22UL41UL21$X:L11$S22US41US21$IEEE1$IW$USESV6$~STKCKD$USESV7$~SHL$OSPACE$ROPI$EBA8$MICROLIB$REQ8$PRES8$EABIv2 0x00000000   Number         0  anon$$obj.o ABSOLUTE
    __ARM_use_no_argv                        0x00000000   Number         0  main.o ABSOLUTE
    __Vectors                                0x00000000   Data           4  startup_tm4c123.o(RESET)
    __cpp_initialize__aeabi_                  - Undefined Weak Reference
    __cxa_finalize                            - Undefined Weak Reference
    __decompress                              - Undefined Weak Reference
    _clock_init                               - Undefined Weak Reference
    _microlib_exit                            - Undefined Weak Reference
    __Vectors_End                            0x0000026c   Data           0  startup_tm4c123.o(RESET)
    __Vectors_Size                           0x0000026c   Number         0  startup_tm4c123.o ABSOLUTE
    __main                                   0x0000026d   Thumb Code     0  entry.o(.ARM.Collect$$$$00000000)
    _main_stk                                0x0000026d   Thumb Code     0  entry2.o(.ARM.Collect$$$$00000001)
    _main_scatterload                        0x00000271   Thumb Code     0  entry5.o(.ARM.Collect$$$$00000004)
    __main_after_scatterload                 0x00000275   Thumb Code     0  entry5.o(.ARM.Collect$$$$00000004)
    _main_clock                              0x00000275   Thumb Code     0  entry7b.o(.ARM.Collect$$$$00000008)
    _main_cpp_init                           0x00000275   Thumb Code     0  entry8b.o(.ARM.Collect$$$$0000000A)
    _main_init                               0x00000275   Thumb Code     0  entry9a.o(.ARM.Collect$$$$0000000B)
    __rt_final_cpp                           0x0000027d   Thumb Code     0  entry10a.o(.ARM.Collect$$$$0000000D)
    __rt_final_exit                          0x0000027d   Thumb Code     0  entry11a.o(.ARM.Collect$$$$0000000F)
    DisableInterrupts                        0x00000281   Thumb Code     4  main.o(.text)
    EnableInterrupts                         0x00000285   Thumb Code     4  main.o(.text)
    initialize_hardware                      0x00000289   Thumb Code    48  main.o(.text)
    debounce_sw1                             0x000002b9   Thumb Code    80  main.o(.text)
    detect_button_press_main_menu            0x00000309   Thumb Code    42  main.o(.text)
    main                                     0x00000333   Thumb Code   120  main.o(.text)
    print_arrow                              0x00000415   Thumb Code   104  ddr_animations.o(.text)
    animate_arrows                           0x0000047d   Thumb Code    40  ddr_animations.o(.text)
    add_arrow                                0x000004a5   Thumb Code    52  ddr_animations.o(.text)
    add_two_arrows                           0x000004d9   Thumb Code    80  ddr_animations.o(.text)
    update_ui_init_play                      0x00000541   Thumb Code    22  ddr_game.o(.text)
    update_ui_play                           0x00000557   Thumb Code     8  ddr_game.o(.text)
    update_ui_init_main_menu                 0x00000561   Thumb Code    98  menu_nav.o(.text)
    update_ui_init_new_state                 0x000005c3   Thumb Code    48  menu_nav.o(.text)
    draw_line                                0x000005f3   Thumb Code    36  menu_nav.o(.text)
    clear_line                               0x00000617   Thumb Code    36  menu_nav.o(.text)
    display_selected_menu_item               0x0000063b   Thumb Code    74  menu_nav.o(.text)
    navigate_main_menu                       0x00000685   Thumb Code    38  menu_nav.o(.text)
    pc_buffer_init                           0x000006e1   Thumb Code    26  pc_buffer.o(.text)
    pc_buffer_add                            0x000006fb   Thumb Code    28  pc_buffer.o(.text)
    pc_buffer_remove                         0x00000717   Thumb Code    30  pc_buffer.o(.text)
    pc_buffer_empty                          0x00000735   Thumb Code    18  pc_buffer.o(.text)
    pc_buffer_full                           0x00000747   Thumb Code    22  pc_buffer.o(.text)
    verify_uart_base                         0x0000075d   Thumb Code    54  uart.o(.text)
    uart_get_rcgc_mask                       0x00000793   Thumb Code    68  uart.o(.text)
    uart_get_pr_mask                         0x000007d7   Thumb Code    68  uart.o(.text)
    uart_get_irq_num                         0x0000081b   Thumb Code    68  uart.o(.text)
    uart_tx_poll                             0x0000085f   Thumb Code    38  uart.o(.text)
    uart_tx_poll_string                      0x00000885   Thumb Code    50  uart.o(.text)
    uart_rx_poll                             0x000008b7   Thumb Code    70  uart.o(.text)
    uart_init                                0x000008fd   Thumb Code   210  uart.o(.text)
    gpio_get_irq_num                         0x00000a21   Thumb Code    74  gpio_port.o(.text)
    gpio_enable_port                         0x00000a6b   Thumb Code   156  gpio_port.o(.text)
    gpio_config_digital_enable               0x00000b07   Thumb Code    34  gpio_port.o(.text)
    gpio_config_enable_output                0x00000b29   Thumb Code    34  gpio_port.o(.text)
    gpio_config_enable_input                 0x00000b4b   Thumb Code    34  gpio_port.o(.text)
    gpio_config_enable_pullup                0x00000b6d   Thumb Code    34  gpio_port.o(.text)
    gpio_config_enable_pulldown              0x00000b8f   Thumb Code    34  gpio_port.o(.text)
    gpio_config_analog_enable                0x00000bb1   Thumb Code    34  gpio_port.o(.text)
    gpio_config_alternate_function           0x00000bd3   Thumb Code    34  gpio_port.o(.text)
    gpio_config_port_control                 0x00000bf5   Thumb Code    50  gpio_port.o(.text)
    gpio_config_open_drain                   0x00000c27   Thumb Code    34  gpio_port.o(.text)
    gpio_config_falling_edge_irq             0x00000c49   Thumb Code     6  gpio_port.o(.text)
    gp_timer_wait                            0x00000d1b   Thumb Code    50  timers.o(.text)
    gp_timer_config_32                       0x00000d4d   Thumb Code   136  timers.o(.text)
    init_serial_debug                        0x00000de5   Thumb Code    90  serial_debug.o(.text)
    serial_debug_rx                          0x00000e3f   Thumb Code    46  serial_debug.o(.text)
    serial_debug_tx                          0x00000e6d   Thumb Code    88  serial_debug.o(.text)
    fputc                                    0x00000ec5   Thumb Code    66  serial_debug.o(.text)
    fgetc                                    0x00000f07   Thumb Code    50  serial_debug.o(.text)
    UART0_Handler                            0x00000f39   Thumb Code   144  serial_debug.o(.text)
    lp_io_set_pin                            0x00000fe1   Thumb Code    18  launchpad_io.o(.text)
    lp_io_clear_pin                          0x00000ff3   Thumb Code    18  launchpad_io.o(.text)
    lp_io_read_pin                           0x00001005   Thumb Code    22  launchpad_io.o(.text)
    lp_io_init                               0x0000101b   Thumb Code   104  launchpad_io.o(.text)
    lcd_set_pos                              0x000010fb   Thumb Code    58  lcd.o(.text)
    lcd_draw_image                           0x00001135   Thumb Code   184  lcd.o(.text)
    lcd_print_stringXY                       0x000011ed   Thumb Code   144  lcd.o(.text)
    lcd_clear_screen                         0x000012bb   Thumb Code    52  lcd.o(.text)
    lcd_draw_pixel                           0x000012ef   Thumb Code    58  lcd.o(.text)
    lcd_config_gpio                          0x00001329   Thumb Code   222  lcd.o(.text)
    lcd_config_screen                        0x00001407   Thumb Code   570  lcd.o(.text)
    ps2_initialize                           0x00001667   Thumb Code    14  ps2.o(.text)
    ps2_get_x                                0x00001675   Thumb Code    18  ps2.o(.text)
    ps2_get_y                                0x00001687   Thumb Code    18  ps2.o(.text)
    initialize_adc                           0x000016a1   Thumb Code   104  adc.o(.text)
    get_adc_value                            0x00001709   Thumb Code    58  adc.o(.text)
    Reset_Handler                            0x00001755   Thumb Code     8  startup_tm4c123.o(.text)
    NMI_Handler                              0x0000175d   Thumb Code     2  startup_tm4c123.o(.text)
    HardFault_Handler                        0x0000175f   Thumb Code     2  startup_tm4c123.o(.text)
    MemManage_Handler                        0x00001761   Thumb Code     2  startup_tm4c123.o(.text)
    BusFault_Handler                         0x00001763   Thumb Code     2  startup_tm4c123.o(.text)
    UsageFault_Handler                       0x00001765   Thumb Code     2  startup_tm4c123.o(.text)
    SVC_Handler                              0x00001767   Thumb Code     2  startup_tm4c123.o(.text)
    DebugMon_Handler                         0x00001769   Thumb Code     2  startup_tm4c123.o(.text)
    PendSV_Handler                           0x0000176b   Thumb Code     2  startup_tm4c123.o(.text)
    SysTick_Handler                          0x0000176d   Thumb Code     2  startup_tm4c123.o(.text)
    GPIOA_Handler                            0x0000176f   Thumb Code     2  startup_tm4c123.o(.text)
    GPIOB_Handler                            0x00001771   Thumb Code     2  startup_tm4c123.o(.text)
    GPIOC_Handler                            0x00001773   Thumb Code     2  startup_tm4c123.o(.text)
    GPIOD_Handler                            0x00001775   Thumb Code     2  startup_tm4c123.o(.text)
    GPIOE_Handler                            0x00001777   Thumb Code     2  startup_tm4c123.o(.text)
    UART1_Handler                            0x0000177b   Thumb Code     2  startup_tm4c123.o(.text)
    SSI0_Handler                             0x0000177d   Thumb Code     2  startup_tm4c123.o(.text)
    I2C0_Handler                             0x0000177f   Thumb Code     2  startup_tm4c123.o(.text)
    PMW0_FAULT_Handler                       0x00001781   Thumb Code     2  startup_tm4c123.o(.text)
    PWM0_0_Handler                           0x00001783   Thumb Code     2  startup_tm4c123.o(.text)
    PWM0_1_Handler                           0x00001785   Thumb Code     2  startup_tm4c123.o(.text)
    PWM0_2_Handler                           0x00001787   Thumb Code     2  startup_tm4c123.o(.text)
    QEI0_Handler                             0x00001789   Thumb Code     2  startup_tm4c123.o(.text)
    ADC0SS0_Handler                          0x0000178b   Thumb Code     2  startup_tm4c123.o(.text)
    ADC0SS1_Handler                          0x0000178d   Thumb Code     2  startup_tm4c123.o(.text)
    ADC0SS2_Handler                          0x0000178f   Thumb Code     2  startup_tm4c123.o(.text)
    ADC0SS3_Handler                          0x00001791   Thumb Code     2  startup_tm4c123.o(.text)
    WDT0_Handler                             0x00001793   Thumb Code     2  startup_tm4c123.o(.text)
    TIMER0A_Handler                          0x00001795   Thumb Code     2  startup_tm4c123.o(.text)
    TIMER0B_Handler                          0x00001797   Thumb Code     2  startup_tm4c123.o(.text)
    TIMER1A_Handler                          0x00001799   Thumb Code     2  startup_tm4c123.o(.text)
    TIMER1B_Handler                          0x0000179b   Thumb Code     2  startup_tm4c123.o(.text)
    TIMER2A_Handler                          0x0000179d   Thumb Code     2  startup_tm4c123.o(.text)
    TIMER2B_Handler                          0x0000179f   Thumb Code     2  startup_tm4c123.o(.text)
    COMP0_Handler                            0x000017a1   Thumb Code     2  startup_tm4c123.o(.text)
    COMP1_Handler                            0x000017a3   Thumb Code     2  startup_tm4c123.o(.text)
    COMP2_Handler                            0x000017a5   Thumb Code     2  startup_tm4c123.o(.text)
    SYSCTL_Handler                           0x000017a7   Thumb Code     2  startup_tm4c123.o(.text)
    FLASH_Handler                            0x000017a9   Thumb Code     2  startup_tm4c123.o(.text)
    GPIOF_Handler                            0x000017ab   Thumb Code     2  startup_tm4c123.o(.text)
    GPIOG_Handler                            0x000017ad   Thumb Code     2  startup_tm4c123.o(.text)
    GPIOH_Handler                            0x000017af   Thumb Code     2  startup_tm4c123.o(.text)
    UART2_Handler                            0x000017b1   Thumb Code     2  startup_tm4c123.o(.text)
    SSI1_Handler                             0x000017b3   Thumb Code     2  startup_tm4c123.o(.text)
    TIMER3A_Handler                          0x000017b5   Thumb Code     2  startup_tm4c123.o(.text)
    TIMER3B_Handler                          0x000017b7   Thumb Code     2  startup_tm4c123.o(.text)
    I2C1_Handler                             0x000017b9   Thumb Code     2  startup_tm4c123.o(.text)
    QEI1_Handler                             0x000017bb   Thumb Code     2  startup_tm4c123.o(.text)
    CAN0_Handler                             0x000017bd   Thumb Code     2  startup_tm4c123.o(.text)
    CAN1_Handler                             0x000017bf   Thumb Code     2  startup_tm4c123.o(.text)
    CAN2_Handler                             0x000017c1   Thumb Code     2  startup_tm4c123.o(.text)
    HIB_Handler                              0x000017c3   Thumb Code     2  startup_tm4c123.o(.text)
    USB0_Handler                             0x000017c5   Thumb Code     2  startup_tm4c123.o(.text)
    PWM0_3_Handler                           0x000017c7   Thumb Code     2  startup_tm4c123.o(.text)
    UDMA_Handler                             0x000017c9   Thumb Code     2  startup_tm4c123.o(.text)
    UDMAERR_Handler                          0x000017cb   Thumb Code     2  startup_tm4c123.o(.text)
    ADC1SS0_Handler                          0x000017cd   Thumb Code     2  startup_tm4c123.o(.text)
    ADC1SS1_Handler                          0x000017cf   Thumb Code     2  startup_tm4c123.o(.text)
    ADC1SS2_Handler                          0x000017d1   Thumb Code     2  startup_tm4c123.o(.text)
    ADC1SS3_Handler                          0x000017d3   Thumb Code     2  startup_tm4c123.o(.text)
    GPIOJ_Handler                            0x000017d5   Thumb Code     2  startup_tm4c123.o(.text)
    GPIOK_Handler                            0x000017d7   Thumb Code     2  startup_tm4c123.o(.text)
    GPIOL_Handler                            0x000017d9   Thumb Code     2  startup_tm4c123.o(.text)
    SSI2_Handler                             0x000017db   Thumb Code     2  startup_tm4c123.o(.text)
    SSI3_Handler                             0x000017dd   Thumb Code     2  startup_tm4c123.o(.text)
    UART3_Handler                            0x000017df   Thumb Code     2  startup_tm4c123.o(.text)
    UART4_Handler                            0x000017e1   Thumb Code     2  startup_tm4c123.o(.text)
    UART5_Handler                            0x000017e3   Thumb Code     2  startup_tm4c123.o(.text)
    UART6_Handler                            0x000017e5   Thumb Code     2  startup_tm4c123.o(.text)
    UART7_Handler                            0x000017e7   Thumb Code     2  startup_tm4c123.o(.text)
    I2C2_Handler                             0x000017e9   Thumb Code     2  startup_tm4c123.o(.text)
    I2C3_Handler                             0x000017eb   Thumb Code     2  startup_tm4c123.o(.text)
    TIMER4A_Handler                          0x000017ed   Thumb Code     2  startup_tm4c123.o(.text)
    TIMER4B_Handler                          0x000017ef   Thumb Code     2  startup_tm4c123.o(.text)
    TIMER5A_Handler                          0x000017f1   Thumb Code     2  startup_tm4c123.o(.text)
    TIMER5B_Handler                          0x000017f3   Thumb Code     2  startup_tm4c123.o(.text)
    WTIMER0A_Handler                         0x000017f5   Thumb Code     2  startup_tm4c123.o(.text)
    WTIMER0B_Handler                         0x000017f7   Thumb Code     2  startup_tm4c123.o(.text)
    WTIMER1A_Handler                         0x000017f9   Thumb Code     2  startup_tm4c123.o(.text)
    WTIMER1B_Handler                         0x000017fb   Thumb Code     2  startup_tm4c123.o(.text)
    WTIMER2A_Handler                         0x000017fd   Thumb Code     2  startup_tm4c123.o(.text)
    WTIMER2B_Handler                         0x000017ff   Thumb Code     2  startup_tm4c123.o(.text)
    WTIMER3A_Handler                         0x00001801   Thumb Code     2  startup_tm4c123.o(.text)
    WTIMER3B_Handler                         0x00001803   Thumb Code     2  startup_tm4c123.o(.text)
    WTIMER4A_Handler                         0x00001805   Thumb Code     2  startup_tm4c123.o(.text)
    WTIMER4B_Handler                         0x00001807   Thumb Code     2  startup_tm4c123.o(.text)
    WTIMER5A_Handler                         0x00001809   Thumb Code     2  startup_tm4c123.o(.text)
    WTIMER5B_Handler                         0x0000180b   Thumb Code     2  startup_tm4c123.o(.text)
    FPU_Handler                              0x0000180d   Thumb Code     2  startup_tm4c123.o(.text)
    I2C4_Handler                             0x0000180f   Thumb Code     2  startup_tm4c123.o(.text)
    I2C5_Handler                             0x00001811   Thumb Code     2  startup_tm4c123.o(.text)
    GPIOM_Handler                            0x00001813   Thumb Code     2  startup_tm4c123.o(.text)
    GPION_Handler                            0x00001815   Thumb Code     2  startup_tm4c123.o(.text)
    QEI2_Handler                             0x00001817   Thumb Code     2  startup_tm4c123.o(.text)
    GPIOP0_Handler                           0x00001819   Thumb Code     2  startup_tm4c123.o(.text)
    GPIOP1_Handler                           0x0000181b   Thumb Code     2  startup_tm4c123.o(.text)
    GPIOP2_Handler                           0x0000181d   Thumb Code     2  startup_tm4c123.o(.text)
    GPIOP3_Handler                           0x0000181f   Thumb Code     2  startup_tm4c123.o(.text)
    GPIOP4_Handler                           0x00001821   Thumb Code     2  startup_tm4c123.o(.text)
    GPIOP5_Handler                           0x00001823   Thumb Code     2  startup_tm4c123.o(.text)
    GPIOP6_Handler                           0x00001825   Thumb Code     2  startup_tm4c123.o(.text)
    GPIOP7_Handler                           0x00001827   Thumb Code     2  startup_tm4c123.o(.text)
    GPIOQ0_Handler                           0x00001829   Thumb Code     2  startup_tm4c123.o(.text)
    GPIOQ1_Handler                           0x0000182b   Thumb Code     2  startup_tm4c123.o(.text)
    GPIOQ2_Handler                           0x0000182d   Thumb Code     2  startup_tm4c123.o(.text)
    GPIOQ3_Handler                           0x0000182f   Thumb Code     2  startup_tm4c123.o(.text)
    GPIOQ4_Handler                           0x00001831   Thumb Code     2  startup_tm4c123.o(.text)
    GPIOQ5_Handler                           0x00001833   Thumb Code     2  startup_tm4c123.o(.text)
    GPIOQ6_Handler                           0x00001835   Thumb Code     2  startup_tm4c123.o(.text)
    GPIOQ7_Handler                           0x00001837   Thumb Code     2  startup_tm4c123.o(.text)
    GPIOR_Handler                            0x00001839   Thumb Code     2  startup_tm4c123.o(.text)
    GPIOS_Handler                            0x0000183b   Thumb Code     2  startup_tm4c123.o(.text)
    PMW1_0_Handler                           0x0000183d   Thumb Code     2  startup_tm4c123.o(.text)
    PWM1_1_Handler                           0x0000183f   Thumb Code     2  startup_tm4c123.o(.text)
    PWM1_2_Handler                           0x00001841   Thumb Code     2  startup_tm4c123.o(.text)
    PWM1_3_Handler                           0x00001843   Thumb Code     2  startup_tm4c123.o(.text)
    PWM1_FAULT_Handler                       0x00001845   Thumb Code     2  startup_tm4c123.o(.text)
    SystemCoreClockUpdate                    0x00001907   Thumb Code   184  system_tm4c123.o(.text)
    SystemInit                               0x000019bf   Thumb Code   112  system_tm4c123.o(.text)
    strlen                                   0x00001aa1   Thumb Code    14  strlen.o(.text)
    __scatterload                            0x00001ab1   Thumb Code    28  init.o(.text)
    __scatterload_rt2                        0x00001ab1   Thumb Code     0  init.o(.text)
    __0printf$bare                           0x00001ad5   Thumb Code     8  printfb.o(i.__0printf$bare)
    __1printf$bare                           0x00001ad5   Thumb Code     0  printfb.o(i.__0printf$bare)
    __2printf                                0x00001ad5   Thumb Code     0  printfb.o(i.__0printf$bare)
    __scatterload_copy                       0x00001ae5   Thumb Code    14  handlers.o(i.__scatterload_copy)
    __scatterload_null                       0x00001af3   Thumb Code     2  handlers.o(i.__scatterload_null)
    __scatterload_zeroinit                   0x00001af5   Thumb Code    14  handlers.o(i.__scatterload_zeroinit)
    malloc                                   0x00001b25   Thumb Code    92  malloc.o(i.malloc)
    right_arrowBitmaps                       0x00001b90   Data         195  ddr_images.o(.constdata)
    down_arrowBitmaps                        0x00001c53   Data         195  ddr_images.o(.constdata)
    up_arrowBitmaps                          0x00001d16   Data         195  ddr_images.o(.constdata)
    left_arrowBitmaps                        0x00001dd9   Data         195  ddr_images.o(.constdata)
    rxModeBitmaps                            0x00001e9c   Data         570  ddr_images.o(.constdata)
    rxModeWidthPixels                        0x000020d6   Data           1  ddr_images.o(.constdata)
    rxModeHeightPixels                       0x000020d7   Data           1  ddr_images.o(.constdata)
    txModeBitmaps                            0x000020d8   Data         570  ddr_images.o(.constdata)
    txModeWidthPixels                        0x00002312   Data           1  ddr_images.o(.constdata)
    txModeHeightPixels                       0x00002313   Data           1  ddr_images.o(.constdata)
    config2Bitmaps                           0x00002314   Data         418  ddr_images.o(.constdata)
    config2WidthPixels                       0x000024b6   Data           1  ddr_images.o(.constdata)
    config2HeightPixels                      0x000024b7   Data           1  ddr_images.o(.constdata)
    bucky2Bitmaps                            0x000024b8   Data        3645  ddr_images.o(.constdata)
    bucky2WidthPixels                        0x000032f5   Data           1  ddr_images.o(.constdata)
    bucky2HeightPixels                       0x000032f6   Data           1  ddr_images.o(.constdata)
    ddrbwBitmaps                             0x000032f7   Data        2170  ddr_images.o(.constdata)
    ddrbwWidthPixels                         0x00003b71   Data           1  ddr_images.o(.constdata)
    ddrbwHeightPixels                        0x00003b72   Data           1  ddr_images.o(.constdata)
    sitkaSmall_12ptBitmaps                   0x00003b73   Data        4560  ddr_images.o(.constdata)
    Region$$Table$$Base                      0x00004d44   Number         0  anon$$obj.o(Region$$Table)
    Region$$Table$$Limit                     0x00004d64   Number         0  anon$$obj.o(Region$$Table)
    group                                    0x20000000   Data           8  main.o(.data)
    individual_1                             0x20000008   Data          16  main.o(.data)
    individual_2                             0x20000018   Data          12  main.o(.data)
    individual_3                             0x20000024   Data          12  main.o(.data)
    num_arrows_on_screen                     0x20000033   Data           1  ddr_animations.o(.data)
    playSelected                             0x20000034   Data           1  ddr_animations.o(.data)
    game_state                               0x20000035   Data           1  menu_nav.o(.data)
    selected_item                            0x20000036   Data           1  menu_nav.o(.data)
    SystemCoreClock                          0x2000003c   Data           4  system_tm4c123.o(.data)
    __stdout                                 0x20000040   Data           4  stdout.o(.data)
    __microlib_freelist                      0x20000044   Data           4  mvars.o(.data)
    __microlib_freelist_initialised          0x20000048   Data           4  mvars.o(.data)
    arrows_on_screen                         0x2000004c   Data         100  ddr_animations.o(.bss)
    UART0_Tx_Buffer                          0x200000b0   Data          14  serial_debug.o(.bss)
    UART0_Rx_Buffer                          0x200000be   Data          14  serial_debug.o(.bss)
    __heap_base                              0x200000d0   Data           0  startup_tm4c123.o(HEAP)
    __heap_limit                             0x200020d0   Data           0  startup_tm4c123.o(HEAP)
    __initial_sp                             0x200060d0   Data           0  startup_tm4c123.o(STACK)



==============================================================================

Memory Map of the image

  Image Entry point : 0x00001755

  Load Region LR_1 (Base: 0x00000000, Size: 0x00004db0, Max: 0xffffffff, ABSOLUTE)

    Execution Region ER_RO (Base: 0x00000000, Size: 0x00004d64, Max: 0xffffffff, ABSOLUTE)

    Base Addr    Size         Type   Attr      Idx    E Section Name        Object

    0x00000000   0x0000026c   Data   RO          423    RESET               startup_tm4c123.o
    0x0000026c   0x00000000   Code   RO          454  * .ARM.Collect$$$$00000000  mc_w.l(entry.o)
    0x0000026c   0x00000004   Code   RO          748    .ARM.Collect$$$$00000001  mc_w.l(entry2.o)
    0x00000270   0x00000004   Code   RO          751    .ARM.Collect$$$$00000004  mc_w.l(entry5.o)
    0x00000274   0x00000000   Code   RO          753    .ARM.Collect$$$$00000008  mc_w.l(entry7b.o)
    0x00000274   0x00000000   Code   RO          755    .ARM.Collect$$$$0000000A  mc_w.l(entry8b.o)
    0x00000274   0x00000008   Code   RO          756    .ARM.Collect$$$$0000000B  mc_w.l(entry9a.o)
    0x0000027c   0x00000000   Code   RO          758    .ARM.Collect$$$$0000000D  mc_w.l(entry10a.o)
    0x0000027c   0x00000000   Code   RO          760    .ARM.Collect$$$$0000000F  mc_w.l(entry11a.o)
    0x0000027c   0x00000004   Code   RO          749    .ARM.Collect$$$$00002712  mc_w.l(entry2.o)
    0x00000280   0x00000194   Code   RO            3    .text               main.o
    0x00000414   0x0000012c   Code   RO          119    .text               ddr_animations.o
    0x00000540   0x0000001e   Code   RO          143    .text               ddr_game.o
    0x0000055e   0x00000002   PAD
    0x00000560   0x00000180   Code   RO          175    .text               menu_nav.o
    0x000006e0   0x0000007c   Code   RO          210    .text               pc_buffer.o
    0x0000075c   0x00000284   Code   RO          227    .text               uart.o
    0x000009e0   0x00000290   Code   RO          255    .text               gpio_port.o
    0x00000c70   0x00000174   Code   RO          275    .text               timers.o
    0x00000de4   0x000001fc   Code   RO          295    .text               serial_debug.o
    0x00000fe0   0x000000bc   Code   RO          327    .text               launchpad_io.o
    0x0000109c   0x000005a8   Code   RO          347    .text               lcd.o
    0x00001644   0x0000005c   Code   RO          383    .text               ps2.o
    0x000016a0   0x000000b4   Code   RO          403    .text               adc.o
    0x00001754   0x000000fc   Code   RO          424  * .text               startup_tm4c123.o
    0x00001850   0x00000250   Code   RO          430    .text               system_tm4c123.o
    0x00001aa0   0x0000000e   Code   RO          458    .text               mc_w.l(strlen.o)
    0x00001aae   0x00000002   PAD
    0x00001ab0   0x00000024   Code   RO          783    .text               mc_w.l(init.o)
    0x00001ad4   0x00000010   Code   RO          461    i.__0printf$bare    mc_w.l(printfb.o)
    0x00001ae4   0x0000000e   Code   RO          795    i.__scatterload_copy  mc_w.l(handlers.o)
    0x00001af2   0x00000002   Code   RO          796    i.__scatterload_null  mc_w.l(handlers.o)
    0x00001af4   0x0000000e   Code   RO          797    i.__scatterload_zeroinit  mc_w.l(handlers.o)
    0x00001b02   0x00000022   Code   RO          468    i._printf_core      mc_w.l(printfb.o)
    0x00001b24   0x0000006c   Code   RO          721    i.malloc            mc_w.l(malloc.o)
    0x00001b90   0x000031b3   Data   RO          161    .constdata          ddr_images.o
    0x00004d43   0x00000001   PAD
    0x00004d44   0x00000020   Data   RO          793    Region$$Table       anon$$obj.o


    Execution Region ER_RW (Base: 0x20000000, Size: 0x0000004c, Max: 0xffffffff, ABSOLUTE)

    Base Addr    Size         Type   Attr      Idx    E Section Name        Object

    0x20000000   0x00000033   Data   RW            4    .data               main.o
    0x20000033   0x00000002   Data   RW          121    .data               ddr_animations.o
    0x20000035   0x00000002   Data   RW          176    .data               menu_nav.o
    0x20000037   0x00000002   Data   RW          297    .data               serial_debug.o
    0x20000039   0x00000003   PAD
    0x2000003c   0x00000004   Data   RW          431    .data               system_tm4c123.o
    0x20000040   0x00000004   Data   RW          457    .data               mc_w.l(stdout.o)
    0x20000044   0x00000004   Data   RW          770    .data               mc_w.l(mvars.o)
    0x20000048   0x00000004   Data   RW          771    .data               mc_w.l(mvars.o)


    Execution Region ER_ZI (Base: 0x2000004c, Size: 0x00006084, Max: 0xffffffff, ABSOLUTE)

    Base Addr    Size         Type   Attr      Idx    E Section Name        Object

    0x2000004c   0x00000064   Zero   RW          120    .bss                ddr_animations.o
    0x200000b0   0x0000001c   Zero   RW          296    .bss                serial_debug.o
    0x200000cc   0x00000004   PAD
    0x200000d0   0x00002000   Zero   RW          422    HEAP                startup_tm4c123.o
    0x200020d0   0x00004000   Zero   RW          421    STACK               startup_tm4c123.o


==============================================================================

Image component sizes


      Code (inc. data)   RO Data    RW Data    ZI Data      Debug   Object Name

       180         18          0          0          0       1463   adc.o
       300         24          0          2        100       2131   ddr_animations.o
        30          0          0          0          0        625   ddr_game.o
         0          0      12723          0          0       1663   ddr_images.o
       656         34          0          0          0       4790   gpio_port.o
       188         26          0          0          0       1822   launchpad_io.o
      1448         28          0          0          0       4454   lcd.o
       404        106          0         51          0      31859   main.o
       384         54          0          2          0       1950   menu_nav.o
       124          0          0          0          0       1915   pc_buffer.o
        92          8          0          0          0        949   ps2.o
       508         24          0          2         28       5789   serial_debug.o
       252         10        620          0      24576       5452   startup_tm4c123.o
       592        138          0          4          0       1565   system_tm4c123.o
       372         16          0          0          0       2027   timers.o
       644         50          0          0          0      29855   uart.o

    ----------------------------------------------------------------------
      6176        536      13376         64      24708      98309   Object Totals
         0          0         32          0          0          0   (incl. Generated)
         2          0          1          3          4          0   (incl. Padding)

    ----------------------------------------------------------------------

      Code (inc. data)   RO Data    RW Data    ZI Data      Debug   Library Member Name

         0          0          0          0          0          0   entry.o
         0          0          0          0          0          0   entry10a.o
         0          0          0          0          0          0   entry11a.o
         8          4          0          0          0          0   entry2.o
         4          0          0          0          0          0   entry5.o
         0          0          0          0          0          0   entry7b.o
         0          0          0          0          0          0   entry8b.o
         8          4          0          0          0          0   entry9a.o
        30          0          0          0          0          0   handlers.o
        36          8          0          0          0         68   init.o
       108         16          0          0          0         84   malloc.o
         0          0          0          8          0          0   mvars.o
        50          8          0          0          0        152   printfb.o
         0          0          0          4          0          0   stdout.o
        14          0          0          0          0         68   strlen.o

    ----------------------------------------------------------------------
       260         40          0         12          0        372   Library Totals
         2          0          0          0          0          0   (incl. Padding)

    ----------------------------------------------------------------------

      Code (inc. data)   RO Data    RW Data    ZI Data      Debug   Library Name

       258         40          0         12          0        372   mc_w.l

    ----------------------------------------------------------------------
       260         40          0         12          0        372   Library Totals

    ----------------------------------------------------------------------

==============================================================================


      Code (inc. data)   RO Data    RW Data    ZI Data      Debug   

      6436        576      13376         76      24708      97133   Grand Totals
      6436        576      13376         76      24708      97133   ELF Image Totals
      6436        576      13376         76          0          0   ROM Totals

==============================================================================

    Total RO  Size (Code + RO Data)                19812 (  19.35kB)
    Total RW  Size (RW Data + ZI Data)             24784 (  24.20kB)
    Total ROM Size (Code + RO Data + RW Data)      19888 (  19.42kB)

==============================================================================

