Product: MDK-ARM Lite 5.10
Component: ARM Compiler 5.04 update 1 (build 49)
Tool: armlink [5040049]

==============================================================================

Section Cross References

    main.o(.text) refers to serial_debug.o(.text) for init_serial_debug
    main.o(.text) refers to launchpad_io.o(.text) for lp_io_init
    main.o(.text) refers to lcd.o(.text) for lcd_config_gpio
    main.o(.text) refers to ps2.o(.text) for ps2_initialize_hw3
    main.o(.text) refers to timers.o(.text) for timer_config_hw3
    main.o(.text) refers to ft6x06.o(.text) for ft6x06_init
    main.o(.text) refers to eeprom.o(.text) for eeprom_init
    main.o(.text) refers to arrow_queue.o(.text) for init_arrow_queue
    main.o(.text) refers to printf5.o(i.__0printf$5) for __2printf
    main.o(.text) refers to menu_nav.o(.text) for update_ui_init_main_menu
    main.o(.text) refers to mcp23017.o(.text) for ioexpander_init
    main.o(.text) refers to ddr_animations.o(.text) for update_ui_play
    main.o(.text) refers to menu_nav.o(.data) for selected_item
    main.o(.text) refers to main.o(.data) for last_state
    main.o(.text) refers to timers.o(.data) for Alert_Timer0B
    main.o(.text) refers to adc.o(.data) for Alert_ADC0_Conversion
    main.o(.text) refers to launchpad_io.o(.data) for Alert_PortF
    ddr_animations.o(.text) refers to arrow_printing.o(.text) for print_top_arrow
    ddr_animations.o(.text) refers to timers.o(.text) for get_timer0A_current_value
    ddr_animations.o(.text) refers to lcd.o(.text) for lcd_clear_screen
    ddr_animations.o(.text) refers to rand.o(.text) for srand
    ddr_animations.o(.text) refers to printf5.o(i.__0printf$5) for __2printf
    ddr_animations.o(.text) refers to arrow_queue.o(.text) for dequeue
    ddr_animations.o(.text) refers to ddr_game.o(.text) for change_LED_expander_state
    ddr_animations.o(.text) refers to io_expander_led.o(.text) for io_expander_blink_state
    ddr_animations.o(.text) refers to ddr_game.o(.data) for score
    ddr_animations.o(.text) refers to arrow_queue.o(.data) for queue
    ddr_animations.o(.text) refers to ddr_animations.o(.data) for button_val
    ddr_animations.o(.text) refers to timers.o(.data) for Alert_Timer0A
    ddr_animations.o(.text) refers to io_expander_led.o(.data) for blink_rate
    ddr_game.o(.text) refers to rand.o(.text) for rand
    ddr_game.o(.text) refers to arrow.o(.text) for convert_int_to_arrow
    ddr_game.o(.text) refers to arrow_queue.o(.text) for add_arrow
    ddr_game.o(.text) refers to printf5.o(i.__0printf$5) for __2printf
    ddr_game.o(.text) refers to io_expander_led.o(.text) for io_expander_blink_state
    ddr_game.o(.text) refers to ddr_game.o(.data) for random_ticks
    ddr_game.o(.text) refers to io_expander_led.o(.data) for led_blink_ticks
    menu_nav.o(.text) refers to lcd.o(.text) for lcd_clear_screen
    menu_nav.o(.text) refers to ddr_animations.o(.text) for update_ui_init_play
    menu_nav.o(.text) refers to ddr_images.o(.constdata) for ddrlogoBitmaps
    menu_nav.o(.text) refers to menu_nav.o(.data) for selected_item
    arrow_printing.o(.text) refers to lcd.o(.text) for lcd_draw_image
    arrow_printing.o(.text) refers to printf5.o(i.__0sprintf$5) for __2sprintf
    arrow_printing.o(.text) refers to ddr_images.o(.constdata) for up_arrowBitmaps
    arrow_printing.o(.text) refers to ddr_game.o(.data) for score
    arrow_printing.o(.text) refers to timers.o(.data) for Alert_Timer0B
    arrow_printing.o(.text) refers to arrow_printing.o(.data) for ticks
    io_expander_led.o(.text) refers to mcp23017.o(.text) for control_leds
    io_expander_led.o(.text) refers to i2c.o(.text) for i2cStop
    io_expander_led.o(.text) refers to io_expander_led.o(.data) for active_led_num
    arrow_queue.o(.text) refers to malloc.o(i.malloc) for malloc
    arrow_queue.o(.text) refers to arrow_queue.o(.data) for queue
    pc_buffer.o(.text) refers to malloc.o(i.malloc) for malloc
    timers.o(.text) refers to timers.o(.data) for Alert_Timer0A
    serial_debug.o(.text) refers to gpio_port.o(.text) for gpio_enable_port
    serial_debug.o(.text) refers to pc_buffer.o(.text) for pc_buffer_init
    serial_debug.o(.text) refers to uart.o(.text) for uart_init
    serial_debug.o(.text) refers to main.o(.text) for DisableInterrupts
    serial_debug.o(.text) refers to serial_debug.o(.data) for Rx_Interrupts_Enabled
    serial_debug.o(.text) refers to serial_debug.o(.bss) for UART0_Tx_Buffer
    serial_debug.o(.text) refers to stdout.o(.data) for __stdout
    launchpad_io.o(.text) refers to launchpad_io.o(.data) for Alert_PortF
    lcd.o(.text) refers to strlen.o(.text) for strlen
    lcd.o(.text) refers to gpio_port.o(.text) for gpio_enable_port
    lcd.o(.text) refers to ddr_images.o(.constdata) for sitkaSmall_12ptBitmaps
    ps2.o(.text) refers to gpio_port.o(.text) for gpio_enable_port
    ps2.o(.text) refers to adc.o(.text) for initialize_adc
    adc.o(.text) refers to adc.o(.data) for Alert_ADC0_Conversion
[...]
    entry.o(.ARM.Collect$$$$00000000) refers (Special) to entry7b.o(.ARM.Collect$$$$00000008) for _main_clock
    entry.o(.ARM.Collect$$$$00000000) refers (Special) to entry8b.o(.ARM.Collect$$$$0000000A) for _main_cpp_init
    entry.o(.ARM.Collect$$$$00000000) refers (Special) to entry9a.o(.ARM.Collect$$$$0000000B) for _main_init
    entry.o(.ARM.Collect$$$$00000000) refers (Special) to entry5.o(.ARM.Collect$$$$00000004) for _main_scatterload
    entry.o(.ARM.Collect$$$$00000000) refers (Special) to entry2.o(.ARM.Collect$$$$00000001) for _main_stk
    rand.o(.text) refers to rand.o(.data) for .data
    printfb.o(i.__0fprintf$bare) refers to printfb.o(i._printf_core) for _printf_core
    printfb.o(i.__0fprintf$bare) refers to serial_debug.o(.text) for fputc
    printfb.o(i.__0printf$bare) refers to printfb.o(i._printf_core) for _printf_core
    printfb.o(i.__0printf$bare) refers to serial_debug.o(.text) for fputc
    printfb.o(i.__0printf$bare) refers to stdout.o(.data) for __stdout
    printfb.o(i.__0snprintf$bare) refers to printfb.o(i._printf_core) for _printf_core
    printfb.o(i.__0snprintf$bare) refers to printfb.o(i._snputc) for _snputc
    printfb.o(i.__0sprintf$bare) refers to printfb.o(i._printf_core) for _printf_core
    printfb.o(i.__0sprintf$bare) refers to printfb.o(i._sputc) for _sputc
    printfb.o(i.__0vfprintf$bare) refers to printfb.o(i._printf_core) for _printf_core
    printfb.o(i.__0vfprintf$bare) refers to serial_debug.o(.text) for fputc
    printfb.o(i.__0vprintf$bare) refers to printfb.o(i._printf_core) for _printf_core
    printfb.o(i.__0vprintf$bare) refers to serial_debug.o(.text) for fputc
    printfb.o(i.__0vprintf$bare) refers to stdout.o(.data) for __stdout
    printfb.o(i.__0vsnprintf$bare) refers to printfb.o(i._printf_core) for _printf_core
    printfb.o(i.__0vsnprintf$bare) refers to printfb.o(i._snputc) for _snputc
    printfb.o(i.__0vsprintf$bare) refers to printfb.o(i._printf_core) for _printf_core
    printfb.o(i.__0vsprintf$bare) refers to printfb.o(i._sputc) for _sputc
    printf0.o(i.__0fprintf$0) refers to printf0.o(i._printf_core) for _printf_core
    printf0.o(i.__0fprintf$0) refers to serial_debug.o(.text) for fputc
    printf0.o(i.__0printf$0) refers to printf0.o(i._printf_core) for _printf_core
    printf0.o(i.__0printf$0) refers to serial_debug.o(.text) for fputc
    printf0.o(i.__0printf$0) refers to stdout.o(.data) for __stdout
    printf0.o(i.__0snprintf$0) refers to printf0.o(i._printf_core) for _printf_core
    printf0.o(i.__0snprintf$0) refers to printf0.o(i._snputc) for _snputc
    printf0.o(i.__0sprintf$0) refers to printf0.o(i._printf_core) for _printf_core
    printf0.o(i.__0sprintf$0) refers to printf0.o(i._sputc) for _sputc
    printf0.o(i.__0vfprintf$0) refers to printf0.o(i._printf_core) for _printf_core
    printf0.o(i.__0vfprintf$0) refers to serial_debug.o(.text) for fputc
    printf0.o(i.__0vprintf$0) refers to printf0.o(i._printf_core) for _printf_core
    printf0.o(i.__0vprintf$0) refers to serial_debug.o(.text) for fputc
    printf0.o(i.__0vprintf$0) refers to stdout.o(.data) for __stdout
    printf0.o(i.__0vsnprintf$0) refers to printf0.o(i._printf_core) for _printf_core
    printf0.o(i.__0vsnprintf$0) refers to printf0.o(i._snputc) for _snputc
    printf0.o(i.__0vsprintf$0) refers to printf0.o(i._printf_core) for _printf_core
    printf0.o(i.__0vsprintf$0) refers to printf0.o(i._sputc) for _sputc
    printf1.o(i.__0fprintf$1) refers to printf1.o(i._printf_core) for _printf_core
    printf1.o(i.__0fprintf$1) refers to serial_debug.o(.text) for fputc
    printf1.o(i.__0printf$1) refers to printf1.o(i._printf_core) for _printf_core
    printf1.o(i.__0printf$1) refers to serial_debug.o(.text) for fputc
    printf1.o(i.__0printf$1) refers to stdout.o(.data) for __stdout
    printf1.o(i.__0snprintf$1) refers to printf1.o(i._printf_core) for _printf_core
    printf1.o(i.__0snprintf$1) refers to printf1.o(i._snputc) for _snputc
    printf1.o(i.__0sprintf$1) refers to printf1.o(i._printf_core) for _printf_core
    printf1.o(i.__0sprintf$1) refers to printf1.o(i._sputc) for _sputc
    printf1.o(i.__0vfprintf$1) refers to printf1.o(i._printf_core) for _printf_core
    printf1.o(i.__0vfprintf$1) refers to serial_debug.o(.text) for fputc
    printf1.o(i.__0vprintf$1) refers to printf1.o(i._printf_core) for _printf_core
    printf1.o(i.__0vprintf$1) refers to serial_debug.o(.text) for fputc
    printf1.o(i.__0vprintf$1) refers to stdout.o(.data) for __stdout
    printf1.o(i.__0vsnprintf$1) refers to printf1.o(i._printf_core) for _printf_core
    printf1.o(i.__0vsnprintf$1) refers to printf1.o(i._snputc) for _snputc
    printf1.o(i.__0vsprintf$1) refers to printf1.o(i._printf_core) for _printf_core
    printf1.o(i.__0vsprintf$1) refers to printf1.o(i._sputc) for _sputc
    printf1.o(i._printf_core) refers to uidiv.o(.text) for __aeabi_uidivmod
    printf2.o(i.__0fprintf$2) refers to printf2.o(i._printf_core) for _printf_core
    printf2.o(i.__0fprintf$2) refers to serial_debug.o(.text) for fputc
    printf2.o(i.__0printf$2) refers to printf2.o(i._printf_core) for _printf_core
    printf2.o(i.__0printf$2) refers to serial_debug.o(.text) for fputc
    printf2.o(i.__0printf$2) refers to stdout.o(.data) for __stdout
    printf2.o(i.__0snprintf$2) refers to printf2.o(i._printf_core) for _printf_core
    printf2.o(i.__0snprintf$2) refers to printf2.o(i._snputc) for _snputc
    printf2.o(i.__0sprintf$2) refers to printf2.o(i._printf_core) for _printf_core
    printf2.o(i.__0sprintf$2) refers to printf2.o(i._sputc) for _sputc
    printf2.o(i.__0vfprintf$2) refers to printf2.o(i._printf_core) for _printf_core
    printf2.o(i.__0vfprintf$2) refers to serial_debug.o(.text) for fputc
    printf2.o(i.__0vprintf$2) refers to printf2.o(i._printf_core) for _printf_core
    printf2.o(i.__0vprintf$2) refers to serial_debug.o(.text) for fputc
    printf2.o(i.__0vprintf$2) refers to stdout.o(.data) for __stdout
    printf2.o(i.__0vsnprintf$2) refers to printf2.o(i._printf_core) for _printf_core
    printf2.o(i.__0vsnprintf$2) refers to printf2.o(i._snputc) for _snputc
    printf2.o(i.__0vsprintf$2) refers to printf2.o(i._printf_core) for _printf_core
    printf2.o(i.__0vsprintf$2) refers to printf2.o(i._sputc) for _sputc
    printf3.o(i.__0fprintf$3) refers to printf3.o(i._printf_core) for _printf_core
    printf3.o(i.__0fprintf$3) refers to serial_debug.o(.text) for fputc
    printf3.o(i.__0printf$3) refers to printf3.o(i._printf_core) for _printf_core
    printf3.o(i.__0printf$3) refers to serial_debug.o(.text) for fputc
    printf3.o(i.__0printf$3) refers to stdout.o(.data) for __stdout
    printf3.o(i.__0snprintf$3) refers to printf3.o(i._printf_core) for _printf_core
    printf3.o(i.__0snprintf$3) refers to printf3.o(i._snputc) for _snputc
    printf3.o(i.__0sprintf$3) refers to printf3.o(i._printf_core) for _printf_core
    printf3.o(i.__0sprintf$3) refers to printf3.o(i._sputc) for _sputc
    printf3.o(i.__0vfprintf$3) refers to printf3.o(i._printf_core) for _printf_core
    printf3.o(i.__0vfprintf$3) refers to serial_debug.o(.text) for fputc
    printf3.o(i.__0vprintf$3) refers to printf3.o(i._printf_core) for _printf_core
    printf3.o(i.__0vprintf$3) refers to serial_debug.o(.text) for fputc
    printf3.o(i.__0vprintf$3) refers to stdout.o(.data) for __stdout
    printf3.o(i.__0vsnprintf$3) refers to printf3.o(i._printf_core) for _printf_core
    printf3.o(i.__0vsnprintf$3) refers to printf3.o(i._snputc) for _snputc
    printf3.o(i.__0vsprintf$3) refers to printf3.o(i._printf_core) for _printf_core
    printf3.o(i.__0vsprintf$3) refers to printf3.o(i._sputc) for _sputc
    printf3.o(i._printf_core) refers to uidiv.o(.text) for __aeabi_uidivmod
    printf4.o(i.__0fprintf$4) refers to printf4.o(i._printf_core) for _printf_core
    printf4.o(i.__0fprintf$4) refers to serial_debug.o(.text) for fputc
    printf4.o(i.__0printf$4) refers to printf4.o(i._printf_core) for _printf_core
    printf4.o(i.__0printf$4) refers to serial_debug.o(.text) for fputc
    printf4.o(i.__0printf$4) refers to stdout.o(.data) for __stdout
    printf4.o(i.__0snprintf$4) refers to printf4.o(i._printf_core) for _printf_core
    printf4.o(i.__0snprintf$4) refers to printf4.o(i._snputc) for _snputc
    printf4.o(i.__0sprintf$4) refers to printf4.o(i._printf_core) for _printf_core
    printf4.o(i.__0sprintf$4) refers to printf4.o(i._sputc) for _sputc
    printf4.o(i.__0vfprintf$4) refers to printf4.o(i._printf_core) for _printf_core
    printf4.o(i.__0vfprintf$4) refers to serial_debug.o(.text) for fputc
    printf4.o(i.__0vprintf$4) refers to printf4.o(i._printf_core) for _printf_core
    printf4.o(i.__0vprintf$4) refers to serial_debug.o(.text) for fputc
    printf4.o(i.__0vprintf$4) refers to stdout.o(.data) for __stdout
    printf4.o(i.__0vsnprintf$4) refers to printf4.o(i._printf_core) for _printf_core
    printf4.o(i.__0vsnprintf$4) refers to printf4.o(i._snputc) for _snputc
    printf4.o(i.__0vsprintf$4) refers to printf4.o(i._printf_core) for _printf_core
    printf4.o(i.__0vsprintf$4) refers to printf4.o(i._sputc) for _sputc
    printf4.o(i._printf_core) refers to uldiv.o(.text) for __aeabi_uldivmod
    printf5.o(i.__0fprintf$5) refers to printf5.o(i._printf_core) for _printf_core
    printf5.o(i.__0fprintf$5) refers to serial_debug.o(.text) for fputc
    printf5.o(i.__0printf$5) refers to printf5.o(i._printf_core) for _printf_core
    printf5.o(i.__0printf$5) refers to serial_debug.o(.text) for fputc
    printf5.o(i.__0printf$5) refers to stdout.o(.data) for __stdout
    printf5.o(i.__0snprintf$5) refers to printf5.o(i._printf_core) for _printf_core
    printf5.o(i.__0snprintf$5) refers to printf5.o(i._snputc) for _snputc
    printf5.o(i.__0sprintf$5) refers to printf5.o(i._printf_core) for _printf_core
    printf5.o(i.__0sprintf$5) refers to printf5.o(i._sputc) for _sputc
    printf5.o(i.__0vfprintf$5) refers to printf5.o(i._printf_core) for _printf_core
    printf5.o(i.__0vfprintf$5) refers to serial_debug.o(.text) for fputc
    printf5.o(i.__0vprintf$5) refers to printf5.o(i._printf_core) for _printf_core
    printf5.o(i.__0vprintf$5) refers to serial_debug.o(.text) for fputc
    printf5.o(i.__0vprintf$5) refers to stdout.o(.data) for __stdout
    printf5.o(i.__0vsnprintf$5) refers to printf5.o(i._printf_core) for _printf_core
    printf5.o(i.__0vsnprintf$5) refers to printf5.o(i._snputc) for _snputc
    printf5.o(i.__0vsprintf$5) refers to printf5.o(i._printf_core) for _printf_core
    printf5.o(i.__0vsprintf$5) refers to printf5.o(i._sputc) for _sputc
    printf5.o(i._printf_core) refers to uldiv.o(.text) for __aeabi_uldivmod
    printf6.o(i.__0fprintf$6) refers to printf6.o(i._printf_core) for _printf_core
    printf6.o(i.__0fprintf$6) refers to serial_debug.o(.text) for fputc
    printf6.o(i.__0printf$6) refers to printf6.o(i._printf_core) for _printf_core
    printf6.o(i.__0printf$6) refers to serial_debug.o(.text) for fputc
    printf6.o(i.__0printf$6) refers to stdout.o(.data) for __stdout
    printf6.o(i.__0snprintf$6) refers to printf6.o(i._printf_core) for _printf_core
    printf6.o(i.__0snprintf$6) refers to printf6.o(i._snputc) for _snputc
    printf6.o(i.__0sprintf$6) refers to printf6.o(i._printf_core) for _printf_core
    printf6.o(i.__0sprintf$6) refers to printf6.o(i._sputc) for _sputc
    printf6.o(i.__0vfprintf$6) refers to printf6.o(i._printf_core) for _printf_core
    printf6.o(i.__0vfprintf$6) refers to serial_debug.o(.text) for fputc
    printf6.o(i.__0vprintf$6) refers to printf6.o(i._printf_core) for _printf_core
    printf6.o(i.__0vprintf$6) refers to serial_debug.o(.text) for fputc
    printf6.o(i.__0vprintf$6) refers to stdout.o(.data) for __stdout
    printf6.o(i.__0vsnprintf$6) refers to printf6.o(i._printf_core) for _printf_core
    printf6.o(i.__0vsnprintf$6) refers to printf6.o(i._snputc) for _snputc
    printf6.o(i.__0vsprintf$6) refers to printf6.o(i._printf_core) for _printf_core
    printf6.o(i.__0vsprintf$6) refers to printf6.o(i._sputc) for _sputc
    printf6.o(i._printf_core) refers to printf6.o(i._printf_pre_padding) for _printf_pre_padding
    printf6.o(i._printf_core) refers to uidiv.o(.text) for __aeabi_uidivmod
    printf6.o(i._printf_core) refers to printf6.o(i._printf_post_padding) for _printf_post_padding
    printf7.o(i.__0fprintf$7) refers to printf7.o(i._printf_core) for _printf_core
    printf7.o(i.__0fprintf$7) refers to serial_debug.o(.text) for fputc
    printf7.o(i.__0printf$7) refers to printf7.o(i._printf_core) for _printf_core
    printf7.o(i.__0printf$7) refers to serial_debug.o(.text) for fputc
    printf7.o(i.__0printf$7) refers to stdout.o(.data) for __stdout
    printf7.o(i.__0snprintf$7) refers to printf7.o(i._printf_core) for _printf_core
    printf7.o(i.__0snprintf$7) refers to printf7.o(i._snputc) for _snputc
    printf7.o(i.__0sprintf$7) refers to printf7.o(i._printf_core) for _printf_core
    printf7.o(i.__0sprintf$7) refers to printf7.o(i._sputc) for _sputc
    printf7.o(i.__0vfprintf$7) refers to printf7.o(i._printf_core) for _printf_core
    printf7.o(i.__0vfprintf$7) refers to serial_debug.o(.text) for fputc
    printf7.o(i.__0vprintf$7) refers to printf7.o(i._printf_core) for _printf_core
    printf7.o(i.__0vprintf$7) refers to serial_debug.o(.text) for fputc
    printf7.o(i.__0vprintf$7) refers to stdout.o(.data) for __stdout
    printf7.o(i.__0vsnprintf$7) refers to printf7.o(i._printf_core) for _printf_core
    printf7.o(i.__0vsnprintf$7) refers to printf7.o(i._snputc) for _snputc
    printf7.o(i.__0vsprintf$7) refers to printf7.o(i._printf_core) for _printf_core
    printf7.o(i.__0vsprintf$7) refers to printf7.o(i._sputc) for _sputc
    printf7.o(i._printf_core) refers to printf7.o(i._printf_pre_padding) for _printf_pre_padding
    printf7.o(i._printf_core) refers to uldiv.o(.text) for __aeabi_uldivmod
    printf7.o(i._printf_core) refers to printf7.o(i._printf_post_padding) for _printf_post_padding
    printf8.o(i.__0fprintf$8) refers to printf8.o(i._printf_core) for _printf_core
    printf8.o(i.__0fprintf$8) refers to serial_debug.o(.text) for fputc
    printf8.o(i.__0printf$8) refers to printf8.o(i._printf_core) for _printf_core
    printf8.o(i.__0printf$8) refers to serial_debug.o(.text) for fputc
    printf8.o(i.__0printf$8) refers to stdout.o(.data) for __stdout
    printf8.o(i.__0snprintf$8) refers to printf8.o(i._printf_core) for _printf_core
    printf8.o(i.__0snprintf$8) refers to printf8.o(i._snputc) for _snputc
    printf8.o(i.__0sprintf$8) refers to printf8.o(i._printf_core) for _printf_core
    printf8.o(i.__0sprintf$8) refers to printf8.o(i._sputc) for _sputc
    printf8.o(i.__0vfprintf$8) refers to printf8.o(i._printf_core) for _printf_core
    printf8.o(i.__0vfprintf$8) refers to serial_debug.o(.text) for fputc
    printf8.o(i.__0vprintf$8) refers to printf8.o(i._printf_core) for _printf_core
    printf8.o(i.__0vprintf$8) refers to serial_debug.o(.text) for fputc
    printf8.o(i.__0vprintf$8) refers to stdout.o(.data) for __stdout
    printf8.o(i.__0vsnprintf$8) refers to printf8.o(i._printf_core) for _printf_core
    printf8.o(i.__0vsnprintf$8) refers to printf8.o(i._snputc) for _snputc
    printf8.o(i.__0vsprintf$8) refers to printf8.o(i._printf_core) for _printf_core
    printf8.o(i.__0vsprintf$8) refers to printf8.o(i._sputc) for _sputc
    printf8.o(i._printf_core) refers to printf8.o(i._printf_pre_padding) for _printf_pre_padding
    printf8.o(i._printf_core) refers to uldiv.o(.text) for __aeabi_uldivmod
    printf8.o(i._printf_core) refers to printf8.o(i._printf_post_padding) for _printf_post_padding
    printfa.o(i.__0fprintf) refers (Special) to iusefp.o(.text) for __I$use$fp
    printfa.o(i.__0fprintf) refers to printfa.o(i._printf_core) for _printf_core
    printfa.o(i.__0fprintf) refers to serial_debug.o(.text) for fputc
    printfa.o(i.__0printf) refers (Special) to iusefp.o(.text) for __I$use$fp
    printfa.o(i.__0printf) refers to printfa.o(i._printf_core) for _printf_core
    printfa.o(i.__0printf) refers to serial_debug.o(.text) for fputc
    printfa.o(i.__0printf) refers to stdout.o(.data) for __stdout
    printfa.o(i.__0snprintf) refers (Special) to iusefp.o(.text) for __I$use$fp
    printfa.o(i.__0snprintf) refers to printfa.o(i._printf_core) for _printf_core
    printfa.o(i.__0snprintf) refers to printfa.o(i._snputc) for _snputc
    printfa.o(i.__0sprintf) refers (Special) to iusefp.o(.text) for __I$use$fp
    printfa.o(i.__0sprintf) refers to printfa.o(i._printf_core) for _printf_core
    printfa.o(i.__0sprintf) refers to printfa.o(i._sputc) for _sputc
    printfa.o(i.__0vfprintf) refers (Special) to iusefp.o(.text) for __I$use$fp
    printfa.o(i.__0vfprintf) refers to printfa.o(i._printf_core) for _printf_core
    printfa.o(i.__0vfprintf) refers to serial_debug.o(.text) for fputc
    printfa.o(i.__0vprintf) refers (Special) to iusefp.o(.text) for __I$use$fp
    printfa.o(i.__0vprintf) refers to printfa.o(i._printf_core) for _printf_core
    printfa.o(i.__0vprintf) refers to serial_debug.o(.text) for fputc
    printfa.o(i.__0vprintf) refers to stdout.o(.data) for __stdout
    printfa.o(i.__0vsnprintf) refers (Special) to iusefp.o(.text) for __I$use$fp
    printfa.o(i.__0vsnprintf) refers to printfa.o(i._printf_core) for _printf_core
    printfa.o(i.__0vsnprintf) refers to printfa.o(i._snputc) for _snputc
    printfa.o(i.__0vsprintf) refers (Special) to iusefp.o(.text) for __I$use$fp
    printfa.o(i.__0vsprintf) refers to printfa.o(i._printf_core) for _printf_core
    printfa.o(i.__0vsprintf) refers to printfa.o(i._sputc) for _sputc
    printfa.o(i._fp_digits) refers (Special) to iusefp.o(.text) for __I$use$fp
    printfa.o(i._fp_digits) refers to dmul.o(.text) for __aeabi_dmul
    printfa.o(i._fp_digits) refers to ddiv.o(.text) for __aeabi_ddiv
    printfa.o(i._fp_digits) refers to cdrcmple.o(.text) for __aeabi_cdrcmple
    printfa.o(i._fp_digits) refers to dadd.o(.text) for __aeabi_dadd
    printfa.o(i._fp_digits) refers to dfixul.o(.text) for __aeabi_d2ulz
    printfa.o(i._fp_digits) refers to uldiv.o(.text) for __aeabi_uldivmod
    printfa.o(i._printf_core) refers (Special) to iusefp.o(.text) for __I$use$fp
    printfa.o(i._printf_core) refers to printfa.o(i._printf_pre_padding) for _printf_pre_padding
    printfa.o(i._printf_core) refers to uldiv.o(.text) for __aeabi_uldivmod
    printfa.o(i._printf_core) refers to printfa.o(i._printf_post_padding) for _printf_post_padding
    printfa.o(i._printf_core) refers to printfa.o(i._fp_digits) for _fp_digits
    printfa.o(i._printf_core) refers to uidiv.o(.text) for __aeabi_uidivmod
    printfa.o(i._printf_post_padding) refers (Special) to iusefp.o(.text) for __I$use$fp
    printfa.o(i._printf_pre_padding) refers (Special) to iusefp.o(.text) for __I$use$fp
    printfa.o(i._snputc) refers (Special) to iusefp.o(.text) for __I$use$fp
    printfa.o(i._sputc) refers (Special) to iusefp.o(.text) for __I$use$fp
    malloc.o(i.free) refers to mvars.o(.data) for __microlib_freelist
    malloc.o(i.malloc) refers to mvars.o(.data) for __microlib_freelist_initialised
    malloc.o(i.malloc) refers to mvars.o(.data) for __microlib_freelist
    malloc.o(i.malloc) refers to startup_tm4c123.o(HEAP) for __heap_base
    mallocr.o(i.__free$realloc) refers to mvars.o(.data) for __microlib_freelist
    mallocr.o(i.__malloc$realloc) refers to mallocr.o(i.internal_alloc) for internal_alloc
    mallocr.o(i.__malloc$realloc) refers to mvars.o(.data) for __microlib_freelist_initialised
    mallocr.o(i.__malloc$realloc) refers to startup_tm4c123.o(HEAP) for __heap_base
    mallocr.o(i.__malloc$realloc) refers to mvars.o(.data) for __microlib_freelist
    mallocr.o(i.internal_alloc) refers to memcpya.o(.text) for __aeabi_memcpy
    mallocr.o(i.internal_alloc) refers to mvars.o(.data) for __microlib_freelist
    mallocr.o(i.realloc) refers to mallocr.o(i.__free$realloc) for __free$realloc
    mallocr.o(i.realloc) refers to mallocr.o(i.internal_alloc) for internal_alloc
    mallocr.o(i.realloc) refers to mallocr.o(i.__malloc$realloc) for __malloc$realloc
    mallocr.o(i.realloc) refers to mvars.o(.data) for __microlib_freelist
    malloca.o(i.__aligned_malloc) refers to mvars.o(.data) for __microlib_freelist_initialised
    malloca.o(i.__aligned_malloc) refers to mvars.o(.data) for __microlib_freelist
    malloca.o(i.__aligned_malloc) refers to startup_tm4c123.o(HEAP) for __heap_base
    malloca.o(i.__free$memalign) refers to mvars.o(.data) for __microlib_freelist
    malloca.o(i.__malloc$memalign) refers to malloca.o(i.__aligned_malloc) for __aligned_malloc
    mallocra.o(i.__aligned_malloc$realloc) refers to mallocra.o(i.internal_alloc) for internal_alloc
    mallocra.o(i.__aligned_malloc$realloc) refers to mvars.o(.data) for __microlib_freelist_initialised
    mallocra.o(i.__aligned_malloc$realloc) refers to startup_tm4c123.o(HEAP) for __heap_base
    mallocra.o(i.__aligned_malloc$realloc) refers to mvars.o(.data) for __microlib_freelist
    mallocra.o(i.__free$realloc$memalign) refers to mvars.o(.data) for __microlib_freelist
    mallocra.o(i.__malloc$realloc$memalign) refers to mallocra.o(i.__aligned_malloc$realloc) for __aligned_malloc$realloc
    mallocra.o(i.__realloc$memalign) refers to mallocra.o(i.__free$realloc$memalign) for __free$realloc$memalign
    mallocra.o(i.__realloc$memalign) refers to mallocra.o(i.internal_alloc) for internal_alloc
    mallocra.o(i.__realloc$memalign) refers to mallocra.o(i.__malloc$realloc$memalign) for __malloc$realloc$memalign
    mallocra.o(i.__realloc$memalign) refers to mvars.o(.data) for __microlib_freelist
    mallocra.o(i.internal_alloc) refers to memcpya.o(.text) for __aeabi_memcpy
    mallocra.o(i.internal_alloc) refers to mvars.o(.data) for __microlib_freelist
    entry2.o(.ARM.Collect$$$$00000001) refers to entry2.o(.ARM.Collect$$$$00002712) for __lit__00000000
    entry2.o(.ARM.Collect$$$$00002712) refers to startup_tm4c123.o(STACK) for __initial_sp
    entry2.o(__vectab_stack_and_reset_area) refers to startup_tm4c123.o(STACK) for __initial_sp
    entry2.o(__vectab_stack_and_reset_area) refers to entry.o(.ARM.Collect$$$$00000000) for __main
    entry5.o(.ARM.Collect$$$$00000004) refers to init.o(.text) for __scatterload
    entry9a.o(.ARM.Collect$$$$0000000B) refers to main.o(.text) for main
    entry9b.o(.ARM.Collect$$$$0000000C) refers to main.o(.text) for main
    uldiv.o(.text) refers to llushr.o(.text) for __aeabi_llsr
    uldiv.o(.text) refers to llshl.o(.text) for __aeabi_llsl
    dadd.o(.text) refers to llshl.o(.text) for __aeabi_llsl
    dadd.o(.text) refers to llsshr.o(.text) for __aeabi_lasr
    dadd.o(.text) refers to depilogue.o(.text) for _double_epilogue
    dmul.o(.text) refers to depilogue.o(.text) for _double_epilogue
    ddiv.o(.text) refers to depilogue.o(.text) for _double_round
    dfixul.o(.text) refers to llushr.o(.text) for __aeabi_llsr
    dfixul.o(.text) refers to llshl.o(.text) for __aeabi_llsl
    init.o(.text) refers to entry5.o(.ARM.Collect$$$$00000004) for __main_after_scatterload
    depilogue.o(.text) refers to llshl.o(.text) for __aeabi_llsl
    depilogue.o(.text) refers to llushr.o(.text) for __aeabi_llsr


==============================================================================

Removing Unused input sections from the image.

    Removing main.o(.rev16_text), (4 bytes).
    Removing main.o(.revsh_text), (4 bytes).
    Removing ddr_animations.o(.rev16_text), (4 bytes).
    Removing ddr_animations.o(.revsh_text), (4 bytes).
    Removing ddr_game.o(.rev16_text), (4 bytes).
    Removing ddr_game.o(.revsh_text), (4 bytes).
    Removing menu_nav.o(.rev16_text), (4 bytes).
    Removing menu_nav.o(.revsh_text), (4 bytes).
    Removing arrow_printing.o(.rev16_text), (4 bytes).
    Removing arrow_printing.o(.revsh_text), (4 bytes).
    Removing io_expander_led.o(.rev16_text), (4 bytes).
    Removing io_expander_led.o(.revsh_text), (4 bytes).
    Removing arrow_queue.o(.rev16_text), (4 bytes).
    Removing arrow_queue.o(.revsh_text), (4 bytes).
    Removing uart.o(.rev16_text), (4 bytes).
    Removing uart.o(.revsh_text), (4 bytes).
    Removing gpio_port.o(.rev16_text), (4 bytes).
    Removing gpio_port.o(.revsh_text), (4 bytes).
    Removing timers.o(.rev16_text), (4 bytes).
    Removing timers.o(.revsh_text), (4 bytes).
    Removing i2c.o(.rev16_text), (4 bytes).
    Removing i2c.o(.revsh_text), (4 bytes).
    Removing serial_debug.o(.rev16_text), (4 bytes).
    Removing serial_debug.o(.revsh_text), (4 bytes).
    Removing launchpad_io.o(.rev16_text), (4 bytes).
    Removing launchpad_io.o(.revsh_text), (4 bytes).
    Removing lcd.o(.rev16_text), (4 bytes).
    Removing lcd.o(.revsh_text), (4 bytes).
    Removing lcd_images.o(.constdata), (4864 bytes).
    Removing ps2.o(.rev16_text), (4 bytes).
    Removing ps2.o(.revsh_text), (4 bytes).
    Removing adc.o(.rev16_text), (4 bytes).
    Removing adc.o(.revsh_text), (4 bytes).
    Removing mcp23017.o(.rev16_text), (4 bytes).
    Removing mcp23017.o(.revsh_text), (4 bytes).
    Removing eeprom.o(.rev16_text), (4 bytes).
    Removing eeprom.o(.revsh_text), (4 bytes).
    Removing ft6x06.o(.rev16_text), (4 bytes).
    Removing ft6x06.o(.revsh_text), (4 bytes).
    Removing system_tm4c123.o(.rev16_text), (4 bytes).
    Removing system_tm4c123.o(.revsh_text), (4 bytes).
    Removing dadd.o(.text), (334 bytes).
    Removing dmul.o(.text), (228 bytes).
    Removing ddiv.o(.text), (222 bytes).
    Removing dfixul.o(.text), (48 bytes).
    Removing cdrcmple.o(.text), (40 bytes).
    Removing depilogue.o(.text), (182 bytes).

47 unused section(s) (total 6078 bytes) removed from the image.

==============================================================================

Image Symbol Table

    Local Symbols

    Symbol Name                              Value     Ov Type        Size  Object(Section)

    RESET                                    0x00000000   Section      620  startup_tm4c123.o(RESET)
    ../clib/microlib/division.c              0x00000000   Number         0  uidiv.o ABSOLUTE
    ../clib/microlib/division.c              0x00000000   Number         0  uldiv.o ABSOLUTE
    ../clib/microlib/init/entry.s            0x00000000   Number         0  entry7b.o ABSOLUTE
    ../clib/microlib/init/entry.s            0x00000000   Number         0  entry11b.o ABSOLUTE
    ../clib/microlib/init/entry.s            0x00000000   Number         0  entry8a.o ABSOLUTE
    ../clib/microlib/init/entry.s            0x00000000   Number         0  entry8b.o ABSOLUTE
    ../clib/microlib/init/entry.s            0x00000000   Number         0  entry9b.o ABSOLUTE
    ../clib/microlib/init/entry.s            0x00000000   Number         0  entry9a.o ABSOLUTE
    ../clib/microlib/init/entry.s            0x00000000   Number         0  entry10a.o ABSOLUTE
    ../clib/microlib/init/entry.s            0x00000000   Number         0  entry10b.o ABSOLUTE
    ../clib/microlib/init/entry.s            0x00000000   Number         0  entry.o ABSOLUTE
    ../clib/microlib/init/entry.s            0x00000000   Number         0  entry11a.o ABSOLUTE
    ../clib/microlib/init/entry.s            0x00000000   Number         0  entry2.o ABSOLUTE
    ../clib/microlib/init/entry.s            0x00000000   Number         0  entry5.o ABSOLUTE
    ../clib/microlib/init/entry.s            0x00000000   Number         0  entry7a.o ABSOLUTE
    ../clib/microlib/longlong.c              0x00000000   Number         0  llsshr.o ABSOLUTE
    ../clib/microlib/longlong.c              0x00000000   Number         0  llushr.o ABSOLUTE
    ../clib/microlib/longlong.c              0x00000000   Number         0  llshl.o ABSOLUTE
    ../clib/microlib/malloc/malloc.c         0x00000000   Number         0  malloca.o ABSOLUTE
    ../clib/microlib/malloc/malloc.c         0x00000000   Number         0  malloc.o ABSOLUTE
    ../clib/microlib/malloc/malloc.c         0x00000000   Number         0  mallocr.o ABSOLUTE
    ../clib/microlib/malloc/malloc.c         0x00000000   Number         0  mallocra.o ABSOLUTE
    ../clib/microlib/malloc/mvars.c          0x00000000   Number         0  mvars.o ABSOLUTE
    ../clib/microlib/printf/printf.c         0x00000000   Number         0  printf3.o ABSOLUTE
    ../clib/microlib/printf/printf.c         0x00000000   Number         0  printf7.o ABSOLUTE
    ../clib/microlib/printf/printf.c         0x00000000   Number         0  printf6.o ABSOLUTE
    ../clib/microlib/printf/printf.c         0x00000000   Number         0  printf5.o ABSOLUTE
    ../clib/microlib/printf/printf.c         0x00000000   Number         0  printf2.o ABSOLUTE
    ../clib/microlib/printf/printf.c         0x00000000   Number         0  printf1.o ABSOLUTE
    ../clib/microlib/printf/printf.c         0x00000000   Number         0  printf0.o ABSOLUTE
    ../clib/microlib/printf/printf.c         0x00000000   Number         0  printf4.o ABSOLUTE
    ../clib/microlib/printf/printf.c         0x00000000   Number         0  printfb.o ABSOLUTE
    ../clib/microlib/printf/printf.c         0x00000000   Number         0  printfa.o ABSOLUTE
    ../clib/microlib/printf/printf.c         0x00000000   Number         0  printf8.o ABSOLUTE
    ../clib/microlib/printf/stubs.s          0x00000000   Number         0  stubs.o ABSOLUTE
    ../clib/microlib/stdio/streams.c         0x00000000   Number         0  stdout.o ABSOLUTE
    ../clib/microlib/stdlib/rand.c           0x00000000   Number         0  rand.o ABSOLUTE
    ../clib/microlib/string/memcpy.c         0x00000000   Number         0  memcpyb.o ABSOLUTE
    ../clib/microlib/string/memcpy.c         0x00000000   Number         0  memcpya.o ABSOLUTE
    ../clib/microlib/string/strlen.c         0x00000000   Number         0  strlen.o ABSOLUTE
    ../clib/microlib/stubs.s                 0x00000000   Number         0  iusefp.o ABSOLUTE
    ../fplib/microlib/fpadd.c                0x00000000   Number         0  dadd.o ABSOLUTE
    ../fplib/microlib/fpdiv.c                0x00000000   Number         0  ddiv.o ABSOLUTE
    ../fplib/microlib/fpepilogue.c           0x00000000   Number         0  depilogue.o ABSOLUTE
    ../fplib/microlib/fpfix.c                0x00000000   Number         0  dfixul.o ABSOLUTE
    ../fplib/microlib/fpmul.c                0x00000000   Number         0  dmul.o ABSOLUTE
    ..\\drivers\\c\\adc.c                    0x00000000   Number         0  adc.o ABSOLUTE
    ..\\drivers\\c\\gpio_port.c              0x00000000   Number         0  gpio_port.o ABSOLUTE
    ..\\drivers\\c\\i2c.c                    0x00000000   Number         0  i2c.o ABSOLUTE
    ..\\drivers\\c\\timers.c                 0x00000000   Number         0  timers.o ABSOLUTE
    ..\\drivers\\c\\uart.c                   0x00000000   Number         0  uart.o ABSOLUTE
    ..\\peripherals\\c\\eeprom.c             0x00000000   Number         0  eeprom.o ABSOLUTE
    ..\\peripherals\\c\\ft6x06.c             0x00000000   Number         0  ft6x06.o ABSOLUTE
    ..\\peripherals\\c\\launchpad_io.c       0x00000000   Number         0  launchpad_io.o ABSOLUTE
    ..\\peripherals\\c\\lcd.c                0x00000000   Number         0  lcd.o ABSOLUTE
    ..\\peripherals\\c\\ps2.c                0x00000000   Number         0  ps2.o ABSOLUTE
    ..\\peripherals\\c\\serial_debug.c       0x00000000   Number         0  serial_debug.o ABSOLUTE
    ..\drivers\c\adc.c                       0x00000000   Number         0  adc.o ABSOLUTE
    ..\drivers\c\gpio_port.c                 0x00000000   Number         0  gpio_port.o ABSOLUTE
    ..\drivers\c\i2c.c                       0x00000000   Number         0  i2c.o ABSOLUTE
    ..\drivers\c\pc_buffer.c                 0x00000000   Number         0  pc_buffer.o ABSOLUTE
    ..\drivers\c\timers.c                    0x00000000   Number         0  timers.o ABSOLUTE
    ..\drivers\c\uart.c                      0x00000000   Number         0  uart.o ABSOLUTE
    ..\peripherals\c\ddr_images.c            0x00000000   Number         0  ddr_images.o ABSOLUTE
    ..\peripherals\c\eeprom.c                0x00000000   Number         0  eeprom.o ABSOLUTE
    ..\peripherals\c\ft6x06.c                0x00000000   Number         0  ft6x06.o ABSOLUTE
    ..\peripherals\c\launchpad_io.c          0x00000000   Number         0  launchpad_io.o ABSOLUTE
    ..\peripherals\c\lcd.c                   0x00000000   Number         0  lcd.o ABSOLUTE
    ..\peripherals\c\lcd_images.c            0x00000000   Number         0  lcd_images.o ABSOLUTE
    ..\peripherals\c\ps2.c                   0x00000000   Number         0  ps2.o ABSOLUTE
    ..\peripherals\c\serial_debug.c          0x00000000   Number         0  serial_debug.o ABSOLUTE
    RTE\Device\TM4C123GH6PM\startup_TM4C123.s 0x00000000   Number         0  startup_tm4c123.o ABSOLUTE
    RTE\Device\TM4C123GH6PM\system_TM4C123.c 0x00000000   Number         0  system_tm4c123.o ABSOLUTE
    RTE\\Device\\TM4C123GH6PM\\system_TM4C123.c 0x00000000   Number         0  system_tm4c123.o ABSOLUTE
    arrow.c                                  0x00000000   Number         0  arrow.o ABSOLUTE
    arrow_printing.c                         0x00000000   Number         0  arrow_printing.o ABSOLUTE
    arrow_printing.c                         0x00000000   Number         0  arrow_printing.o ABSOLUTE
    arrow_queue.c                            0x00000000   Number         0  arrow_queue.o ABSOLUTE
    arrow_queue.c                            0x00000000   Number         0  arrow_queue.o ABSOLUTE
    cdrcmple.s                               0x00000000   Number         0  cdrcmple.o ABSOLUTE
    dc.s                                     0x00000000   Number         0  dc.o ABSOLUTE
    ddr_animations.c                         0x00000000   Number         0  ddr_animations.o ABSOLUTE
    ddr_animations.c                         0x00000000   Number         0  ddr_animations.o ABSOLUTE
    ddr_game.c                               0x00000000   Number         0  ddr_game.o ABSOLUTE
    ddr_game.c                               0x00000000   Number         0  ddr_game.o ABSOLUTE
    handlers.s                               0x00000000   Number         0  handlers.o ABSOLUTE
    init.s                                   0x00000000   Number         0  init.o ABSOLUTE
    io_expander_led.c                        0x00000000   Number         0  io_expander_led.o ABSOLUTE
    io_expander_led.c                        0x00000000   Number         0  io_expander_led.o ABSOLUTE
    main.c                                   0x00000000   Number         0  main.o ABSOLUTE
    main.c                                   0x00000000   Number         0  main.o ABSOLUTE
    mcp23017.c                               0x00000000   Number         0  mcp23017.o ABSOLUTE
    mcp23017.c                               0x00000000   Number         0  mcp23017.o ABSOLUTE
    menu_nav.c                               0x00000000   Number         0  menu_nav.o ABSOLUTE
    menu_nav.c                               0x00000000   Number         0  menu_nav.o ABSOLUTE
    .ARM.Collect$$$$00000000                 0x0000026c   Section        0  entry.o(.ARM.Collect$$$$00000000)
    .ARM.Collect$$$$00000001                 0x0000026c   Section        4  entry2.o(.ARM.Collect$$$$00000001)
    .ARM.Collect$$$$00000004                 0x00000270   Section        4  entry5.o(.ARM.Collect$$$$00000004)
    .ARM.Collect$$$$00000008                 0x00000274   Section        0  entry7b.o(.ARM.Collect$$$$00000008)
    .ARM.Collect$$$$0000000A                 0x00000274   Section        0  entry8b.o(.ARM.Collect$$$$0000000A)
    .ARM.Collect$$$$0000000B                 0x00000274   Section        8  entry9a.o(.ARM.Collect$$$$0000000B)
    .ARM.Collect$$$$0000000D                 0x0000027c   Section        0  entry10a.o(.ARM.Collect$$$$0000000D)
    .ARM.Collect$$$$0000000F                 0x0000027c   Section        0  entry11a.o(.ARM.Collect$$$$0000000F)
    .ARM.Collect$$$$00002712                 0x0000027c   Section        4  entry2.o(.ARM.Collect$$$$00002712)
    __lit__00000000                          0x0000027c   Data           4  entry2.o(.ARM.Collect$$$$00002712)
    .text                                    0x00000280   Section        0  main.o(.text)
    .text                                    0x00000428   Section        0  ddr_animations.o(.text)
    .text                                    0x00000714   Section        0  ddr_game.o(.text)
    .text                                    0x0000082c   Section        0  menu_nav.o(.text)
    .text                                    0x00000ae0   Section        0  arrow_printing.o(.text)
    .text                                    0x00000d04   Section        0  arrow.o(.text)
    .text                                    0x00000d2c   Section        0  io_expander_led.o(.text)
    .text                                    0x00000e7c   Section        0  arrow_queue.o(.text)
    .text                                    0x00000f18   Section        0  pc_buffer.o(.text)
    .text                                    0x00000f94   Section        0  uart.o(.text)
    .text                                    0x00001218   Section        0  gpio_port.o(.text)
    verify_base_addr                         0x00001219   Thumb Code    64  gpio_port.o(.text)
    .text                                    0x000014a8   Section        0  timers.o(.text)
    NVIC_SetPriority                         0x000014a9   Thumb Code    32  timers.o(.text)
    verify_base_addr                         0x000014c9   Thumb Code    64  timers.o(.text)
    get_clock_masks                          0x00001509   Thumb Code   106  timers.o(.text)
    NVIC_EnableIRQ                           0x00001745   Thumb Code    22  timers.o(.text)
    .text                                    0x0000177c   Section        0  i2c.o(.text)
    .text                                    0x00001984   Section        0  serial_debug.o(.text)
    .text                                    0x00001b80   Section        0  launchpad_io.o(.text)
    .text                                    0x00001cb8   Section        0  lcd.o(.text)
    lcd_write_data_u16                       0x00001cb9   Thumb Code    60  lcd.o(.text)
    lcd_write_cmd_u8                         0x00001cf5   Thumb Code    34  lcd.o(.text)
    delayms                                  0x00001e99   Thumb Code    26  lcd.o(.text)
    lcd_write_data_u8                        0x00001eb3   Thumb Code    36  lcd.o(.text)
    .text                                    0x00002260   Section        0  ps2.o(.text)
    initialize_adc_gpio_pins                 0x00002261   Thumb Code    34  ps2.o(.text)
    .text                                    0x000022c4   Section        0  adc.o(.text)
    .text                                    0x00002448   Section        0  mcp23017.o(.text)
    .text                                    0x00002854   Section        0  eeprom.o(.text)
    eeprom_wait_for_write                    0x00002855   Thumb Code    68  eeprom.o(.text)
    .text                                    0x00002b30   Section        0  ft6x06.o(.text)
    ft6x06_set_addr                          0x00002b31   Thumb Code    52  ft6x06.o(.text)
    ft6x06_read_data                         0x00002b65   Thumb Code    52  ft6x06.o(.text)
    .text                                    0x00002d20   Section      252  startup_tm4c123.o(.text)
    $v0                                      0x00002d20   Number         0  startup_tm4c123.o(.text)
    .text                                    0x00002e1c   Section        0  system_tm4c123.o(.text)
    getOscClk                                0x00002e1d   Thumb Code   182  system_tm4c123.o(.text)
    .text                                    0x0000306c   Section        0  rand.o(.text)
    .text                                    0x00003090   Section        0  strlen.o(.text)
    .text                                    0x0000309e   Section        0  uldiv.o(.text)
    .text                                    0x00003100   Section       36  init.o(.text)
    .text                                    0x00003124   Section        0  llshl.o(.text)
    .text                                    0x00003142   Section        0  llushr.o(.text)
    i.__0printf$5                            0x00003164   Section        0  printf5.o(i.__0printf$5)
    i.__0sprintf$5                           0x00003184   Section        0  printf5.o(i.__0sprintf$5)
    i.__scatterload_copy                     0x000031ac   Section       14  handlers.o(i.__scatterload_copy)
    i.__scatterload_null                     0x000031ba   Section        2  handlers.o(i.__scatterload_null)
    i.__scatterload_zeroinit                 0x000031bc   Section       14  handlers.o(i.__scatterload_zeroinit)
    i._printf_core                           0x000031cc   Section        0  printf5.o(i._printf_core)
    _printf_core                             0x000031cd   Thumb Code   654  printf5.o(i._printf_core)
    i._sputc                                 0x00003488   Section        0  printf5.o(i._sputc)
    _sputc                                   0x00003489   Thumb Code    10  printf5.o(i._sputc)
    i.malloc                                 0x00003494   Section        0  malloc.o(i.malloc)
    .constdata                               0x00003500   Section    16757  ddr_images.o(.constdata)
    .data                                    0x20000000   Section       50  main.o(.data)
    last_state                               0x20000031   Data           1  main.o(.data)
    .data                                    0x20000034   Section        8  ddr_animations.o(.data)
    button_val                               0x20000034   Data           1  ddr_animations.o(.data)
    ticks                                    0x20000038   Data           4  ddr_animations.o(.data)
    .data                                    0x2000003c   Section        8  ddr_game.o(.data)
    time                                     0x20000042   Data           1  ddr_game.o(.data)
    arrow_dir                                0x20000043   Data           1  ddr_game.o(.data)
    .data                                    0x20000044   Section        2  menu_nav.o(.data)
    .data                                    0x20000048   Section        4  arrow_printing.o(.data)
    ticks                                    0x20000048   Data           4  arrow_printing.o(.data)
    .data                                    0x2000004c   Section        3  io_expander_led.o(.data)
    active_led_num                           0x2000004e   Data           1  io_expander_led.o(.data)
    .data                                    0x20000050   Section        4  arrow_queue.o(.data)
    .data                                    0x20000054   Section        2  timers.o(.data)
    .data                                    0x20000056   Section        2  serial_debug.o(.data)
    Rx_Interrupts_Enabled                    0x20000056   Data           1  serial_debug.o(.data)
    Tx_Interrupts_Enabled                    0x20000057   Data           1  serial_debug.o(.data)
    .data                                    0x20000058   Section        1  launchpad_io.o(.data)
    .data                                    0x20000059   Section        1  adc.o(.data)
    .data                                    0x2000005a   Section        3  mcp23017.o(.data)
    debounce_state                           0x2000005a   Data           1  mcp23017.o(.data)
    curr_btn_val                             0x2000005b   Data           1  mcp23017.o(.data)
    last_btn_val                             0x2000005c   Data           1  mcp23017.o(.data)
    .data                                    0x20000060   Section        4  system_tm4c123.o(.data)
    .data                                    0x20000064   Section        4  stdout.o(.data)
    .data                                    0x20000068   Section        4  rand.o(.data)
    _rand_state                              0x20000068   Data           4  rand.o(.data)
    .data                                    0x2000006c   Section        4  mvars.o(.data)
    .data                                    0x20000070   Section        4  mvars.o(.data)
    .bss                                     0x20000074   Section       28  serial_debug.o(.bss)
    HEAP                                     0x20000090   Section     8192  startup_tm4c123.o(HEAP)
    STACK                                    0x20002090   Section    16384  startup_tm4c123.o(STACK)

    Global Symbols

    Symbol Name                              Value     Ov Type        Size  Object(Section)

    BuildAttributes$$THM_ISAv4$E$P$D$K$B$S$7EM$VFPi3$EXTD16$VFPS$VFMA$PE$A:L22UL41UL21$X:L11$S22US41US21$IEEE1$IW$USESV6$~STKCKD$USESV7$~SHL$OSPACE$ROPI$EBA8$MICROLIB$REQ8$PRES8$EABIv2 0x00000000   Number         0  anon$$obj.o ABSOLUTE
    __ARM_use_no_argv                        0x00000000   Number         0  main.o ABSOLUTE
    __Vectors                                0x00000000   Data           4  startup_tm4c123.o(RESET)
    _printf_a                                0x00000000   Number         0  stubs.o ABSOLUTE
    _printf_c                                0x00000000   Number         0  stubs.o ABSOLUTE
    _printf_charcount                        0x00000000   Number         0  stubs.o ABSOLUTE
    _printf_d                                0x00000000   Number         0  stubs.o ABSOLUTE
    _printf_e                                0x00000000   Number         0  stubs.o ABSOLUTE
    _printf_f                                0x00000000   Number         0  stubs.o ABSOLUTE
    _printf_flags                            0x00000000   Number         0  stubs.o ABSOLUTE
    _printf_fp_dec                           0x00000000   Number         0  stubs.o ABSOLUTE
    _printf_fp_hex                           0x00000000   Number         0  stubs.o ABSOLUTE
    _printf_g                                0x00000000   Number         0  stubs.o ABSOLUTE
    _printf_i                                0x00000000   Number         0  stubs.o ABSOLUTE
    _printf_int_dec                          0x00000000   Number         0  stubs.o ABSOLUTE
    _printf_l                                0x00000000   Number         0  stubs.o ABSOLUTE
    _printf_lc                               0x00000000   Number         0  stubs.o ABSOLUTE
    _printf_ll                               0x00000000   Number         0  stubs.o ABSOLUTE
    _printf_lld                              0x00000000   Number         0  stubs.o ABSOLUTE
    _printf_lli                              0x00000000   Number         0  stubs.o ABSOLUTE
    _printf_llo                              0x00000000   Number         0  stubs.o ABSOLUTE
    _printf_llu                              0x00000000   Number         0  stubs.o ABSOLUTE
    _printf_llx                              0x00000000   Number         0  stubs.o ABSOLUTE
    _printf_longlong_dec                     0x00000000   Number         0  stubs.o ABSOLUTE
    _printf_longlong_hex                     0x00000000   Number         0  stubs.o ABSOLUTE
    _printf_longlong_oct                     0x00000000   Number         0  stubs.o ABSOLUTE
    _printf_ls                               0x00000000   Number         0  stubs.o ABSOLUTE
    _printf_mbtowc                           0x00000000   Number         0  stubs.o ABSOLUTE
    _printf_n                                0x00000000   Number         0  stubs.o ABSOLUTE
    _printf_o                                0x00000000   Number         0  stubs.o ABSOLUTE
    _printf_p                                0x00000000   Number         0  stubs.o ABSOLUTE
    _printf_percent                          0x00000000   Number         0  stubs.o ABSOLUTE
    _printf_pre_padding                      0x00000000   Number         0  stubs.o ABSOLUTE
    _printf_return_value                     0x00000000   Number         0  stubs.o ABSOLUTE
    _printf_s                                0x00000000   Number         0  stubs.o ABSOLUTE
    _printf_sizespec                         0x00000000   Number         0  stubs.o ABSOLUTE
    _printf_str                              0x00000000   Number         0  stubs.o ABSOLUTE
    _printf_truncate_signed                  0x00000000   Number         0  stubs.o ABSOLUTE
    _printf_truncate_unsigned                0x00000000   Number         0  stubs.o ABSOLUTE
    _printf_u                                0x00000000   Number         0  stubs.o ABSOLUTE
    _printf_wc                               0x00000000   Number         0  stubs.o ABSOLUTE
    _printf_wctomb                           0x00000000   Number         0  stubs.o ABSOLUTE
    _printf_widthprec                        0x00000000   Number         0  stubs.o ABSOLUTE
    _printf_x                                0x00000000   Number         0  stubs.o ABSOLUTE
    __cpp_initialize__aeabi_                  - Undefined Weak Reference
    __cxa_finalize                            - Undefined Weak Reference
    __decompress                              - Undefined Weak Reference
    _clock_init                               - Undefined Weak Reference
    _microlib_exit                            - Undefined Weak Reference
    __Vectors_End                            0x0000026c   Data           0  startup_tm4c123.o(RESET)
    __Vectors_Size                           0x0000026c   Number         0  startup_tm4c123.o ABSOLUTE
    __main                                   0x0000026d   Thumb Code     0  entry.o(.ARM.Collect$$$$00000000)
    _main_stk                                0x0000026d   Thumb Code     0  entry2.o(.ARM.Collect$$$$00000001)
    _main_scatterload                        0x00000271   Thumb Code     0  entry5.o(.ARM.Collect$$$$00000004)
    __main_after_scatterload                 0x00000275   Thumb Code     0  entry5.o(.ARM.Collect$$$$00000004)
    _main_clock                              0x00000275   Thumb Code     0  entry7b.o(.ARM.Collect$$$$00000008)
    _main_cpp_init                           0x00000275   Thumb Code     0  entry8b.o(.ARM.Collect$$$$0000000A)
    _main_init                               0x00000275   Thumb Code     0  entry9a.o(.ARM.Collect$$$$0000000B)
    __rt_final_cpp                           0x0000027d   Thumb Code     0  entry10a.o(.ARM.Collect$$$$0000000D)
    __rt_final_exit                          0x0000027d   Thumb Code     0  entry11a.o(.ARM.Collect$$$$0000000F)
    DisableInterrupts                        0x00000281   Thumb Code     4  main.o(.text)
    EnableInterrupts                         0x00000285   Thumb Code     4  main.o(.text)
    initialize_hardware                      0x00000289   Thumb Code    56  main.o(.text)
    detect_button_press_main_menu            0x000002c1   Thumb Code    36  main.o(.text)
    main                                     0x000002e5   Thumb Code   212  main.o(.text)
    init_play_top_arrows                     0x00000429   Thumb Code    28  ddr_animations.o(.text)
    update_ui_init_play                      0x00000445   Thumb Code    34  ddr_animations.o(.text)
    process_print                            0x00000467   Thumb Code   120  ddr_animations.o(.text)
    determine_button_outcome                 0x000004df   Thumb Code    78  ddr_animations.o(.text)
    correct_button_pressed                   0x0000052d   Thumb Code    72  ddr_animations.o(.text)
    process_arrow                            0x00000575   Thumb Code    76  ddr_animations.o(.text)
    animate_arrows                           0x000005c1   Thumb Code    76  ddr_animations.o(.text)
    update_ui_play                           0x0000060d   Thumb Code    64  ddr_animations.o(.text)
    arrow_delay                              0x0000064d   Thumb Code    42  ddr_animations.o(.text)
    add_random_arrow                         0x00000715   Thumb Code    88  ddr_game.o(.text)
    handle_boo_miss                          0x0000076d   Thumb Code    58  ddr_game.o(.text)
    handle_good                              0x000007a7   Thumb Code    36  ddr_game.o(.text)
    change_LED_expander_state                0x000007cb   Thumb Code    56  ddr_game.o(.text)
    update_ui_init_main_menu                 0x0000082d   Thumb Code    96  menu_nav.o(.text)
    update_ui_init_new_state                 0x0000088d   Thumb Code    48  menu_nav.o(.text)
    draw_line                                0x000008bd   Thumb Code    36  menu_nav.o(.text)
    clear_line                               0x000008e1   Thumb Code    36  menu_nav.o(.text)
    display_selected_menu_item               0x00000905   Thumb Code    62  menu_nav.o(.text)
    navigate_main_menu                       0x00000943   Thumb Code    38  menu_nav.o(.text)
    print_pause_screen                       0x00000969   Thumb Code   144  menu_nav.o(.text)
    end_screen                               0x000009f9   Thumb Code   144  menu_nav.o(.text)
    print_arrow                              0x00000ae1   Thumb Code    80  arrow_printing.o(.text)
    print_top_arrow                          0x00000b31   Thumb Code    84  arrow_printing.o(.text)
    clear_arrow                              0x00000b85   Thumb Code    78  arrow_printing.o(.text)
    print_score                              0x00000bd3   Thumb Code    52  arrow_printing.o(.text)
    clear_boo                                0x00000c07   Thumb Code    28  arrow_printing.o(.text)
    clear_hit_miss_message                   0x00000c23   Thumb Code    46  arrow_printing.o(.text)
    print_hit                                0x00000c51   Thumb Code    28  arrow_printing.o(.text)
    print_boo                                0x00000c6d   Thumb Code    30  arrow_printing.o(.text)
    print_miss                               0x00000c8b   Thumb Code    30  arrow_printing.o(.text)
    print_hit_second                         0x00000ca9   Thumb Code     8  arrow_printing.o(.text)
    print_boo_second                         0x00000cb1   Thumb Code     8  arrow_printing.o(.text)
    print_miss_second                        0x00000cb9   Thumb Code     8  arrow_printing.o(.text)
    convert_int_to_arrow                     0x00000d05   Thumb Code    38  arrow.o(.text)
    handle_led_blink                         0x00000d2d   Thumb Code   178  io_expander_led.o(.text)
    led_blink                                0x00000ddf   Thumb Code    34  io_expander_led.o(.text)
    io_expander_blink_state                  0x00000e01   Thumb Code   108  io_expander_led.o(.text)
    create_queue                             0x00000e7d   Thumb Code    20  arrow_queue.o(.text)
    init_arrow_queue                         0x00000e91   Thumb Code    12  arrow_queue.o(.text)
    new_node                                 0x00000e9d   Thumb Code    22  arrow_queue.o(.text)
    enqueue                                  0x00000eb3   Thumb Code    34  arrow_queue.o(.text)
    dequeue                                  0x00000ed5   Thumb Code    30  arrow_queue.o(.text)
    add_arrow                                0x00000ef3   Thumb Code    34  arrow_queue.o(.text)
    pc_buffer_init                           0x00000f19   Thumb Code    26  pc_buffer.o(.text)
    pc_buffer_add                            0x00000f33   Thumb Code    28  pc_buffer.o(.text)
    pc_buffer_remove                         0x00000f4f   Thumb Code    30  pc_buffer.o(.text)
    pc_buffer_empty                          0x00000f6d   Thumb Code    18  pc_buffer.o(.text)
    pc_buffer_full                           0x00000f7f   Thumb Code    22  pc_buffer.o(.text)
    verify_uart_base                         0x00000f95   Thumb Code    54  uart.o(.text)
    uart_get_rcgc_mask                       0x00000fcb   Thumb Code    68  uart.o(.text)
    uart_get_pr_mask                         0x0000100f   Thumb Code    68  uart.o(.text)
    uart_get_irq_num                         0x00001053   Thumb Code    68  uart.o(.text)
    uart_tx_poll                             0x00001097   Thumb Code    38  uart.o(.text)
    uart_tx_poll_string                      0x000010bd   Thumb Code    50  uart.o(.text)
    uart_rx_poll                             0x000010ef   Thumb Code    70  uart.o(.text)
    uart_init                                0x00001135   Thumb Code   210  uart.o(.text)
    gpio_get_irq_num                         0x00001259   Thumb Code    74  gpio_port.o(.text)
    gpio_enable_port                         0x000012a3   Thumb Code   156  gpio_port.o(.text)
    gpio_config_digital_enable               0x0000133f   Thumb Code    34  gpio_port.o(.text)
    gpio_config_enable_output                0x00001361   Thumb Code    34  gpio_port.o(.text)
    gpio_config_enable_input                 0x00001383   Thumb Code    34  gpio_port.o(.text)
    gpio_config_enable_pullup                0x000013a5   Thumb Code    34  gpio_port.o(.text)
    gpio_config_enable_pulldown              0x000013c7   Thumb Code    34  gpio_port.o(.text)
    gpio_config_analog_enable                0x000013e9   Thumb Code    34  gpio_port.o(.text)
    gpio_config_alternate_function           0x0000140b   Thumb Code    34  gpio_port.o(.text)
    gpio_config_port_control                 0x0000142d   Thumb Code    50  gpio_port.o(.text)
    gpio_config_open_drain                   0x0000145f   Thumb Code    34  gpio_port.o(.text)
    gpio_config_falling_edge_irq             0x00001481   Thumb Code     6  gpio_port.o(.text)
    gp_timer_wait                            0x00001573   Thumb Code    50  timers.o(.text)
    gp_timer_config_32                       0x000015a5   Thumb Code   136  timers.o(.text)
    timer_nvic_config_hw3                    0x0000162d   Thumb Code    32  timers.o(.text)
    timer_config_hw3                         0x0000164d   Thumb Code   152  timers.o(.text)
    timer_start_hw3                          0x000016e5   Thumb Code    38  timers.o(.text)
    get_timer0A_current_value                0x0000170b   Thumb Code    10  timers.o(.text)
    TIMER0A_Handler                          0x00001715   Thumb Code    24  timers.o(.text)
    TIMER0B_Handler                          0x0000172d   Thumb Code    24  timers.o(.text)
    initializeI2CMaster                      0x0000177d   Thumb Code   160  i2c.o(.text)
    i2cVerifyBaseAddr                        0x0000181d   Thumb Code    36  i2c.o(.text)
    i2cSetSlaveAddr                          0x00001841   Thumb Code    30  i2c.o(.text)
    i2cStop                                  0x0000185f   Thumb Code    26  i2c.o(.text)
    I2CMasterBusy                            0x00001879   Thumb Code    34  i2c.o(.text)
    I2CMasterAdrAck                          0x0000189b   Thumb Code    34  i2c.o(.text)
    I2CMasterDatAck                          0x000018bd   Thumb Code    34  i2c.o(.text)
    i2cSendByte                              0x000018df   Thumb Code    82  i2c.o(.text)
    i2cGetByte                               0x00001931   Thumb Code    60  i2c.o(.text)
    init_serial_debug                        0x00001985   Thumb Code    90  serial_debug.o(.text)
    serial_debug_rx                          0x000019df   Thumb Code    46  serial_debug.o(.text)
    serial_debug_tx                          0x00001a0d   Thumb Code    88  serial_debug.o(.text)
    fputc                                    0x00001a65   Thumb Code    66  serial_debug.o(.text)
    fgetc                                    0x00001aa7   Thumb Code    50  serial_debug.o(.text)
    UART0_Handler                            0x00001ad9   Thumb Code   144  serial_debug.o(.text)
    lp_io_set_pin                            0x00001b81   Thumb Code    18  launchpad_io.o(.text)
    lp_io_clear_pin                          0x00001b93   Thumb Code    18  launchpad_io.o(.text)
    lp_io_read_pin                           0x00001ba5   Thumb Code    22  launchpad_io.o(.text)
    lp_io_init                               0x00001bbb   Thumb Code   104  launchpad_io.o(.text)
    init_interrupt_sw2                       0x00001c23   Thumb Code    90  launchpad_io.o(.text)
    GPIOF_Handler                            0x00001c7d   Thumb Code    24  launchpad_io.o(.text)
    lcd_set_pos                              0x00001d17   Thumb Code    58  lcd.o(.text)
    lcd_draw_image                           0x00001d51   Thumb Code   184  lcd.o(.text)
    lcd_print_stringXY                       0x00001e09   Thumb Code   144  lcd.o(.text)
    lcd_clear_screen                         0x00001ed7   Thumb Code    52  lcd.o(.text)
    lcd_draw_pixel                           0x00001f0b   Thumb Code    58  lcd.o(.text)
    lcd_config_gpio                          0x00001f45   Thumb Code   222  lcd.o(.text)
    lcd_config_screen                        0x00002023   Thumb Code   570  lcd.o(.text)
    ps2_initialize                           0x00002283   Thumb Code    14  ps2.o(.text)
    ps2_initialize_hw3                       0x00002291   Thumb Code    12  ps2.o(.text)
    ps2_get_x                                0x0000229d   Thumb Code    16  ps2.o(.text)
    ps2_get_y                                0x000022ad   Thumb Code    16  ps2.o(.text)
    initialize_adc                           0x000022c5   Thumb Code   108  adc.o(.text)
    get_adc_value                            0x00002331   Thumb Code    58  adc.o(.text)
    initialize_adc_hw3                       0x0000236b   Thumb Code   170  adc.o(.text)
    ADC0SS2_Handler                          0x00002415   Thumb Code    24  adc.o(.text)
    ioexpander_byte_write                    0x00002449   Thumb Code    82  mcp23017.o(.text)
    ioexpander_init                          0x0000249b   Thumb Code   222  mcp23017.o(.text)
    ioexpander_byte_read                     0x00002579   Thumb Code    94  mcp23017.o(.text)
    get_button_data                          0x000025d7   Thumb Code    60  mcp23017.o(.text)
    debounce_expander_fsm                    0x00002613   Thumb Code   208  mcp23017.o(.text)
    buttons_pressed                          0x000026e3   Thumb Code   132  mcp23017.o(.text)
    turn_off_leds                            0x00002767   Thumb Code    14  mcp23017.o(.text)
    turn_on_all_leds                         0x00002775   Thumb Code    14  mcp23017.o(.text)
    control_leds                             0x00002783   Thumb Code    16  mcp23017.o(.text)
    eeprom_byte_write                        0x00002899   Thumb Code   106  eeprom.o(.text)
    eeprom_byte_read                         0x00002903   Thumb Code   124  eeprom.o(.text)
    eeprom_init                              0x0000297f   Thumb Code   156  eeprom.o(.text)
    write_high_score                         0x00002a1b   Thumb Code    54  eeprom.o(.text)
    read_high_score                          0x00002a51   Thumb Code    52  eeprom.o(.text)
    write_game_mode                          0x00002a85   Thumb Code    26  eeprom.o(.text)
    read_game_mode                           0x00002a9f   Thumb Code    30  eeprom.o(.text)
    ft6x06_read_td_status                    0x00002b99   Thumb Code    66  ft6x06.o(.text)
    ft6x06_read_x                            0x00002bdb   Thumb Code    84  ft6x06.o(.text)
    ft6x06_read_y                            0x00002c2f   Thumb Code    82  ft6x06.o(.text)
    ft6x06_init                              0x00002c81   Thumb Code   156  ft6x06.o(.text)
    Reset_Handler                            0x00002d21   Thumb Code     8  startup_tm4c123.o(.text)
    NMI_Handler                              0x00002d29   Thumb Code     2  startup_tm4c123.o(.text)
    HardFault_Handler                        0x00002d2b   Thumb Code     2  startup_tm4c123.o(.text)
    MemManage_Handler                        0x00002d2d   Thumb Code     2  startup_tm4c123.o(.text)
    BusFault_Handler                         0x00002d2f   Thumb Code     2  startup_tm4c123.o(.text)
    UsageFault_Handler                       0x00002d31   Thumb Code     2  startup_tm4c123.o(.text)
    SVC_Handler                              0x00002d33   Thumb Code     2  startup_tm4c123.o(.text)
    DebugMon_Handler                         0x00002d35   Thumb Code     2  startup_tm4c123.o(.text)
    PendSV_Handler                           0x00002d37   Thumb Code     2  startup_tm4c123.o(.text)
    SysTick_Handler                          0x00002d39   Thumb Code     2  startup_tm4c123.o(.text)
    GPIOA_Handler                            0x00002d3b   Thumb Code     2  startup_tm4c123.o(.text)
    GPIOB_Handler                            0x00002d3d   Thumb Code     2  startup_tm4c123.o(.text)
    GPIOC_Handler                            0x00002d3f   Thumb Code     2  startup_tm4c123.o(.text)
    GPIOD_Handler                            0x00002d41   Thumb Code     2  startup_tm4c123.o(.text)
    GPIOE_Handler                            0x00002d43   Thumb Code     2  startup_tm4c123.o(.text)
    UART1_Handler                            0x00002d47   Thumb Code     2  startup_tm4c123.o(.text)
    SSI0_Handler                             0x00002d49   Thumb Code     2  startup_tm4c123.o(.text)
    I2C0_Handler                             0x00002d4b   Thumb Code     2  startup_tm4c123.o(.text)
    PMW0_FAULT_Handler                       0x00002d4d   Thumb Code     2  startup_tm4c123.o(.text)
    PWM0_0_Handler                           0x00002d4f   Thumb Code     2  startup_tm4c123.o(.text)
    PWM0_1_Handler                           0x00002d51   Thumb Code     2  startup_tm4c123.o(.text)
    PWM0_2_Handler                           0x00002d53   Thumb Code     2  startup_tm4c123.o(.text)
    QEI0_Handler                             0x00002d55   Thumb Code     2  startup_tm4c123.o(.text)
    ADC0SS0_Handler                          0x00002d57   Thumb Code     2  startup_tm4c123.o(.text)
    ADC0SS1_Handler                          0x00002d59   Thumb Code     2  startup_tm4c123.o(.text)
    ADC0SS3_Handler                          0x00002d5d   Thumb Code     2  startup_tm4c123.o(.text)
    WDT0_Handler                             0x00002d5f   Thumb Code     2  startup_tm4c123.o(.text)
    TIMER1A_Handler                          0x00002d65   Thumb Code     2  startup_tm4c123.o(.text)
    TIMER1B_Handler                          0x00002d67   Thumb Code     2  startup_tm4c123.o(.text)
    TIMER2A_Handler                          0x00002d69   Thumb Code     2  startup_tm4c123.o(.text)
    TIMER2B_Handler                          0x00002d6b   Thumb Code     2  startup_tm4c123.o(.text)
    COMP0_Handler                            0x00002d6d   Thumb Code     2  startup_tm4c123.o(.text)
    COMP1_Handler                            0x00002d6f   Thumb Code     2  startup_tm4c123.o(.text)
    COMP2_Handler                            0x00002d71   Thumb Code     2  startup_tm4c123.o(.text)
    SYSCTL_Handler                           0x00002d73   Thumb Code     2  startup_tm4c123.o(.text)
    FLASH_Handler                            0x00002d75   Thumb Code     2  startup_tm4c123.o(.text)
    GPIOG_Handler                            0x00002d79   Thumb Code     2  startup_tm4c123.o(.text)
    GPIOH_Handler                            0x00002d7b   Thumb Code     2  startup_tm4c123.o(.text)
    UART2_Handler                            0x00002d7d   Thumb Code     2  startup_tm4c123.o(.text)
    SSI1_Handler                             0x00002d7f   Thumb Code     2  startup_tm4c123.o(.text)
    TIMER3A_Handler                          0x00002d81   Thumb Code     2  startup_tm4c123.o(.text)
    TIMER3B_Handler                          0x00002d83   Thumb Code     2  startup_tm4c123.o(.text)
    I2C1_Handler                             0x00002d85   Thumb Code     2  startup_tm4c123.o(.text)
    QEI1_Handler                             0x00002d87   Thumb Code     2  startup_tm4c123.o(.text)
    CAN0_Handler                             0x00002d89   Thumb Code     2  startup_tm4c123.o(.text)
    CAN1_Handler                             0x00002d8b   Thumb Code     2  startup_tm4c123.o(.text)
    CAN2_Handler                             0x00002d8d   Thumb Code     2  startup_tm4c123.o(.text)
    HIB_Handler                              0x00002d8f   Thumb Code     2  startup_tm4c123.o(.text)
    USB0_Handler                             0x00002d91   Thumb Code     2  startup_tm4c123.o(.text)
    PWM0_3_Handler                           0x00002d93   Thumb Code     2  startup_tm4c123.o(.text)
    UDMA_Handler                             0x00002d95   Thumb Code     2  startup_tm4c123.o(.text)
    UDMAERR_Handler                          0x00002d97   Thumb Code     2  startup_tm4c123.o(.text)
    ADC1SS0_Handler                          0x00002d99   Thumb Code     2  startup_tm4c123.o(.text)
    ADC1SS1_Handler                          0x00002d9b   Thumb Code     2  startup_tm4c123.o(.text)
    ADC1SS2_Handler                          0x00002d9d   Thumb Code     2  startup_tm4c123.o(.text)
    ADC1SS3_Handler                          0x00002d9f   Thumb Code     2  startup_tm4c123.o(.text)
    GPIOJ_Handler                            0x00002da1   Thumb Code     2  startup_tm4c123.o(.text)
    GPIOK_Handler                            0x00002da3   Thumb Code     2  startup_tm4c123.o(.text)
    GPIOL_Handler                            0x00002da5   Thumb Code     2  startup_tm4c123.o(.text)
    SSI2_Handler                             0x00002da7   Thumb Code     2  startup_tm4c123.o(.text)
    SSI3_Handler                             0x00002da9   Thumb Code     2  startup_tm4c123.o(.text)
    UART3_Handler                            0x00002dab   Thumb Code     2  startup_tm4c123.o(.text)
    UART4_Handler                            0x00002dad   Thumb Code     2  startup_tm4c123.o(.text)
    UART5_Handler                            0x00002daf   Thumb Code     2  startup_tm4c123.o(.text)
    UART6_Handler                            0x00002db1   Thumb Code     2  startup_tm4c123.o(.text)
    UART7_Handler                            0x00002db3   Thumb Code     2  startup_tm4c123.o(.text)
    I2C2_Handler                             0x00002db5   Thumb Code     2  startup_tm4c123.o(.text)
    I2C3_Handler                             0x00002db7   Thumb Code     2  startup_tm4c123.o(.text)
    TIMER4A_Handler                          0x00002db9   Thumb Code     2  startup_tm4c123.o(.text)
    TIMER4B_Handler                          0x00002dbb   Thumb Code     2  startup_tm4c123.o(.text)
    TIMER5A_Handler                          0x00002dbd   Thumb Code     2  startup_tm4c123.o(.text)
    TIMER5B_Handler                          0x00002dbf   Thumb Code     2  startup_tm4c123.o(.text)
    WTIMER0A_Handler                         0x00002dc1   Thumb Code     2  startup_tm4c123.o(.text)
    WTIMER0B_Handler                         0x00002dc3   Thumb Code     2  startup_tm4c123.o(.text)
    WTIMER1A_Handler                         0x00002dc5   Thumb Code     2  startup_tm4c123.o(.text)
    WTIMER1B_Handler                         0x00002dc7   Thumb Code     2  startup_tm4c123.o(.text)
    WTIMER2A_Handler                         0x00002dc9   Thumb Code     2  startup_tm4c123.o(.text)
    WTIMER2B_Handler                         0x00002dcb   Thumb Code     2  startup_tm4c123.o(.text)
    WTIMER3A_Handler                         0x00002dcd   Thumb Code     2  startup_tm4c123.o(.text)
    WTIMER3B_Handler                         0x00002dcf   Thumb Code     2  startup_tm4c123.o(.text)
    WTIMER4A_Handler                         0x00002dd1   Thumb Code     2  startup_tm4c123.o(.text)
    WTIMER4B_Handler                         0x00002dd3   Thumb Code     2  startup_tm4c123.o(.text)
    WTIMER5A_Handler                         0x00002dd5   Thumb Code     2  startup_tm4c123.o(.text)
    WTIMER5B_Handler                         0x00002dd7   Thumb Code     2  startup_tm4c123.o(.text)
    FPU_Handler                              0x00002dd9   Thumb Code     2  startup_tm4c123.o(.text)
    I2C4_Handler                             0x00002ddb   Thumb Code     2  startup_tm4c123.o(.text)
    I2C5_Handler                             0x00002ddd   Thumb Code     2  startup_tm4c123.o(.text)
    GPIOM_Handler                            0x00002ddf   Thumb Code     2  startup_tm4c123.o(.text)
    GPION_Handler                            0x00002de1   Thumb Code     2  startup_tm4c123.o(.text)
    QEI2_Handler                             0x00002de3   Thumb Code     2  startup_tm4c123.o(.text)
    GPIOP0_Handler                           0x00002de5   Thumb Code     2  startup_tm4c123.o(.text)
    GPIOP1_Handler                           0x00002de7   Thumb Code     2  startup_tm4c123.o(.text)
    GPIOP2_Handler                           0x00002de9   Thumb Code     2  startup_tm4c123.o(.text)
    GPIOP3_Handler                           0x00002deb   Thumb Code     2  startup_tm4c123.o(.text)
    GPIOP4_Handler                           0x00002ded   Thumb Code     2  startup_tm4c123.o(.text)
    GPIOP5_Handler                           0x00002def   Thumb Code     2  startup_tm4c123.o(.text)
    GPIOP6_Handler                           0x00002df1   Thumb Code     2  startup_tm4c123.o(.text)
    GPIOP7_Handler                           0x00002df3   Thumb Code     2  startup_tm4c123.o(.text)
    GPIOQ0_Handler                           0x00002df5   Thumb Code     2  startup_tm4c123.o(.text)
    GPIOQ1_Handler                           0x00002df7   Thumb Code     2  startup_tm4c123.o(.text)
    GPIOQ2_Handler                           0x00002df9   Thumb Code     2  startup_tm4c123.o(.text)
    GPIOQ3_Handler                           0x00002dfb   Thumb Code     2  startup_tm4c123.o(.text)
    GPIOQ4_Handler                           0x00002dfd   Thumb Code     2  startup_tm4c123.o(.text)
    GPIOQ5_Handler                           0x00002dff   Thumb Code     2  startup_tm4c123.o(.text)
    GPIOQ6_Handler                           0x00002e01   Thumb Code     2  startup_tm4c123.o(.text)
    GPIOQ7_Handler                           0x00002e03   Thumb Code     2  startup_tm4c123.o(.text)
    GPIOR_Handler                            0x00002e05   Thumb Code     2  startup_tm4c123.o(.text)
    GPIOS_Handler                            0x00002e07   Thumb Code     2  startup_tm4c123.o(.text)
    PMW1_0_Handler                           0x00002e09   Thumb Code     2  startup_tm4c123.o(.text)
    PWM1_1_Handler                           0x00002e0b   Thumb Code     2  startup_tm4c123.o(.text)
    PWM1_2_Handler                           0x00002e0d   Thumb Code     2  startup_tm4c123.o(.text)
    PWM1_3_Handler                           0x00002e0f   Thumb Code     2  startup_tm4c123.o(.text)
    PWM1_FAULT_Handler                       0x00002e11   Thumb Code     2  startup_tm4c123.o(.text)
    SystemCoreClockUpdate                    0x00002ed3   Thumb Code   184  system_tm4c123.o(.text)
    SystemInit                               0x00002f8b   Thumb Code   112  system_tm4c123.o(.text)
    rand                                     0x0000306d   Thumb Code    20  rand.o(.text)
    srand                                    0x00003081   Thumb Code     6  rand.o(.text)
    strlen                                   0x00003091   Thumb Code    14  strlen.o(.text)
    __aeabi_uldivmod                         0x0000309f   Thumb Code    98  uldiv.o(.text)
    __scatterload                            0x00003101   Thumb Code    28  init.o(.text)
    __scatterload_rt2                        0x00003101   Thumb Code     0  init.o(.text)
    __aeabi_llsl                             0x00003125   Thumb Code    30  llshl.o(.text)
    _ll_shift_l                              0x00003125   Thumb Code     0  llshl.o(.text)
    __aeabi_llsr                             0x00003143   Thumb Code    32  llushr.o(.text)
    _ll_ushift_r                             0x00003143   Thumb Code     0  llushr.o(.text)
    __0printf$5                              0x00003165   Thumb Code    22  printf5.o(i.__0printf$5)
    __1printf$5                              0x00003165   Thumb Code     0  printf5.o(i.__0printf$5)
    __2printf                                0x00003165   Thumb Code     0  printf5.o(i.__0printf$5)
    __0sprintf$5                             0x00003185   Thumb Code    34  printf5.o(i.__0sprintf$5)
    __1sprintf$5                             0x00003185   Thumb Code     0  printf5.o(i.__0sprintf$5)
    __2sprintf                               0x00003185   Thumb Code     0  printf5.o(i.__0sprintf$5)
    __scatterload_copy                       0x000031ad   Thumb Code    14  handlers.o(i.__scatterload_copy)
    __scatterload_null                       0x000031bb   Thumb Code     2  handlers.o(i.__scatterload_null)
    __scatterload_zeroinit                   0x000031bd   Thumb Code    14  handlers.o(i.__scatterload_zeroinit)
    malloc                                   0x00003495   Thumb Code    92  malloc.o(i.malloc)
    right_arrowBitmaps                       0x00003500   Data         195  ddr_images.o(.constdata)
    down_arrowBitmaps                        0x000035c3   Data         195  ddr_images.o(.constdata)
    up_arrowBitmaps                          0x00003686   Data         195  ddr_images.o(.constdata)
    left_arrowBitmaps                        0x00003749   Data         195  ddr_images.o(.constdata)
    rxModeBitmaps                            0x0000380c   Data         570  ddr_images.o(.constdata)
    rxModeWidthPixels                        0x00003a46   Data           1  ddr_images.o(.constdata)
    rxModeHeightPixels                       0x00003a47   Data           1  ddr_images.o(.constdata)
    txModeBitmaps                            0x00003a48   Data         570  ddr_images.o(.constdata)
    txModeWidthPixels                        0x00003c82   Data           1  ddr_images.o(.constdata)
    txModeHeightPixels                       0x00003c83   Data           1  ddr_images.o(.constdata)
    config2Bitmaps                           0x00003c84   Data         418  ddr_images.o(.constdata)
    config2WidthPixels                       0x00003e26   Data           1  ddr_images.o(.constdata)
    config2HeightPixels                      0x00003e27   Data           1  ddr_images.o(.constdata)
    bucky2Bitmaps                            0x00003e28   Data        3645  ddr_images.o(.constdata)
    bucky2WidthPixels                        0x00004c65   Data           1  ddr_images.o(.constdata)
    bucky2HeightPixels                       0x00004c66   Data           1  ddr_images.o(.constdata)
    ddrbwBitmaps                             0x00004c67   Data        2170  ddr_images.o(.constdata)
    ddrbwWidthPixels                         0x000054e1   Data           1  ddr_images.o(.constdata)
    ddrbwHeightPixels                        0x000054e2   Data           1  ddr_images.o(.constdata)
    sitkaSmall_12ptBitmaps                   0x000054e3   Data        4560  ddr_images.o(.constdata)
    ddrlogoBitmaps                           0x000066b3   Data        4032  ddr_images.o(.constdata)
    ddrlogoWidthPixels                       0x00007673   Data           1  ddr_images.o(.constdata)
    ddrlogoHeightPixels                      0x00007674   Data           1  ddr_images.o(.constdata)
    Region$$Table$$Base                      0x00007678   Number         0  anon$$obj.o(Region$$Table)
    Region$$Table$$Limit                     0x00007698   Number         0  anon$$obj.o(Region$$Table)
    group                                    0x20000000   Data           8  main.o(.data)
    individual_1                             0x20000008   Data          16  main.o(.data)
    individual_2                             0x20000018   Data          12  main.o(.data)
    individual_3                             0x20000024   Data          12  main.o(.data)
    debugFlag                                0x20000030   Data           1  main.o(.data)
    score                                    0x2000003c   Data           2  ddr_game.o(.data)
    consecutive_boos                         0x2000003e   Data           1  ddr_game.o(.data)
    consecutive_misses                       0x2000003f   Data           1  ddr_game.o(.data)
    consecutive_goods                        0x20000040   Data           1  ddr_game.o(.data)
    random_ticks                             0x20000041   Data           1  ddr_game.o(.data)
    game_state                               0x20000044   Data           1  menu_nav.o(.data)
    selected_item                            0x20000045   Data           1  menu_nav.o(.data)
    blink_rate                               0x2000004c   Data           1  io_expander_led.o(.data)
    led_blink_ticks                          0x2000004d   Data           1  io_expander_led.o(.data)
    queue                                    0x20000050   Data           4  arrow_queue.o(.data)
    Alert_Timer0A                            0x20000054   Data           1  timers.o(.data)
    Alert_Timer0B                            0x20000055   Data           1  timers.o(.data)
    Alert_PortF                              0x20000058   Data           1  launchpad_io.o(.data)
    Alert_ADC0_Conversion                    0x20000059   Data           1  adc.o(.data)
    SystemCoreClock                          0x20000060   Data           4  system_tm4c123.o(.data)
    __stdout                                 0x20000064   Data           4  stdout.o(.data)
    __microlib_freelist                      0x2000006c   Data           4  mvars.o(.data)
    __microlib_freelist_initialised          0x20000070   Data           4  mvars.o(.data)
    UART0_Tx_Buffer                          0x20000074   Data          14  serial_debug.o(.bss)
    UART0_Rx_Buffer                          0x20000082   Data          14  serial_debug.o(.bss)
    __heap_base                              0x20000090   Data           0  startup_tm4c123.o(HEAP)
    __heap_limit                             0x20002090   Data           0  startup_tm4c123.o(HEAP)
    __initial_sp                             0x20006090   Data           0  startup_tm4c123.o(STACK)



==============================================================================

Memory Map of the image

  Image Entry point : 0x00002d21

  Load Region LR_1 (Base: 0x00000000, Size: 0x0000770c, Max: 0xffffffff, ABSOLUTE)

    Execution Region ER_RO (Base: 0x00000000, Size: 0x00007698, Max: 0xffffffff, ABSOLUTE)

    Base Addr    Size         Type   Attr      Idx    E Section Name        Object

    0x00000000   0x0000026c   Data   RO          641    RESET               startup_tm4c123.o
    0x0000026c   0x00000000   Code   RO          672  * .ARM.Collect$$$$00000000  mc_w.l(entry.o)
    0x0000026c   0x00000004   Code   RO          970    .ARM.Collect$$$$00000001  mc_w.l(entry2.o)
    0x00000270   0x00000004   Code   RO          973    .ARM.Collect$$$$00000004  mc_w.l(entry5.o)
    0x00000274   0x00000000   Code   RO          975    .ARM.Collect$$$$00000008  mc_w.l(entry7b.o)
    0x00000274   0x00000000   Code   RO          977    .ARM.Collect$$$$0000000A  mc_w.l(entry8b.o)
    0x00000274   0x00000008   Code   RO          978    .ARM.Collect$$$$0000000B  mc_w.l(entry9a.o)
    0x0000027c   0x00000000   Code   RO          980    .ARM.Collect$$$$0000000D  mc_w.l(entry10a.o)
    0x0000027c   0x00000000   Code   RO          982    .ARM.Collect$$$$0000000F  mc_w.l(entry11a.o)
    0x0000027c   0x00000004   Code   RO          971    .ARM.Collect$$$$00002712  mc_w.l(entry2.o)
    0x00000280   0x000001a8   Code   RO            3    .text               main.o
    0x00000428   0x000002ec   Code   RO          146    .text               ddr_animations.o
    0x00000714   0x00000118   Code   RO          168    .text               ddr_game.o
    0x0000082c   0x000002b4   Code   RO          204    .text               menu_nav.o
    0x00000ae0   0x00000224   Code   RO          245    .text               arrow_printing.o
    0x00000d04   0x00000026   Code   RO          269    .text               arrow.o
    0x00000d2a   0x00000002   PAD
    0x00000d2c   0x00000150   Code   RO          283    .text               io_expander_led.o
    0x00000e7c   0x0000009c   Code   RO          306    .text               arrow_queue.o
    0x00000f18   0x0000007c   Code   RO          340    .text               pc_buffer.o
    0x00000f94   0x00000284   Code   RO          354    .text               uart.o
    0x00001218   0x00000290   Code   RO          378    .text               gpio_port.o
    0x000014a8   0x000002d4   Code   RO          398    .text               timers.o
    0x0000177c   0x00000208   Code   RO          425    .text               i2c.o
    0x00001984   0x000001fc   Code   RO          445    .text               serial_debug.o
    0x00001b80   0x00000138   Code   RO          477    .text               launchpad_io.o
    0x00001cb8   0x000005a8   Code   RO          500    .text               lcd.o
    0x00002260   0x00000064   Code   RO          536    .text               ps2.o
    0x000022c4   0x00000184   Code   RO          556    .text               adc.o
    0x00002448   0x0000040c   Code   RO          579    .text               mcp23017.o
    0x00002854   0x000002dc   Code   RO          601    .text               eeprom.o
    0x00002b30   0x000001f0   Code   RO          621    .text               ft6x06.o
    0x00002d20   0x000000fc   Code   RO          642  * .text               startup_tm4c123.o
    0x00002e1c   0x00000250   Code   RO          648    .text               system_tm4c123.o
    0x0000306c   0x00000024   Code   RO          676    .text               mc_w.l(rand.o)
    0x00003090   0x0000000e   Code   RO          679    .text               mc_w.l(strlen.o)
    0x0000309e   0x00000062   Code   RO          986    .text               mc_w.l(uldiv.o)
    0x00003100   0x00000024   Code   RO         1005    .text               mc_w.l(init.o)
    0x00003124   0x0000001e   Code   RO         1007    .text               mc_w.l(llshl.o)
    0x00003142   0x00000020   Code   RO         1009    .text               mc_w.l(llushr.o)
    0x00003162   0x00000002   PAD
    0x00003164   0x00000020   Code   RO          814    i.__0printf$5       mc_w.l(printf5.o)
    0x00003184   0x00000028   Code   RO          816    i.__0sprintf$5      mc_w.l(printf5.o)
    0x000031ac   0x0000000e   Code   RO         1017    i.__scatterload_copy  mc_w.l(handlers.o)
    0x000031ba   0x00000002   Code   RO         1018    i.__scatterload_null  mc_w.l(handlers.o)
    0x000031bc   0x0000000e   Code   RO         1019    i.__scatterload_zeroinit  mc_w.l(handlers.o)
    0x000031ca   0x00000002   PAD
    0x000031cc   0x000002bc   Code   RO          821    i._printf_core      mc_w.l(printf5.o)
    0x00003488   0x0000000a   Code   RO          823    i._sputc            mc_w.l(printf5.o)
    0x00003492   0x00000002   PAD
    0x00003494   0x0000006c   Code   RO          943    i.malloc            mc_w.l(malloc.o)
    0x00003500   0x00004175   Data   RO          190    .constdata          ddr_images.o
    0x00007675   0x00000003   PAD
    0x00007678   0x00000020   Data   RO         1015    Region$$Table       anon$$obj.o


    Execution Region ER_RW (Base: 0x20000000, Size: 0x00000074, Max: 0xffffffff, ABSOLUTE)

    Base Addr    Size         Type   Attr      Idx    E Section Name        Object

    0x20000000   0x00000032   Data   RW            4    .data               main.o
    0x20000032   0x00000002   PAD
    0x20000034   0x00000008   Data   RW          147    .data               ddr_animations.o
    0x2000003c   0x00000008   Data   RW          169    .data               ddr_game.o
    0x20000044   0x00000002   Data   RW          205    .data               menu_nav.o
    0x20000046   0x00000002   PAD
    0x20000048   0x00000004   Data   RW          246    .data               arrow_printing.o
    0x2000004c   0x00000003   Data   RW          284    .data               io_expander_led.o
    0x2000004f   0x00000001   PAD
    0x20000050   0x00000004   Data   RW          307    .data               arrow_queue.o
    0x20000054   0x00000002   Data   RW          399    .data               timers.o
    0x20000056   0x00000002   Data   RW          447    .data               serial_debug.o
    0x20000058   0x00000001   Data   RW          478    .data               launchpad_io.o
    0x20000059   0x00000001   Data   RW          557    .data               adc.o
    0x2000005a   0x00000003   Data   RW          580    .data               mcp23017.o
    0x2000005d   0x00000003   PAD
    0x20000060   0x00000004   Data   RW          649    .data               system_tm4c123.o
    0x20000064   0x00000004   Data   RW          675    .data               mc_w.l(stdout.o)
    0x20000068   0x00000004   Data   RW          677    .data               mc_w.l(rand.o)
    0x2000006c   0x00000004   Data   RW          992    .data               mc_w.l(mvars.o)
    0x20000070   0x00000004   Data   RW          993    .data               mc_w.l(mvars.o)


    Execution Region ER_ZI (Base: 0x20000074, Size: 0x0000601c, Max: 0xffffffff, ABSOLUTE)

    Base Addr    Size         Type   Attr      Idx    E Section Name        Object

    0x20000074   0x0000001c   Zero   RW          446    .bss                serial_debug.o
    0x20000090   0x00002000   Zero   RW          640    HEAP                startup_tm4c123.o
    0x20002090   0x00004000   Zero   RW          639    STACK               startup_tm4c123.o


==============================================================================

Image component sizes


      Code (inc. data)   RO Data    RW Data    ZI Data      Debug   Object Name

       388         28          0          1          0       2322   adc.o
        38          0          0          0          0        551   arrow.o
       548         68          0          4          0       2840   arrow_printing.o
       156          4          0          4          0       2047   arrow_queue.o
       748        158          0          8          0       3506   ddr_animations.o
       280         42          0          8          0       1504   ddr_game.o
         0          0      16757          0          0       1793   ddr_images.o
       732        116          0          0          0       2817   eeprom.o
       496          4          0          0          0       2376   ft6x06.o
       656         34          0          0          0       4750   gpio_port.o
       520         24          0          0          0       3505   i2c.o
       336         30          0          3          0       1342   io_expander_led.o
       312         36          0          1          0       2713   launchpad_io.o
      1448         28          0          0          0       4414   lcd.o
       424        112          0         50          0      35902   main.o
      1036        212          0          3          0       3143   mcp23017.o
       692         88          0          2          0       2436   menu_nav.o
       124          0          0          0          0       1875   pc_buffer.o
       100          8          0          0          0       1052   ps2.o
       508         24          0          2         28       5713   serial_debug.o
       252         10        620          0      24576       5432   startup_tm4c123.o
       592        138          0          4          0       1525   system_tm4c123.o
       724         34          0          2          0      30261   timers.o
       644         50          0          0          0      29815   uart.o

    ----------------------------------------------------------------------
     11756       1248      17412        100      24604     153634   Object Totals
         0          0         32          0          0          0   (incl. Generated)
         2          0          3          8          0          0   (incl. Padding)

    ----------------------------------------------------------------------

      Code (inc. data)   RO Data    RW Data    ZI Data      Debug   Library Member Name

         0          0          0          0          0          0   entry.o
         0          0          0          0          0          0   entry10a.o
         0          0          0          0          0          0   entry11a.o
         8          4          0          0          0          0   entry2.o
         4          0          0          0          0          0   entry5.o
         0          0          0          0          0          0   entry7b.o
         0          0          0          0          0          0   entry8b.o
         8          4          0          0          0          0   entry9a.o
        30          0          0          0          0          0   handlers.o
        36          8          0          0          0         68   init.o
        30          0          0          0          0         68   llshl.o
        32          0          0          0          0         68   llushr.o
       108         16          0          0          0         84   malloc.o
         0          0          0          8          0          0   mvars.o
       782         62          0          0          0        336   printf5.o
        36         10          0          4          0        136   rand.o
         0          0          0          4          0          0   stdout.o
        14          0          0          0          0         68   strlen.o
        98          0          0          0          0         92   uldiv.o

    ----------------------------------------------------------------------
      1192        104          0         16          0        920   Library Totals
         6          0          0          0          0          0   (incl. Padding)

    ----------------------------------------------------------------------

      Code (inc. data)   RO Data    RW Data    ZI Data      Debug   Library Name

      1186        104          0         16          0        920   mc_w.l

    ----------------------------------------------------------------------
      1192        104          0         16          0        920   Library Totals

    ----------------------------------------------------------------------

==============================================================================


      Code (inc. data)   RO Data    RW Data    ZI Data      Debug   

     12948       1352      17412        116      24604     151094   Grand Totals
     12948       1352      17412        116      24604     151094   ELF Image Totals
     12948       1352      17412        116          0          0   ROM Totals

==============================================================================

    Total RO  Size (Code + RO Data)                30360 (  29.65kB)
    Total RW  Size (RW Data + ZI Data)             24720 (  24.14kB)
    Total ROM Size (Code + RO Data + RW Data)      30476 (  29.76kB)

==============================================================================

