<html>
<body>
<pre>
<h1>µVision Build Log</h1>
<h2>Tool Versions:</h2>
IDE-Version: µVision V5.22.0.0
Copyright (C) 2016 ARM Ltd and ARM Germany GmbH. All rights reserved.
License Information: Shyamal Anadkat, UW-Madison, LIC=----
 
Tool Versions:
Toolchain:       MDK-Lite  Version: 5.22
Toolchain Path:  C:\Keil_v5\ARM\ARMCC\Bin
C Compiler:      Armcc.exe V5.06 update 4 (build 422)
Assembler:       Armasm.exe V5.06 update 4 (build 422)
Linker/Locator:  ArmLink.exe V5.06 update 4 (build 422)
Library Manager: ArmAr.exe V5.06 update 4 (build 422)
Hex Converter:   FromElf.exe V5.06 update 4 (build 422)
CPU DLL:         SARMCM3.DLL V5.22
Dialog DLL:      DCM.DLL V1.13.9.0
Target DLL:      lmidk-agdi.dll V???
Dialog DLL:      TCM.DLL V1.21.0.0
 
<h2>Project:</h2>
C:\ECE353FinalProject\Project_F_2016\Project.uvprojx
Project File Date:  04/28/2017

<h2>Output:</h2>
*** Using Compiler 'V5.06 update 4 (build 422)', folder: 'C:\Keil_v5\ARM\ARMCC\Bin'
Rebuild target 'Project'
compiling ddr_game.c...
..\peripherals\include\mcp23017.h(85): warning:  #1295-D: Deprecated declaration ioexpander_init - give arg types
  
ool ioexpander_init(); //default : I2C1 BASE
..\peripherals\include\mcp23017.h(99): warning:  #1295-D: Deprecated declaration buttons_pressed - give arg types
  uint8_t buttons_pressed();
..\peripherals\include\mcp23017.h(101): warning:  #1-D: last line of file ends without a newline
  #endif
arrow.h(40): warning:  #1-D: last line of file ends without a newline
  #endif
arrow_printing.h(28): warning:  #1-D: last line of file ends without a newline
  #endif
ddr_animations.h(84): warning:  #1-D: last line of file ends without a newline
  #endif
ddr_game.h(21): warning:  #1-D: last line of file ends without a newline
  #endif
ddr_game.c: 7 warnings, 0 errors
compiling ddr_animations.c...
..\peripherals\include\mcp23017.h(85): warning:  #1295-D: Deprecated declaration ioexpander_init - give arg types
  
ool ioexpander_init(); //default : I2C1 BASE
..\peripherals\include\mcp23017.h(99): warning:  #1295-D: Deprecated declaration buttons_pressed - give arg types
  uint8_t buttons_pressed();
..\peripherals\include\mcp23017.h(101): warning:  #1-D: last line of file ends without a newline
  #endif
arrow.h(40): warning:  #1-D: last line of file ends without a newline
  #endif
arrow_printing.h(28): warning:  #1-D: last line of file ends without a newline
  #endif
ddr_animations.h(84): warning:  #1-D: last line of file ends without a newline
  #endif
ddr_animations.c(63): warning:  #940-D: missing return statement at end of non-void function "add_two_arrows" 
  }
ddr_animations.c(121): warning:  #177-D: variable "i"  was declared but never referenced
   	uint16_t i = 0;
ddr_animations.c(202): warning:  #940-D: missing return statement at end of non-void function "correct_button_pressed" 
  }
ddr_animations.c(263): warning:  #1-D: last line of file ends without a newline
  }
ddr_animations.c: 10 warnings, 0 errors
compiling main.c...
..\peripherals\include\mcp23017.h(85): warning:  #1295-D: Deprecated declaration ioexpander_init - give arg types
  
ool ioexpander_init(); //default : I2C1 BASE
..\peripherals\include\mcp23017.h(99): warning:  #1295-D: Deprecated declaration buttons_pressed - give arg types
  uint8_t buttons_pressed();
..\peripherals\include\mcp23017.h(101): warning:  #1-D: last line of file ends without a newline
  #endif
arrow.h(40): warning:  #1-D: last line of file ends without a newline
  #endif
arrow_printing.h(28): warning:  #1-D: last line of file ends without a newline
  #endif
ddr_animations.h(84): warning:  #1-D: last line of file ends without a newline
  #endif
..\drivers\include\adc.h(68): warning:  #1295-D: Deprecated declaration initialize_adc_hw3 - give arg types
  
ool initialize_adc_hw3();
menu_nav.h(24): warning:  #1295-D: Deprecated declaration display_selected_menu_item - give arg types
  void display_selected_menu_item();
menu_nav.h(32): warning:  #1-D: last line of file ends without a newline
  #endif
main.c(98): warning:  #188-D: enumerated type mixed with another type
  			game_state = PLAY_NOW;
main.c(101): warning:  #188-D: enumerated type mixed with another type
  			game_state = HIGH_SCORES;
main.c(187): warning:  #1-D: last line of file ends without a newline
  }
main.c(117): warning:  #177-D: variable "msg"  was declared but never referenced
    char msg[80];
main.c: 13 warnings, 0 errors
compiling ddr_images.c...
compiling arrow.c...
arrow.c(1): warning:  #1-D: last line of file ends without a newline
  #include "arrow.h"
arrow.h(40): warning:  #1-D: last line of file ends without a newline
  #endif
arrow.c: 2 warnings, 0 errors
compiling pc_buffer.c...
compiling menu_nav.c...
..\peripherals\include\mcp23017.h(85): warning:  #1295-D: Deprecated declaration ioexpander_init - give arg types
  
ool ioexpander_init(); //default : I2C1 BASE
..\peripherals\include\mcp23017.h(99): warning:  #1295-D: Deprecated declaration buttons_pressed - give arg types
  uint8_t buttons_pressed();
..\peripherals\include\mcp23017.h(101): warning:  #1-D: last line of file ends without a newline
  #endif
arrow.h(40): warning:  #1-D: last line of file ends without a newline
  #endif
arrow_printing.h(28): warning:  #1-D: last line of file ends without a newline
  #endif
ddr_animations.h(84): warning:  #1-D: last line of file ends without a newline
  #endif
menu_nav.h(24): warning:  #1295-D: Deprecated declaration display_selected_menu_item - give arg types
  void display_selected_menu_item();
menu_nav.h(32): warning:  #1-D: last line of file ends without a newline
  #endif
menu_nav.c: 8 warnings, 0 errors
compiling arrow_printing.c...
arrow.h(40): warning:  #1-D: last line of file ends without a newline
  #endif
arrow_printing.h(28): warning:  #1-D: last line of file ends without a newline
  #endif
arrow_printing.c(128): warning:  #1-D: last line of file ends without a newline
  }
arrow_printing.c: 3 warnings, 0 errors
compiling uart.c...
..\drivers\c\uart.c(184): warning:  #188-D: enumerated type mixed with another type
         return 0;
..\drivers\c\uart.c(329): warning:  #940-D: missing return statement at end of non-void function "uart_init" 
  }
..\drivers\c\uart.c: 2 warnings, 0 errors
compiling gpio_port.c...
..\drivers\c\gpio_port.c(82): warning:  #188-D: enumerated type mixed with another type
         return 0;
..\drivers\c\gpio_port.c: 1 warning, 0 errors
compiling timers.c...
compiling i2c.c...
compiling serial_debug.c...
..\peripherals\c\serial_debug.c(169): warning:  #177-D: variable "uart_base"  was declared but never referenced
     uint32_t uart_base;
..\peripherals\c\serial_debug.c(170): warning:  #177-D: variable "tx_buffer"  was declared but never referenced
     PC_Buffer *tx_buffer;
..\peripherals\c\serial_debug.c(229): warning:  #177-D: variable "c"  was declared but never referenced
      char c;
..\peripherals\c\serial_debug.c(263): warning:  #177-D: variable "uart"  was declared but never referenced
  		UART0_Type *uart = (UART0_Type *)(UART0_BASE);
..\peripherals\c\serial_debug.c: 4 warnings, 0 errors
compiling launchpad_io.c...
compiling lcd_images.c...
compiling lcd.c...
compiling ps2.c...
..\drivers\include\adc.h(68): warning:  #1295-D: Deprecated declaration initialize_adc_hw3 - give arg types
  
ool initialize_adc_hw3();
..\peripherals\c\ps2.c: 1 warning, 0 errors
compiling adc.c...
..\drivers\include\adc.h(68): warning:  #1295-D: Deprecated declaration initialize_adc_hw3 - give arg types
  
ool initialize_adc_hw3();
..\drivers\c\adc.c(197): warning:  #1-D: last line of file ends without a newline
  }
..\drivers\c\adc.c: 2 warnings, 0 errors
assembling startup_TM4C123.s...
compiling mcp23017.c...
..\peripherals\include\mcp23017.h(85): warning:  #1295-D: Deprecated declaration ioexpander_init - give arg types
  
ool ioexpander_init(); //default : I2C1 BASE
..\peripherals\include\mcp23017.h(99): warning:  #1295-D: Deprecated declaration buttons_pressed - give arg types
  uint8_t buttons_pressed();
..\peripherals\include\mcp23017.h(101): warning:  #1-D: last line of file ends without a newline
  #endif
mcp23017.c(187): warning:  #940-D: missing return statement at end of non-void function "debounce_expander_fsm" 
  }
mcp23017.c(254): warning:  #1-D: last line of file ends without a newline
  }
mcp23017.c: 5 warnings, 0 errors
compiling eeprom.c...
..\peripherals\c\eeprom.c(232): warning:  #1-D: last line of file ends without a newline
  }
..\peripherals\c\eeprom.c: 1 warning, 0 errors
compiling system_TM4C123.c...
linking...
Program Size: Code=9520 RO-data=17412 RW-data=84 ZI-data=24604  
".\obj\ece353_base_project.axf" - 0 Error(s), 59 Warning(s).

<h2>Software Packages used:</h2>

Package Vendor: ARM
                http://www.keil.com/pack/ARM.CMSIS.5.0.1.pack
                ARM::CMSIS:CORE:5.0.1
                CMSIS (Cortex Microcontroller Software Interface Standard)
   * Component: CORE Version: 5.0.1

Package Vendor: Keil
                http://www.keil.com/pack/Keil.TM4C_DFP.1.1.0.pack
                Keil::Device:Startup:1.0.1
                Texas Instruments Tiva C Series Device Support and Examples
   * Component: Startup Version: 1.0.1

<h2>Collection of Component include folders:</h2>
  C:\ECE353FinalProject\Project_F_2016\RTE\_Project
  C:\Keil_v5\ARM\PACK\ARM\CMSIS\5.0.1\CMSIS\Include
  C:\Keil_v5\ARM\PACK\Keil\TM4C_DFP\1.1.0\Device\Include\TM4C123

<h2>Collection of Component Files used:</h2>

   * Component: ARM::CMSIS:CORE:5.0.1

   * Component: Keil::Device:Startup:1.0.1
      Include file:  Device\Include\TM4C123\TM4C123.h
      Source file:   Device\Source\ARM\startup_TM4C123.s
      Source file:   Device\Source\system_TM4C123.c
Build Time Elapsed:  00:00:03
</pre>
</body>
</html>
