Component: ARM Compiler 5.06 update 3 (build 300) Tool: armlink [4d35c9]

==============================================================================

Section Cross References

    main.o(.text) refers to validate_uart.o(.text) for initialize_serial_debug
    main.o(.text) refers to launchpad_io.o(.text) for lp_io_init
    main.o(.text) refers to timers.o(.text) for hw3_timer_init
    main.o(.text) refers to ps2.o(.text) for ps2_initialize
    main.o(.text) refers to lcd.o(.text) for lcd_config_gpio
    main.o(.text) refers to memseta.o(.text) for __aeabi_memclr
    main.o(.text) refers to main.o(.bss) for Pixels
    main.o(.text) refers to main.o(.data) for sw1_values
    main.o(.text) refers to timers.o(.data) for ALERT_10MS
    timers.o(.text) refers to timers.o(.data) for count
    lcd.o(.text) refers to gpio_port.o(.text) for gpio_enable_port
    ps2.o(.text) refers to gpio_port.o(.text) for gpio_enable_port
    ps2.o(.text) refers to ps2.o(.data) for PS2_X_DATA
    startup_tm4c123.o(RESET) refers to startup_tm4c123.o(STACK) for __initial_sp
    startup_tm4c123.o(RESET) refers to startup_tm4c123.o(.text) for Reset_Handler
    startup_tm4c123.o(RESET) refers to timers.o(.text) for SysTick_Handler
    startup_tm4c123.o(RESET) refers to ps2.o(.text) for ADC0SS2_Handler
    startup_tm4c123.o(.text) refers to system_tm4c123.o(.text) for SystemInit
    startup_tm4c123.o(.text) refers to entry.o(.ARM.Collect$$$$00000000) for __main
    system_tm4c123.o(.text) refers to system_tm4c123.o(.data) for SystemCoreClock
    validate_uart.o(.text) refers to printf6.o(i.__0sprintf$6) for __2sprintf
    validate_uart.o(.text) refers to validate_sysctl.o(.text) for validate_uart_rcgc
    validate_uart.o(.text) refers to validate_uart.o(.conststring) for .conststring
    entry.o(.ARM.Collect$$$$00000000) refers (Special) to entry10a.o(.ARM.Collect$$$$0000000D) for __rt_final_cpp
    entry.o(.ARM.Collect$$$$00000000) refers (Special) to entry11a.o(.ARM.Collect$$$$0000000F) for __rt_final_exit
    entry.o(.ARM.Collect$$$$00000000) refers (Special) to entry7b.o(.ARM.Collect$$$$00000008) for _main_clock
    entry.o(.ARM.Collect$$$$00000000) refers (Special) to entry8b.o(.ARM.Collect$$$$0000000A) for _main_cpp_init
    entry.o(.ARM.Collect$$$$00000000) refers (Special) to entry9a.o(.ARM.Collect$$$$0000000B) for _main_init
    entry.o(.ARM.Collect$$$$00000000) refers (Special) to entry5.o(.ARM.Collect$$$$00000004) for _main_scatterload
    entry.o(.ARM.Collect$$$$00000000) refers (Special) to entry2.o(.ARM.Collect$$$$00000001) for _main_stk
    printfb.o(i.__0fprintf$bare) refers to printfb.o(i._printf_core) for _printf_core
    printfb.o(i.__0fprintf$bare) refers to fputc.o(i.fputc) for fputc
    printfb.o(i.__0printf$bare) refers to printfb.o(i._printf_core) for _printf_core
    printfb.o(i.__0printf$bare) refers to fputc.o(i.fputc) for fputc
    printfb.o(i.__0printf$bare) refers to stdout.o(.data) for __stdout
    printfb.o(i.__0snprintf$bare) refers to printfb.o(i._printf_core) for _printf_core
    printfb.o(i.__0snprintf$bare) refers to printfb.o(i._snputc) for _snputc
    printfb.o(i.__0sprintf$bare) refers to printfb.o(i._printf_core) for _printf_core
    printfb.o(i.__0sprintf$bare) refers to printfb.o(i._sputc) for _sputc
    printfb.o(i.__0vfprintf$bare) refers to printfb.o(i._printf_core) for _printf_core
    printfb.o(i.__0vfprintf$bare) refers to fputc.o(i.fputc) for fputc
    printfb.o(i.__0vprintf$bare) refers to printfb.o(i._printf_core) for _printf_core
    printfb.o(i.__0vprintf$bare) refers to fputc.o(i.fputc) for fputc
    printfb.o(i.__0vprintf$bare) refers to stdout.o(.data) for __stdout
    printfb.o(i.__0vsnprintf$bare) refers to printfb.o(i._printf_core) for _printf_core
    printfb.o(i.__0vsnprintf$bare) refers to printfb.o(i._snputc) for _snputc
    printfb.o(i.__0vsprintf$bare) refers to printfb.o(i._printf_core) for _printf_core
    printfb.o(i.__0vsprintf$bare) refers to printfb.o(i._sputc) for _sputc
    printf0.o(i.__0fprintf$0) refers to printf0.o(i._printf_core) for _printf_core
    printf0.o(i.__0fprintf$0) refers to fputc.o(i.fputc) for fputc
    printf0.o(i.__0printf$0) refers to printf0.o(i._printf_core) for _printf_core
    printf0.o(i.__0printf$0) refers to fputc.o(i.fputc) for fputc
    printf0.o(i.__0printf$0) refers to stdout.o(.data) for __stdout
    printf0.o(i.__0snprintf$0) refers to printf0.o(i._printf_core) for _printf_core
    printf0.o(i.__0snprintf$0) refers to printf0.o(i._snputc) for _snputc
    printf0.o(i.__0sprintf$0) refers to printf0.o(i._printf_core) for _printf_core
    printf0.o(i.__0sprintf$0) refers to printf0.o(i._sputc) for _sputc
    printf0.o(i.__0vfprintf$0) refers to printf0.o(i._printf_core) for _printf_core
    printf0.o(i.__0vfprintf$0) refers to fputc.o(i.fputc) for fputc
    printf0.o(i.__0vprintf$0) refers to printf0.o(i._printf_core) for _printf_core
    printf0.o(i.__0vprintf$0) refers to fputc.o(i.fputc) for fputc
    printf0.o(i.__0vprintf$0) refers to stdout.o(.data) for __stdout
    printf0.o(i.__0vsnprintf$0) refers to printf0.o(i._printf_core) for _printf_core
    printf0.o(i.__0vsnprintf$0) refers to printf0.o(i._snputc) for _snputc
    printf0.o(i.__0vsprintf$0) refers to printf0.o(i._printf_core) for _printf_core
    printf0.o(i.__0vsprintf$0) refers to printf0.o(i._sputc) for _sputc
    printf1.o(i.__0fprintf$1) refers to printf1.o(i._printf_core) for _printf_core
    printf1.o(i.__0fprintf$1) refers to fputc.o(i.fputc) for fputc
    printf1.o(i.__0printf$1) refers to printf1.o(i._printf_core) for _printf_core
    printf1.o(i.__0printf$1) refers to fputc.o(i.fputc) for fputc
    printf1.o(i.__0printf$1) refers to stdout.o(.data) for __stdout
    printf1.o(i.__0snprintf$1) refers to printf1.o(i._printf_core) for _printf_core
    printf1.o(i.__0snprintf$1) refers to printf1.o(i._snputc) for _snputc
    printf1.o(i.__0sprintf$1) refers to printf1.o(i._printf_core) for _printf_core
    printf1.o(i.__0sprintf$1) refers to printf1.o(i._sputc) for _sputc
    printf1.o(i.__0vfprintf$1) refers to printf1.o(i._printf_core) for _printf_core
    printf1.o(i.__0vfprintf$1) refers to fputc.o(i.fputc) for fputc
    printf1.o(i.__0vprintf$1) refers to printf1.o(i._printf_core) for _printf_core
    printf1.o(i.__0vprintf$1) refers to fputc.o(i.fputc) for fputc
    printf1.o(i.__0vprintf$1) refers to stdout.o(.data) for __stdout
    printf1.o(i.__0vsnprintf$1) refers to printf1.o(i._printf_core) for _printf_core
    printf1.o(i.__0vsnprintf$1) refers to printf1.o(i._snputc) for _snputc
    printf1.o(i.__0vsprintf$1) refers to printf1.o(i._printf_core) for _printf_core
    printf1.o(i.__0vsprintf$1) refers to printf1.o(i._sputc) for _sputc
    printf1.o(i._printf_core) refers to uidiv.o(.text) for __aeabi_uidivmod
    printf2.o(i.__0fprintf$2) refers to printf2.o(i._printf_core) for _printf_core
    printf2.o(i.__0fprintf$2) refers to fputc.o(i.fputc) for fputc
    printf2.o(i.__0printf$2) refers to printf2.o(i._printf_core) for _printf_core
    printf2.o(i.__0printf$2) refers to fputc.o(i.fputc) for fputc
    printf2.o(i.__0printf$2) refers to stdout.o(.data) for __stdout
    printf2.o(i.__0snprintf$2) refers to printf2.o(i._printf_core) for _printf_core
    printf2.o(i.__0snprintf$2) refers to printf2.o(i._snputc) for _snputc
    printf2.o(i.__0sprintf$2) refers to printf2.o(i._printf_core) for _printf_core
    printf2.o(i.__0sprintf$2) refers to printf2.o(i._sputc) for _sputc
    printf2.o(i.__0vfprintf$2) refers to printf2.o(i._printf_core) for _printf_core
    printf2.o(i.__0vfprintf$2) refers to fputc.o(i.fputc) for fputc
    printf2.o(i.__0vprintf$2) refers to printf2.o(i._printf_core) for _printf_core
    printf2.o(i.__0vprintf$2) refers to fputc.o(i.fputc) for fputc
    printf2.o(i.__0vprintf$2) refers to stdout.o(.data) for __stdout
    printf2.o(i.__0vsnprintf$2) refers to printf2.o(i._printf_core) for _printf_core
    printf2.o(i.__0vsnprintf$2) refers to printf2.o(i._snputc) for _snputc
    printf2.o(i.__0vsprintf$2) refers to printf2.o(i._printf_core) for _printf_core
    printf2.o(i.__0vsprintf$2) refers to printf2.o(i._sputc) for _sputc
    printf3.o(i.__0fprintf$3) refers to printf3.o(i._printf_core) for _printf_core
    printf3.o(i.__0fprintf$3) refers to fputc.o(i.fputc) for fputc
    printf3.o(i.__0printf$3) refers to printf3.o(i._printf_core) for _printf_core
    printf3.o(i.__0printf$3) refers to fputc.o(i.fputc) for fputc
    printf3.o(i.__0printf$3) refers to stdout.o(.data) for __stdout
    printf3.o(i.__0snprintf$3) refers to printf3.o(i._printf_core) for _printf_core
    printf3.o(i.__0snprintf$3) refers to printf3.o(i._snputc) for _snputc
    printf3.o(i.__0sprintf$3) refers to printf3.o(i._printf_core) for _printf_core
    printf3.o(i.__0sprintf$3) refers to printf3.o(i._sputc) for _sputc
    printf3.o(i.__0vfprintf$3) refers to printf3.o(i._printf_core) for _printf_core
    printf3.o(i.__0vfprintf$3) refers to fputc.o(i.fputc) for fputc
    printf3.o(i.__0vprintf$3) refers to printf3.o(i._printf_core) for _printf_core
    printf3.o(i.__0vprintf$3) refers to fputc.o(i.fputc) for fputc
    printf3.o(i.__0vprintf$3) refers to stdout.o(.data) for __stdout
    printf3.o(i.__0vsnprintf$3) refers to printf3.o(i._printf_core) for _printf_core
    printf3.o(i.__0vsnprintf$3) refers to printf3.o(i._snputc) for _snputc
    printf3.o(i.__0vsprintf$3) refers to printf3.o(i._printf_core) for _printf_core
    printf3.o(i.__0vsprintf$3) refers to printf3.o(i._sputc) for _sputc
    printf3.o(i._printf_core) refers to uidiv.o(.text) for __aeabi_uidivmod
    printf4.o(i.__0fprintf$4) refers to printf4.o(i._printf_core) for _printf_core
    printf4.o(i.__0fprintf$4) refers to fputc.o(i.fputc) for fputc
    printf4.o(i.__0printf$4) refers to printf4.o(i._printf_core) for _printf_core
    printf4.o(i.__0printf$4) refers to fputc.o(i.fputc) for fputc
    printf4.o(i.__0printf$4) refers to stdout.o(.data) for __stdout
    printf4.o(i.__0snprintf$4) refers to printf4.o(i._printf_core) for _printf_core
    printf4.o(i.__0snprintf$4) refers to printf4.o(i._snputc) for _snputc
    printf4.o(i.__0sprintf$4) refers to printf4.o(i._printf_core) for _printf_core
    printf4.o(i.__0sprintf$4) refers to printf4.o(i._sputc) for _sputc
    printf4.o(i.__0vfprintf$4) refers to printf4.o(i._printf_core) for _printf_core
    printf4.o(i.__0vfprintf$4) refers to fputc.o(i.fputc) for fputc
    printf4.o(i.__0vprintf$4) refers to printf4.o(i._printf_core) for _printf_core
    printf4.o(i.__0vprintf$4) refers to fputc.o(i.fputc) for fputc
    printf4.o(i.__0vprintf$4) refers to stdout.o(.data) for __stdout
    printf4.o(i.__0vsnprintf$4) refers to printf4.o(i._printf_core) for _printf_core
    printf4.o(i.__0vsnprintf$4) refers to printf4.o(i._snputc) for _snputc
    printf4.o(i.__0vsprintf$4) refers to printf4.o(i._printf_core) for _printf_core
    printf4.o(i.__0vsprintf$4) refers to printf4.o(i._sputc) for _sputc
    printf4.o(i._printf_core) refers to uldiv.o(.text) for __aeabi_uldivmod
    printf5.o(i.__0fprintf$5) refers to printf5.o(i._printf_core) for _printf_core
    printf5.o(i.__0fprintf$5) refers to fputc.o(i.fputc) for fputc
    printf5.o(i.__0printf$5) refers to printf5.o(i._printf_core) for _printf_core
    printf5.o(i.__0printf$5) refers to fputc.o(i.fputc) for fputc
    printf5.o(i.__0printf$5) refers to stdout.o(.data) for __stdout
    printf5.o(i.__0snprintf$5) refers to printf5.o(i._printf_core) for _printf_core
    printf5.o(i.__0snprintf$5) refers to printf5.o(i._snputc) for _snputc
    printf5.o(i.__0sprintf$5) refers to printf5.o(i._printf_core) for _printf_core
    printf5.o(i.__0sprintf$5) refers to printf5.o(i._sputc) for _sputc
    printf5.o(i.__0vfprintf$5) refers to printf5.o(i._printf_core) for _printf_core
    printf5.o(i.__0vfprintf$5) refers to fputc.o(i.fputc) for fputc
    printf5.o(i.__0vprintf$5) refers to printf5.o(i._printf_core) for _printf_core
    printf5.o(i.__0vprintf$5) refers to fputc.o(i.fputc) for fputc
    printf5.o(i.__0vprintf$5) refers to stdout.o(.data) for __stdout
    printf5.o(i.__0vsnprintf$5) refers to printf5.o(i._printf_core) for _printf_core
    printf5.o(i.__0vsnprintf$5) refers to printf5.o(i._snputc) for _snputc
    printf5.o(i.__0vsprintf$5) refers to printf5.o(i._printf_core) for _printf_core
    printf5.o(i.__0vsprintf$5) refers to printf5.o(i._sputc) for _sputc
    printf5.o(i._printf_core) refers to uldiv.o(.text) for __aeabi_uldivmod
    printf6.o(i.__0fprintf$6) refers to printf6.o(i._printf_core) for _printf_core
    printf6.o(i.__0fprintf$6) refers to fputc.o(i.fputc) for fputc
    printf6.o(i.__0printf$6) refers to printf6.o(i._printf_core) for _printf_core
    printf6.o(i.__0printf$6) refers to fputc.o(i.fputc) for fputc
    printf6.o(i.__0printf$6) refers to stdout.o(.data) for __stdout
    printf6.o(i.__0snprintf$6) refers to printf6.o(i._printf_core) for _printf_core
    printf6.o(i.__0snprintf$6) refers to printf6.o(i._snputc) for _snputc
    printf6.o(i.__0sprintf$6) refers to printf6.o(i._printf_core) for _printf_core
    printf6.o(i.__0sprintf$6) refers to printf6.o(i._sputc) for _sputc
    printf6.o(i.__0vfprintf$6) refers to printf6.o(i._printf_core) for _printf_core
    printf6.o(i.__0vfprintf$6) refers to fputc.o(i.fputc) for fputc
    printf6.o(i.__0vprintf$6) refers to printf6.o(i._printf_core) for _printf_core
    printf6.o(i.__0vprintf$6) refers to fputc.o(i.fputc) for fputc
    printf6.o(i.__0vprintf$6) refers to stdout.o(.data) for __stdout
    printf6.o(i.__0vsnprintf$6) refers to printf6.o(i._printf_core) for _printf_core
    printf6.o(i.__0vsnprintf$6) refers to printf6.o(i._snputc) for _snputc
    printf6.o(i.__0vsprintf$6) refers to printf6.o(i._printf_core) for _printf_core
    printf6.o(i.__0vsprintf$6) refers to printf6.o(i._sputc) for _sputc
    printf6.o(i._printf_core) refers to printf6.o(i._printf_pre_padding) for _printf_pre_padding
    printf6.o(i._printf_core) refers to uidiv.o(.text) for __aeabi_uidivmod
    printf6.o(i._printf_core) refers to printf6.o(i._printf_post_padding) for _printf_post_padding
    printf7.o(i.__0fprintf$7) refers to printf7.o(i._printf_core) for _printf_core
    printf7.o(i.__0fprintf$7) refers to fputc.o(i.fputc) for fputc
    printf7.o(i.__0printf$7) refers to printf7.o(i._printf_core) for _printf_core
    printf7.o(i.__0printf$7) refers to fputc.o(i.fputc) for fputc
    printf7.o(i.__0printf$7) refers to stdout.o(.data) for __stdout
    printf7.o(i.__0snprintf$7) refers to printf7.o(i._printf_core) for _printf_core
    printf7.o(i.__0snprintf$7) refers to printf7.o(i._snputc) for _snputc
    printf7.o(i.__0sprintf$7) refers to printf7.o(i._printf_core) for _printf_core
    printf7.o(i.__0sprintf$7) refers to printf7.o(i._sputc) for _sputc
    printf7.o(i.__0vfprintf$7) refers to printf7.o(i._printf_core) for _printf_core
    printf7.o(i.__0vfprintf$7) refers to fputc.o(i.fputc) for fputc
    printf7.o(i.__0vprintf$7) refers to printf7.o(i._printf_core) for _printf_core
    printf7.o(i.__0vprintf$7) refers to fputc.o(i.fputc) for fputc
    printf7.o(i.__0vprintf$7) refers to stdout.o(.data) for __stdout
    printf7.o(i.__0vsnprintf$7) refers to printf7.o(i._printf_core) for _printf_core
    printf7.o(i.__0vsnprintf$7) refers to printf7.o(i._snputc) for _snputc
    printf7.o(i.__0vsprintf$7) refers to printf7.o(i._printf_core) for _printf_core
    printf7.o(i.__0vsprintf$7) refers to printf7.o(i._sputc) for _sputc
    printf7.o(i._printf_core) refers to printf7.o(i._printf_pre_padding) for _printf_pre_padding
    printf7.o(i._printf_core) refers to uldiv.o(.text) for __aeabi_uldivmod
    printf7.o(i._printf_core) refers to printf7.o(i._printf_post_padding) for _printf_post_padding
    printf8.o(i.__0fprintf$8) refers to printf8.o(i._printf_core) for _printf_core
    printf8.o(i.__0fprintf$8) refers to fputc.o(i.fputc) for fputc
    printf8.o(i.__0printf$8) refers to printf8.o(i._printf_core) for _printf_core
    printf8.o(i.__0printf$8) refers to fputc.o(i.fputc) for fputc
    printf8.o(i.__0printf$8) refers to stdout.o(.data) for __stdout
    printf8.o(i.__0snprintf$8) refers to printf8.o(i._printf_core) for _printf_core
    printf8.o(i.__0snprintf$8) refers to printf8.o(i._snputc) for _snputc
    printf8.o(i.__0sprintf$8) refers to printf8.o(i._printf_core) for _printf_core
    printf8.o(i.__0sprintf$8) refers to printf8.o(i._sputc) for _sputc
    printf8.o(i.__0vfprintf$8) refers to printf8.o(i._printf_core) for _printf_core
    printf8.o(i.__0vfprintf$8) refers to fputc.o(i.fputc) for fputc
    printf8.o(i.__0vprintf$8) refers to printf8.o(i._printf_core) for _printf_core
    printf8.o(i.__0vprintf$8) refers to fputc.o(i.fputc) for fputc
    printf8.o(i.__0vprintf$8) refers to stdout.o(.data) for __stdout
    printf8.o(i.__0vsnprintf$8) refers to printf8.o(i._printf_core) for _printf_core
    printf8.o(i.__0vsnprintf$8) refers to printf8.o(i._snputc) for _snputc
    printf8.o(i.__0vsprintf$8) refers to printf8.o(i._printf_core) for _printf_core
    printf8.o(i.__0vsprintf$8) refers to printf8.o(i._sputc) for _sputc
    printf8.o(i._printf_core) refers to printf8.o(i._printf_pre_padding) for _printf_pre_padding
    printf8.o(i._printf_core) refers to uldiv.o(.text) for __aeabi_uldivmod
    printf8.o(i._printf_core) refers to printf8.o(i._printf_post_padding) for _printf_post_padding
    printfa.o(i.__0fprintf) refers (Special) to iusefp.o(.text) for __I$use$fp
    printfa.o(i.__0fprintf) refers to printfa.o(i._printf_core) for _printf_core
    printfa.o(i.__0fprintf) refers to fputc.o(i.fputc) for fputc
    printfa.o(i.__0printf) refers (Special) to iusefp.o(.text) for __I$use$fp
    printfa.o(i.__0printf) refers to printfa.o(i._printf_core) for _printf_core
    printfa.o(i.__0printf) refers to fputc.o(i.fputc) for fputc
    printfa.o(i.__0printf) refers to stdout.o(.data) for __stdout
    printfa.o(i.__0snprintf) refers (Special) to iusefp.o(.text) for __I$use$fp
    printfa.o(i.__0snprintf) refers to printfa.o(i._printf_core) for _printf_core
    printfa.o(i.__0snprintf) refers to printfa.o(i._snputc) for _snputc
    printfa.o(i.__0sprintf) refers (Special) to iusefp.o(.text) for __I$use$fp
    printfa.o(i.__0sprintf) refers to printfa.o(i._printf_core) for _printf_core
    printfa.o(i.__0sprintf) refers to printfa.o(i._sputc) for _sputc
    printfa.o(i.__0vfprintf) refers (Special) to iusefp.o(.text) for __I$use$fp
    printfa.o(i.__0vfprintf) refers to printfa.o(i._printf_core) for _printf_core
    printfa.o(i.__0vfprintf) refers to fputc.o(i.fputc) for fputc
    printfa.o(i.__0vprintf) refers (Special) to iusefp.o(.text) for __I$use$fp
    printfa.o(i.__0vprintf) refers to printfa.o(i._printf_core) for _printf_core
    printfa.o(i.__0vprintf) refers to fputc.o(i.fputc) for fputc
    printfa.o(i.__0vprintf) refers to stdout.o(.data) for __stdout
    printfa.o(i.__0vsnprintf) refers (Special) to iusefp.o(.text) for __I$use$fp
    printfa.o(i.__0vsnprintf) refers to printfa.o(i._printf_core) for _printf_core
    printfa.o(i.__0vsnprintf) refers to printfa.o(i._snputc) for _snputc
    printfa.o(i.__0vsprintf) refers (Special) to iusefp.o(.text) for __I$use$fp
    printfa.o(i.__0vsprintf) refers to printfa.o(i._printf_core) for _printf_core
    printfa.o(i.__0vsprintf) refers to printfa.o(i._sputc) for _sputc
    printfa.o(i._fp_digits) refers (Special) to iusefp.o(.text) for __I$use$fp
    printfa.o(i._fp_digits) refers to dmul.o(.text) for __aeabi_dmul
    printfa.o(i._fp_digits) refers to ddiv.o(.text) for __aeabi_ddiv
    printfa.o(i._fp_digits) refers to cdrcmple.o(.text) for __aeabi_cdrcmple
    printfa.o(i._fp_digits) refers to dadd.o(.text) for __aeabi_dadd
    printfa.o(i._fp_digits) refers to dfixul.o(.text) for __aeabi_d2ulz
    printfa.o(i._fp_digits) refers to uldiv.o(.text) for __aeabi_uldivmod
    printfa.o(i._printf_core) refers (Special) to iusefp.o(.text) for __I$use$fp
    printfa.o(i._printf_core) refers to printfa.o(i._printf_pre_padding) for _printf_pre_padding
    printfa.o(i._printf_core) refers to uldiv.o(.text) for __aeabi_uldivmod
    printfa.o(i._printf_core) refers to printfa.o(i._printf_post_padding) for _printf_post_padding
    printfa.o(i._printf_core) refers to printfa.o(i._fp_digits) for _fp_digits
    printfa.o(i._printf_core) refers to uidiv.o(.text) for __aeabi_uidivmod
    printfa.o(i._printf_post_padding) refers (Special) to iusefp.o(.text) for __I$use$fp
    printfa.o(i._printf_pre_padding) refers (Special) to iusefp.o(.text) for __I$use$fp
    printfa.o(i._snputc) refers (Special) to iusefp.o(.text) for __I$use$fp
    printfa.o(i._sputc) refers (Special) to iusefp.o(.text) for __I$use$fp
    entry2.o(.ARM.Collect$$$$00000001) refers to entry2.o(.ARM.Collect$$$$00002712) for __lit__00000000
    entry2.o(.ARM.Collect$$$$00002712) refers to startup_tm4c123.o(STACK) for __initial_sp
    entry2.o(__vectab_stack_and_reset_area) refers to startup_tm4c123.o(STACK) for __initial_sp
    entry2.o(__vectab_stack_and_reset_area) refers to entry.o(.ARM.Collect$$$$00000000) for __main
    entry5.o(.ARM.Collect$$$$00000004) refers to init.o(.text) for __scatterload
    entry9a.o(.ARM.Collect$$$$0000000B) refers to main.o(.text) for main
    entry9b.o(.ARM.Collect$$$$0000000C) refers to main.o(.text) for main
    fputc.o(i.fputc) refers (Special) to iusesemip.o(.text) for __I$use$semihosting$fputc
    fputc.o(i.fputc) refers (Special) to semi.o(.text) for __semihosting_library_function
    uldiv.o(.text) refers to llushr.o(.text) for __aeabi_llsr
    uldiv.o(.text) refers to llshl.o(.text) for __aeabi_llsl
    dadd.o(.text) refers to llshl.o(.text) for __aeabi_llsl
    dadd.o(.text) refers to llsshr.o(.text) for __aeabi_lasr
    dadd.o(.text) refers to depilogue.o(.text) for _double_epilogue
    dmul.o(.text) refers to depilogue.o(.text) for _double_epilogue
    ddiv.o(.text) refers to depilogue.o(.text) for _double_round
    dfixul.o(.text) refers to llushr.o(.text) for __aeabi_llsr
    dfixul.o(.text) refers to llshl.o(.text) for __aeabi_llsl
    init.o(.text) refers to entry5.o(.ARM.Collect$$$$00000004) for __main_after_scatterload
    depilogue.o(.text) refers to llshl.o(.text) for __aeabi_llsl
    depilogue.o(.text) refers to llushr.o(.text) for __aeabi_llsr


==============================================================================

Removing Unused input sections from the image.

    Removing main.o(.rev16_text), (4 bytes).
    Removing main.o(.revsh_text), (4 bytes).
    Removing main.o(.rrx_text), (6 bytes).
    Removing gpio_port.o(.rev16_text), (4 bytes).
    Removing gpio_port.o(.revsh_text), (4 bytes).
    Removing gpio_port.o(.rrx_text), (6 bytes).
    Removing timers.o(.rev16_text), (4 bytes).
    Removing timers.o(.revsh_text), (4 bytes).
    Removing timers.o(.rrx_text), (6 bytes).
    Removing launchpad_io.o(.rev16_text), (4 bytes).
    Removing launchpad_io.o(.revsh_text), (4 bytes).
    Removing launchpad_io.o(.rrx_text), (6 bytes).
    Removing lcd.o(.rev16_text), (4 bytes).
    Removing lcd.o(.revsh_text), (4 bytes).
    Removing lcd.o(.rrx_text), (6 bytes).
    Removing ps2.o(.rev16_text), (4 bytes).
    Removing ps2.o(.revsh_text), (4 bytes).
    Removing ps2.o(.rrx_text), (6 bytes).
    Removing startup_tm4c123.o(HEAP), (0 bytes).
    Removing system_tm4c123.o(.rev16_text), (4 bytes).
    Removing system_tm4c123.o(.revsh_text), (4 bytes).
    Removing system_tm4c123.o(.rrx_text), (6 bytes).
    Removing validate_uart.o(.rev16_text), (4 bytes).
    Removing validate_uart.o(.revsh_text), (4 bytes).
    Removing validate_uart.o(.rrx_text), (6 bytes).
    Removing validate_sysctl.o(.rev16_text), (4 bytes).
    Removing validate_sysctl.o(.revsh_text), (4 bytes).
    Removing validate_sysctl.o(.rrx_text), (6 bytes).
    Removing dadd.o(.text), (334 bytes).
    Removing dmul.o(.text), (228 bytes).
    Removing ddiv.o(.text), (222 bytes).
    Removing dfixul.o(.text), (48 bytes).
    Removing cdrcmple.o(.text), (48 bytes).
    Removing depilogue.o(.text), (186 bytes).

34 unused section(s) (total 1192 bytes) removed from the image.

==============================================================================

Image Symbol Table

    Local Symbols

    Symbol Name                              Value     Ov Type        Size  Object(Section)

    RESET                                    0x00000000   Section      620  startup_tm4c123.o(RESET)
    ../clib/microlib/division.c              0x00000000   Number         0  uldiv.o ABSOLUTE
    ../clib/microlib/division.c              0x00000000   Number         0  uidiv.o ABSOLUTE
    ../clib/microlib/init/entry.s            0x00000000   Number         0  entry8a.o ABSOLUTE
    ../clib/microlib/init/entry.s            0x00000000   Number         0  entry.o ABSOLUTE
    ../clib/microlib/init/entry.s            0x00000000   Number         0  entry10a.o ABSOLUTE
    ../clib/microlib/init/entry.s            0x00000000   Number         0  entry11b.o ABSOLUTE
    ../clib/microlib/init/entry.s            0x00000000   Number         0  entry10b.o ABSOLUTE
    ../clib/microlib/init/entry.s            0x00000000   Number         0  entry8b.o ABSOLUTE
    ../clib/microlib/init/entry.s            0x00000000   Number         0  entry11a.o ABSOLUTE
    ../clib/microlib/init/entry.s            0x00000000   Number         0  entry7a.o ABSOLUTE
    ../clib/microlib/init/entry.s            0x00000000   Number         0  entry7b.o ABSOLUTE
    ../clib/microlib/init/entry.s            0x00000000   Number         0  entry2.o ABSOLUTE
    ../clib/microlib/init/entry.s            0x00000000   Number         0  entry5.o ABSOLUTE
    ../clib/microlib/init/entry.s            0x00000000   Number         0  entry9a.o ABSOLUTE
    ../clib/microlib/init/entry.s            0x00000000   Number         0  entry9b.o ABSOLUTE
    ../clib/microlib/longlong.c              0x00000000   Number         0  llsshr.o ABSOLUTE
    ../clib/microlib/longlong.c              0x00000000   Number         0  llushr.o ABSOLUTE
    ../clib/microlib/longlong.c              0x00000000   Number         0  llshl.o ABSOLUTE
    ../clib/microlib/printf/printf.c         0x00000000   Number         0  printf7.o ABSOLUTE
    ../clib/microlib/printf/printf.c         0x00000000   Number         0  printf8.o ABSOLUTE
    ../clib/microlib/printf/printf.c         0x00000000   Number         0  printf1.o ABSOLUTE
    ../clib/microlib/printf/printf.c         0x00000000   Number         0  printf2.o ABSOLUTE
    ../clib/microlib/printf/printf.c         0x00000000   Number         0  printfa.o ABSOLUTE
    ../clib/microlib/printf/printf.c         0x00000000   Number         0  printf6.o ABSOLUTE
    ../clib/microlib/printf/printf.c         0x00000000   Number         0  printf5.o ABSOLUTE
    ../clib/microlib/printf/printf.c         0x00000000   Number         0  printf4.o ABSOLUTE
    ../clib/microlib/printf/printf.c         0x00000000   Number         0  printf3.o ABSOLUTE
    ../clib/microlib/printf/printf.c         0x00000000   Number         0  printf0.o ABSOLUTE
    ../clib/microlib/printf/printf.c         0x00000000   Number         0  printfb.o ABSOLUTE
    ../clib/microlib/printf/stubs.s          0x00000000   Number         0  stubs.o ABSOLUTE
    ../clib/microlib/stdio/fputc.c           0x00000000   Number         0  fputc.o ABSOLUTE
    ../clib/microlib/stdio/semi.s            0x00000000   Number         0  semi.o ABSOLUTE
    ../clib/microlib/stdio/streams.c         0x00000000   Number         0  stdout.o ABSOLUTE
    ../clib/microlib/string/memset.c         0x00000000   Number         0  memseta.o ABSOLUTE
    ../clib/microlib/stubs.s                 0x00000000   Number         0  iusesemip.o ABSOLUTE
    ../clib/microlib/stubs.s                 0x00000000   Number         0  iusefp.o ABSOLUTE
    ../fplib/microlib/fpadd.c                0x00000000   Number         0  dadd.o ABSOLUTE
    ../fplib/microlib/fpdiv.c                0x00000000   Number         0  ddiv.o ABSOLUTE
    ../fplib/microlib/fpepilogue.c           0x00000000   Number         0  depilogue.o ABSOLUTE
    ../fplib/microlib/fpfix.c                0x00000000   Number         0  dfixul.o ABSOLUTE
    ../fplib/microlib/fpmul.c                0x00000000   Number         0  dmul.o ABSOLUTE
    ..\\drivers\\c\\gpio_port.c              0x00000000   Number         0  gpio_port.o ABSOLUTE
    ..\drivers\c\gpio_port.c                 0x00000000   Number         0  gpio_port.o ABSOLUTE
    RTE\Device\TM4C123GH6PM\startup_TM4C123.s 0x00000000   Number         0  startup_tm4c123.o ABSOLUTE
    RTE\Device\TM4C123GH6PM\system_TM4C123.c 0x00000000   Number         0  system_tm4c123.o ABSOLUTE
    RTE\\Device\\TM4C123GH6PM\\system_TM4C123.c 0x00000000   Number         0  system_tm4c123.o ABSOLUTE
    cdrcmple.s                               0x00000000   Number         0  cdrcmple.o ABSOLUTE
    dc.s                                     0x00000000   Number         0  dc.o ABSOLUTE
    handlers.s                               0x00000000   Number         0  handlers.o ABSOLUTE
    init.s                                   0x00000000   Number         0  init.o ABSOLUTE
    launchpad_io.c                           0x00000000   Number         0  launchpad_io.o ABSOLUTE
    launchpad_io.c                           0x00000000   Number         0  launchpad_io.o ABSOLUTE
    lcd.c                                    0x00000000   Number         0  lcd.o ABSOLUTE
    lcd.c                                    0x00000000   Number         0  lcd.o ABSOLUTE
    main.c                                   0x00000000   Number         0  main.o ABSOLUTE
    main.c                                   0x00000000   Number         0  main.o ABSOLUTE
    ps2.c                                    0x00000000   Number         0  ps2.o ABSOLUTE
    ps2.c                                    0x00000000   Number         0  ps2.o ABSOLUTE
    timers.c                                 0x00000000   Number         0  timers.o ABSOLUTE
    timers.c                                 0x00000000   Number         0  timers.o ABSOLUTE
    validate_sysctl.c                        0x00000000   Number         0  validate_sysctl.o ABSOLUTE
    validate_sysctl.c                        0x00000000   Number         0  validate_sysctl.o ABSOLUTE
    validate_uart.c                          0x00000000   Number         0  validate_uart.o ABSOLUTE
    validate_uart.c                          0x00000000   Number         0  validate_uart.o ABSOLUTE
    .ARM.Collect$$$$00000000                 0x0000026c   Section        0  entry.o(.ARM.Collect$$$$00000000)
    .ARM.Collect$$$$00000001                 0x0000026c   Section        4  entry2.o(.ARM.Collect$$$$00000001)
    .ARM.Collect$$$$00000004                 0x00000270   Section        4  entry5.o(.ARM.Collect$$$$00000004)
    .ARM.Collect$$$$00000008                 0x00000274   Section        0  entry7b.o(.ARM.Collect$$$$00000008)
    .ARM.Collect$$$$0000000A                 0x00000274   Section        0  entry8b.o(.ARM.Collect$$$$0000000A)
    .ARM.Collect$$$$0000000B                 0x00000274   Section        8  entry9a.o(.ARM.Collect$$$$0000000B)
    .ARM.Collect$$$$0000000D                 0x0000027c   Section        0  entry10a.o(.ARM.Collect$$$$0000000D)
    .ARM.Collect$$$$0000000F                 0x0000027c   Section        0  entry11a.o(.ARM.Collect$$$$0000000F)
    .ARM.Collect$$$$00002712                 0x0000027c   Section        4  entry2.o(.ARM.Collect$$$$00002712)
    __lit__00000000                          0x0000027c   Data           4  entry2.o(.ARM.Collect$$$$00002712)
    .text                                    0x00000280   Section        0  main.o(.text)
    .text                                    0x00000698   Section        0  gpio_port.o(.text)
    verify_base_addr                         0x00000699   Thumb Code    64  gpio_port.o(.text)
    .text                                    0x0000095c   Section        0  timers.o(.text)
    NVIC_SetPriority                         0x0000095d   Thumb Code    32  timers.o(.text)
    verify_base_addr                         0x0000097d   Thumb Code    64  timers.o(.text)
    get_clock_masks                          0x000009bd   Thumb Code   106  timers.o(.text)
    hw3_configure_timer_A                    0x00000a27   Thumb Code    80  timers.o(.text)
    hw3_configure_timer_B                    0x00000a77   Thumb Code    80  timers.o(.text)
    NVIC_EnableIRQ                           0x00000bfd   Thumb Code    22  timers.o(.text)
    .text                                    0x00000c4c   Section        0  launchpad_io.o(.text)
    .text                                    0x00000d10   Section        0  lcd.o(.text)
    delayms                                  0x00000d11   Thumb Code    26  lcd.o(.text)
    lcd_write_cmd_u8                         0x00000d2b   Thumb Code    34  lcd.o(.text)
    lcd_write_data_u8                        0x00000d4d   Thumb Code    36  lcd.o(.text)
    lcd_write_data_u16                       0x00000d71   Thumb Code    60  lcd.o(.text)
    .text                                    0x0000123c   Section        0  ps2.o(.text)
    initialize_adc_gpio_pins                 0x0000123d   Thumb Code    34  ps2.o(.text)
    .text                                    0x000013a8   Section      252  startup_tm4c123.o(.text)
    $v0                                      0x000013a8   Number         0  startup_tm4c123.o(.text)
    .text                                    0x000014a4   Section        0  system_tm4c123.o(.text)
    getOscClk                                0x000014a5   Thumb Code   182  system_tm4c123.o(.text)
    .text                                    0x000016f4   Section        0  validate_uart.o(.text)
    uart_get_ibrd                            0x0000179f   Thumb Code    28  validate_uart.o(.text)
    uart_get_fbrd                            0x000017bb   Thumb Code    28  validate_uart.o(.text)
    uart_get_irq_num                         0x000017d7   Thumb Code    68  validate_uart.o(.text)
    .text                                    0x00001af0   Section        0  validate_sysctl.o(.text)
    get_gpio_rcgc                            0x00001af1   Thumb Code    74  validate_sysctl.o(.text)
    get_adc_rcgc                             0x00001b3b   Thumb Code    28  validate_sysctl.o(.text)
    get_gpt_rcgc                             0x00001b57   Thumb Code    74  validate_sysctl.o(.text)
    get_uart_rcgc                            0x00001ba1   Thumb Code    68  validate_sysctl.o(.text)
    get_spi_rcgc                             0x00001be5   Thumb Code    48  validate_sysctl.o(.text)
    .text                                    0x00001cbc   Section        0  memseta.o(.text)
    .text                                    0x00001ce0   Section        0  uidiv.o(.text)
    .text                                    0x00001d0c   Section       36  init.o(.text)
    i.__0sprintf$6                           0x00001d30   Section        0  printf6.o(i.__0sprintf$6)
    i.__scatterload_copy                     0x00001d58   Section       14  handlers.o(i.__scatterload_copy)
    i.__scatterload_null                     0x00001d66   Section        2  handlers.o(i.__scatterload_null)
    i.__scatterload_zeroinit                 0x00001d68   Section       14  handlers.o(i.__scatterload_zeroinit)
    i._printf_core                           0x00001d78   Section        0  printf6.o(i._printf_core)
    _printf_core                             0x00001d79   Thumb Code   748  printf6.o(i._printf_core)
    i._printf_post_padding                   0x00002068   Section        0  printf6.o(i._printf_post_padding)
    _printf_post_padding                     0x00002069   Thumb Code    36  printf6.o(i._printf_post_padding)
    i._printf_pre_padding                    0x0000208c   Section        0  printf6.o(i._printf_pre_padding)
    _printf_pre_padding                      0x0000208d   Thumb Code    46  printf6.o(i._printf_pre_padding)
    i._sputc                                 0x000020ba   Section        0  printf6.o(i._sputc)
    _sputc                                   0x000020bb   Thumb Code    10  printf6.o(i._sputc)
    .conststring                             0x000020c4   Section       92  validate_uart.o(.conststring)
    .data                                    0x20000000   Section       46  main.o(.data)
    sw1_values                               0x2000002c   Data           2  main.o(.data)
    .data                                    0x2000002e   Section        5  timers.o(.data)
    count                                    0x20000030   Data           1  timers.o(.data)
    toggle                                   0x20000031   Data           1  timers.o(.data)
    toggle                                   0x20000032   Data           1  timers.o(.data)
    .data                                    0x20000034   Section        5  ps2.o(.data)
    PS2_X_DATA                               0x20000034   Data           2  ps2.o(.data)
    PS2_Y_DATA                               0x20000036   Data           2  ps2.o(.data)
    .data                                    0x2000003c   Section        4  system_tm4c123.o(.data)
    .bss                                     0x20000040   Section     9600  main.o(.bss)
    STACK                                    0x200025c0   Section     4096  startup_tm4c123.o(STACK)

    Global Symbols

    Symbol Name                              Value     Ov Type        Size  Object(Section)

    BuildAttributes$$THM_ISAv4$E$P$D$K$B$S$7EM$VFPi3$EXTD16$VFPS$VFMA$PE$A:L22UL41UL21$X:L11$S22US41US21$IEEE1$IW$USESV6$~STKCKD$USESV7$~SHL$OSPACE$ROPI$EBA8$MICROLIB$REQ8$PRES8$EABIv2 0x00000000   Number         0  anon$$obj.o ABSOLUTE
    __ARM_use_no_argv                        0x00000000   Number         0  main.o ABSOLUTE
    __Vectors                                0x00000000   Data           4  startup_tm4c123.o(RESET)
    _printf_a                                0x00000000   Number         0  stubs.o ABSOLUTE
    _printf_c                                0x00000000   Number         0  stubs.o ABSOLUTE
    _printf_charcount                        0x00000000   Number         0  stubs.o ABSOLUTE
    _printf_d                                0x00000000   Number         0  stubs.o ABSOLUTE
    _printf_e                                0x00000000   Number         0  stubs.o ABSOLUTE
    _printf_f                                0x00000000   Number         0  stubs.o ABSOLUTE
    _printf_flags                            0x00000000   Number         0  stubs.o ABSOLUTE
    _printf_fp_dec                           0x00000000   Number         0  stubs.o ABSOLUTE
    _printf_fp_hex                           0x00000000   Number         0  stubs.o ABSOLUTE
    _printf_g                                0x00000000   Number         0  stubs.o ABSOLUTE
    _printf_i                                0x00000000   Number         0  stubs.o ABSOLUTE
    _printf_int_dec                          0x00000000   Number         0  stubs.o ABSOLUTE
    _printf_l                                0x00000000   Number         0  stubs.o ABSOLUTE
    _printf_lc                               0x00000000   Number         0  stubs.o ABSOLUTE
    _printf_ll                               0x00000000   Number         0  stubs.o ABSOLUTE
    _printf_lld                              0x00000000   Number         0  stubs.o ABSOLUTE
    _printf_lli                              0x00000000   Number         0  stubs.o ABSOLUTE
    _printf_llo                              0x00000000   Number         0  stubs.o ABSOLUTE
    _printf_llu                              0x00000000   Number         0  stubs.o ABSOLUTE
    _printf_llx                              0x00000000   Number         0  stubs.o ABSOLUTE
    _printf_longlong_dec                     0x00000000   Number         0  stubs.o ABSOLUTE
    _printf_longlong_hex                     0x00000000   Number         0  stubs.o ABSOLUTE
    _printf_longlong_oct                     0x00000000   Number         0  stubs.o ABSOLUTE
    _printf_ls                               0x00000000   Number         0  stubs.o ABSOLUTE
    _printf_mbtowc                           0x00000000   Number         0  stubs.o ABSOLUTE
    _printf_n                                0x00000000   Number         0  stubs.o ABSOLUTE
    _printf_o                                0x00000000   Number         0  stubs.o ABSOLUTE
    _printf_p                                0x00000000   Number         0  stubs.o ABSOLUTE
    _printf_percent                          0x00000000   Number         0  stubs.o ABSOLUTE
    _printf_pre_padding                      0x00000000   Number         0  stubs.o ABSOLUTE
    _printf_return_value                     0x00000000   Number         0  stubs.o ABSOLUTE
    _printf_s                                0x00000000   Number         0  stubs.o ABSOLUTE
    _printf_sizespec                         0x00000000   Number         0  stubs.o ABSOLUTE
    _printf_str                              0x00000000   Number         0  stubs.o ABSOLUTE
    _printf_truncate_signed                  0x00000000   Number         0  stubs.o ABSOLUTE
    _printf_truncate_unsigned                0x00000000   Number         0  stubs.o ABSOLUTE
    _printf_u                                0x00000000   Number         0  stubs.o ABSOLUTE
    _printf_wc                               0x00000000   Number         0  stubs.o ABSOLUTE
    _printf_wctomb                           0x00000000   Number         0  stubs.o ABSOLUTE
    _printf_widthprec                        0x00000000   Number         0  stubs.o ABSOLUTE
    _printf_x                                0x00000000   Number         0  stubs.o ABSOLUTE
    __cpp_initialize__aeabi_                  - Undefined Weak Reference
    __cxa_finalize                            - Undefined Weak Reference
    __decompress                              - Undefined Weak Reference
    _clock_init                               - Undefined Weak Reference
    _microlib_exit                            - Undefined Weak Reference
    __Vectors_End                            0x0000026c   Data           0  startup_tm4c123.o(RESET)
    __Vectors_Size                           0x0000026c   Number         0  startup_tm4c123.o ABSOLUTE
    __main                                   0x0000026d   Thumb Code     0  entry.o(.ARM.Collect$$$$00000000)
    _main_stk                                0x0000026d   Thumb Code     0  entry2.o(.ARM.Collect$$$$00000001)
    _main_scatterload                        0x00000271   Thumb Code     0  entry5.o(.ARM.Collect$$$$00000004)
    __main_after_scatterload                 0x00000275   Thumb Code     0  entry5.o(.ARM.Collect$$$$00000004)
    _main_clock                              0x00000275   Thumb Code     0  entry7b.o(.ARM.Collect$$$$00000008)
    _main_cpp_init                           0x00000275   Thumb Code     0  entry8b.o(.ARM.Collect$$$$0000000A)
    _main_init                               0x00000275   Thumb Code     0  entry9a.o(.ARM.Collect$$$$0000000B)
    __rt_final_cpp                           0x0000027d   Thumb Code     0  entry10a.o(.ARM.Collect$$$$0000000D)
    __rt_final_exit                          0x0000027d   Thumb Code     0  entry11a.o(.ARM.Collect$$$$0000000F)
    initialize_hardware                      0x00000281   Thumb Code    80  main.o(.text)
    debounce_sw1                             0x000002d1   Thumb Code    58  main.o(.text)
    update_x                                 0x0000030b   Thumb Code    72  main.o(.text)
    update_y                                 0x00000353   Thumb Code    74  main.o(.text)
    set_bitmap                               0x0000039d   Thumb Code    64  main.o(.text)
    read_bitmap                              0x000003dd   Thumb Code    60  main.o(.text)
    main                                     0x00000419   Thumb Code   548  main.o(.text)
    gpio_get_irq_num                         0x000006d9   Thumb Code    74  gpio_port.o(.text)
    gpio_enable_port                         0x00000723   Thumb Code   156  gpio_port.o(.text)
    gpio_config_digital_enable               0x000007bf   Thumb Code    34  gpio_port.o(.text)
    gpio_config_enable_output                0x000007e1   Thumb Code    34  gpio_port.o(.text)
    gpio_config_enable_input                 0x00000803   Thumb Code    34  gpio_port.o(.text)
    gpio_config_enable_pullup                0x00000825   Thumb Code    34  gpio_port.o(.text)
    gpio_config_enable_pulldown              0x00000847   Thumb Code    34  gpio_port.o(.text)
    gpio_config_analog_enable                0x00000869   Thumb Code    34  gpio_port.o(.text)
    gpio_config_alternate_function           0x0000088b   Thumb Code    34  gpio_port.o(.text)
    gpio_config_port_control                 0x000008ad   Thumb Code    54  gpio_port.o(.text)
    gpio_config_open_drain                   0x000008e3   Thumb Code    34  gpio_port.o(.text)
    gpio_config_falling_edge_irq             0x00000905   Thumb Code    56  gpio_port.o(.text)
    hw3_timer_init                           0x00000ac7   Thumb Code   176  timers.o(.text)
    SysTick_Handler                          0x00000b77   Thumb Code    44  timers.o(.text)
    TIMER0A_Handler                          0x00000ba3   Thumb Code    48  timers.o(.text)
    TIMER0B_Handler                          0x00000bd3   Thumb Code    42  timers.o(.text)
    lp_io_set_pin                            0x00000c4d   Thumb Code    18  launchpad_io.o(.text)
    lp_io_clear_pin                          0x00000c5f   Thumb Code    18  launchpad_io.o(.text)
    lp_io_read_pin                           0x00000c71   Thumb Code    22  launchpad_io.o(.text)
    lp_io_init                               0x00000c87   Thumb Code   112  launchpad_io.o(.text)
    lcd_set_pos                              0x00000dad   Thumb Code    58  lcd.o(.text)
    lcd_clear_screen                         0x00000de7   Thumb Code    52  lcd.o(.text)
    lcd_draw_image                           0x00000e1b   Thumb Code   184  lcd.o(.text)
    lcd_draw_rectangle                       0x00000ed3   Thumb Code    82  lcd.o(.text)
    lcd_config_gpio                          0x00000f25   Thumb Code   222  lcd.o(.text)
    lcd_config_screen                        0x00001003   Thumb Code   566  lcd.o(.text)
    ps2_initialize_adc                       0x0000125f   Thumb Code   170  ps2.o(.text)
    ps2_initialize                           0x00001309   Thumb Code    12  ps2.o(.text)
    ps2_get_x                                0x00001315   Thumb Code     6  ps2.o(.text)
    ps2_get_y                                0x0000131b   Thumb Code     6  ps2.o(.text)
    ece210_ps2_read_position                 0x00001321   Thumb Code    58  ps2.o(.text)
    ADC0SS2_Handler                          0x0000135b   Thumb Code    40  ps2.o(.text)
    Reset_Handler                            0x000013a9   Thumb Code     8  startup_tm4c123.o(.text)
    NMI_Handler                              0x000013b1   Thumb Code     2  startup_tm4c123.o(.text)
    HardFault_Handler                        0x000013b3   Thumb Code     2  startup_tm4c123.o(.text)
    MemManage_Handler                        0x000013b5   Thumb Code     2  startup_tm4c123.o(.text)
    BusFault_Handler                         0x000013b7   Thumb Code     2  startup_tm4c123.o(.text)
    UsageFault_Handler                       0x000013b9   Thumb Code     2  startup_tm4c123.o(.text)
    SVC_Handler                              0x000013bb   Thumb Code     2  startup_tm4c123.o(.text)
    DebugMon_Handler                         0x000013bd   Thumb Code     2  startup_tm4c123.o(.text)
    PendSV_Handler                           0x000013bf   Thumb Code     2  startup_tm4c123.o(.text)
    GPIOA_Handler                            0x000013c3   Thumb Code     2  startup_tm4c123.o(.text)
    GPIOB_Handler                            0x000013c5   Thumb Code     2  startup_tm4c123.o(.text)
    GPIOC_Handler                            0x000013c7   Thumb Code     2  startup_tm4c123.o(.text)
    GPIOD_Handler                            0x000013c9   Thumb Code     2  startup_tm4c123.o(.text)
    GPIOE_Handler                            0x000013cb   Thumb Code     2  startup_tm4c123.o(.text)
    UART0_Handler                            0x000013cd   Thumb Code     2  startup_tm4c123.o(.text)
    UART1_Handler                            0x000013cf   Thumb Code     2  startup_tm4c123.o(.text)
    SSI0_Handler                             0x000013d1   Thumb Code     2  startup_tm4c123.o(.text)
    I2C0_Handler                             0x000013d3   Thumb Code     2  startup_tm4c123.o(.text)
    PMW0_FAULT_Handler                       0x000013d5   Thumb Code     2  startup_tm4c123.o(.text)
    PWM0_0_Handler                           0x000013d7   Thumb Code     2  startup_tm4c123.o(.text)
    PWM0_1_Handler                           0x000013d9   Thumb Code     2  startup_tm4c123.o(.text)
    PWM0_2_Handler                           0x000013db   Thumb Code     2  startup_tm4c123.o(.text)
    QEI0_Handler                             0x000013dd   Thumb Code     2  startup_tm4c123.o(.text)
    ADC0SS0_Handler                          0x000013df   Thumb Code     2  startup_tm4c123.o(.text)
    ADC0SS1_Handler                          0x000013e1   Thumb Code     2  startup_tm4c123.o(.text)
    ADC0SS3_Handler                          0x000013e5   Thumb Code     2  startup_tm4c123.o(.text)
    WDT0_Handler                             0x000013e7   Thumb Code     2  startup_tm4c123.o(.text)
    TIMER1A_Handler                          0x000013ed   Thumb Code     2  startup_tm4c123.o(.text)
    TIMER1B_Handler                          0x000013ef   Thumb Code     2  startup_tm4c123.o(.text)
    TIMER2A_Handler                          0x000013f1   Thumb Code     2  startup_tm4c123.o(.text)
    TIMER2B_Handler                          0x000013f3   Thumb Code     2  startup_tm4c123.o(.text)
    COMP0_Handler                            0x000013f5   Thumb Code     2  startup_tm4c123.o(.text)
    COMP1_Handler                            0x000013f7   Thumb Code     2  startup_tm4c123.o(.text)
    COMP2_Handler                            0x000013f9   Thumb Code     2  startup_tm4c123.o(.text)
    SYSCTL_Handler                           0x000013fb   Thumb Code     2  startup_tm4c123.o(.text)
    FLASH_Handler                            0x000013fd   Thumb Code     2  startup_tm4c123.o(.text)
    GPIOF_Handler                            0x000013ff   Thumb Code     2  startup_tm4c123.o(.text)
    GPIOG_Handler                            0x00001401   Thumb Code     2  startup_tm4c123.o(.text)
    GPIOH_Handler                            0x00001403   Thumb Code     2  startup_tm4c123.o(.text)
    UART2_Handler                            0x00001405   Thumb Code     2  startup_tm4c123.o(.text)
    SSI1_Handler                             0x00001407   Thumb Code     2  startup_tm4c123.o(.text)
    TIMER3A_Handler                          0x00001409   Thumb Code     2  startup_tm4c123.o(.text)
    TIMER3B_Handler                          0x0000140b   Thumb Code     2  startup_tm4c123.o(.text)
    I2C1_Handler                             0x0000140d   Thumb Code     2  startup_tm4c123.o(.text)
    QEI1_Handler                             0x0000140f   Thumb Code     2  startup_tm4c123.o(.text)
    CAN0_Handler                             0x00001411   Thumb Code     2  startup_tm4c123.o(.text)
    CAN1_Handler                             0x00001413   Thumb Code     2  startup_tm4c123.o(.text)
    CAN2_Handler                             0x00001415   Thumb Code     2  startup_tm4c123.o(.text)
    HIB_Handler                              0x00001417   Thumb Code     2  startup_tm4c123.o(.text)
    USB0_Handler                             0x00001419   Thumb Code     2  startup_tm4c123.o(.text)
    PWM0_3_Handler                           0x0000141b   Thumb Code     2  startup_tm4c123.o(.text)
    UDMA_Handler                             0x0000141d   Thumb Code     2  startup_tm4c123.o(.text)
    UDMAERR_Handler                          0x0000141f   Thumb Code     2  startup_tm4c123.o(.text)
    ADC1SS0_Handler                          0x00001421   Thumb Code     2  startup_tm4c123.o(.text)
    ADC1SS1_Handler                          0x00001423   Thumb Code     2  startup_tm4c123.o(.text)
    ADC1SS2_Handler                          0x00001425   Thumb Code     2  startup_tm4c123.o(.text)
    ADC1SS3_Handler                          0x00001427   Thumb Code     2  startup_tm4c123.o(.text)
    GPIOJ_Handler                            0x00001429   Thumb Code     2  startup_tm4c123.o(.text)
    GPIOK_Handler                            0x0000142b   Thumb Code     2  startup_tm4c123.o(.text)
    GPIOL_Handler                            0x0000142d   Thumb Code     2  startup_tm4c123.o(.text)
    SSI2_Handler                             0x0000142f   Thumb Code     2  startup_tm4c123.o(.text)
    SSI3_Handler                             0x00001431   Thumb Code     2  startup_tm4c123.o(.text)
    UART3_Handler                            0x00001433   Thumb Code     2  startup_tm4c123.o(.text)
    UART4_Handler                            0x00001435   Thumb Code     2  startup_tm4c123.o(.text)
    UART5_Handler                            0x00001437   Thumb Code     2  startup_tm4c123.o(.text)
    UART6_Handler                            0x00001439   Thumb Code     2  startup_tm4c123.o(.text)
    UART7_Handler                            0x0000143b   Thumb Code     2  startup_tm4c123.o(.text)
    I2C2_Handler                             0x0000143d   Thumb Code     2  startup_tm4c123.o(.text)
    I2C3_Handler                             0x0000143f   Thumb Code     2  startup_tm4c123.o(.text)
    TIMER4A_Handler                          0x00001441   Thumb Code     2  startup_tm4c123.o(.text)
    TIMER4B_Handler                          0x00001443   Thumb Code     2  startup_tm4c123.o(.text)
    TIMER5A_Handler                          0x00001445   Thumb Code     2  startup_tm4c123.o(.text)
    TIMER5B_Handler                          0x00001447   Thumb Code     2  startup_tm4c123.o(.text)
    WTIMER0A_Handler                         0x00001449   Thumb Code     2  startup_tm4c123.o(.text)
    WTIMER0B_Handler                         0x0000144b   Thumb Code     2  startup_tm4c123.o(.text)
    WTIMER1A_Handler                         0x0000144d   Thumb Code     2  startup_tm4c123.o(.text)
    WTIMER1B_Handler                         0x0000144f   Thumb Code     2  startup_tm4c123.o(.text)
    WTIMER2A_Handler                         0x00001451   Thumb Code     2  startup_tm4c123.o(.text)
    WTIMER2B_Handler                         0x00001453   Thumb Code     2  startup_tm4c123.o(.text)
    WTIMER3A_Handler                         0x00001455   Thumb Code     2  startup_tm4c123.o(.text)
    WTIMER3B_Handler                         0x00001457   Thumb Code     2  startup_tm4c123.o(.text)
    WTIMER4A_Handler                         0x00001459   Thumb Code     2  startup_tm4c123.o(.text)
    WTIMER4B_Handler                         0x0000145b   Thumb Code     2  startup_tm4c123.o(.text)
    WTIMER5A_Handler                         0x0000145d   Thumb Code     2  startup_tm4c123.o(.text)
    WTIMER5B_Handler                         0x0000145f   Thumb Code     2  startup_tm4c123.o(.text)
    FPU_Handler                              0x00001461   Thumb Code     2  startup_tm4c123.o(.text)
    I2C4_Handler                             0x00001463   Thumb Code     2  startup_tm4c123.o(.text)
    I2C5_Handler                             0x00001465   Thumb Code     2  startup_tm4c123.o(.text)
    GPIOM_Handler                            0x00001467   Thumb Code     2  startup_tm4c123.o(.text)
    GPION_Handler                            0x00001469   Thumb Code     2  startup_tm4c123.o(.text)
    QEI2_Handler                             0x0000146b   Thumb Code     2  startup_tm4c123.o(.text)
    GPIOP0_Handler                           0x0000146d   Thumb Code     2  startup_tm4c123.o(.text)
    GPIOP1_Handler                           0x0000146f   Thumb Code     2  startup_tm4c123.o(.text)
    GPIOP2_Handler                           0x00001471   Thumb Code     2  startup_tm4c123.o(.text)
    GPIOP3_Handler                           0x00001473   Thumb Code     2  startup_tm4c123.o(.text)
    GPIOP4_Handler                           0x00001475   Thumb Code     2  startup_tm4c123.o(.text)
    GPIOP5_Handler                           0x00001477   Thumb Code     2  startup_tm4c123.o(.text)
    GPIOP6_Handler                           0x00001479   Thumb Code     2  startup_tm4c123.o(.text)
    GPIOP7_Handler                           0x0000147b   Thumb Code     2  startup_tm4c123.o(.text)
    GPIOQ0_Handler                           0x0000147d   Thumb Code     2  startup_tm4c123.o(.text)
    GPIOQ1_Handler                           0x0000147f   Thumb Code     2  startup_tm4c123.o(.text)
    GPIOQ2_Handler                           0x00001481   Thumb Code     2  startup_tm4c123.o(.text)
    GPIOQ3_Handler                           0x00001483   Thumb Code     2  startup_tm4c123.o(.text)
    GPIOQ4_Handler                           0x00001485   Thumb Code     2  startup_tm4c123.o(.text)
    GPIOQ5_Handler                           0x00001487   Thumb Code     2  startup_tm4c123.o(.text)
    GPIOQ6_Handler                           0x00001489   Thumb Code     2  startup_tm4c123.o(.text)
    GPIOQ7_Handler                           0x0000148b   Thumb Code     2  startup_tm4c123.o(.text)
    GPIOR_Handler                            0x0000148d   Thumb Code     2  startup_tm4c123.o(.text)
    GPIOS_Handler                            0x0000148f   Thumb Code     2  startup_tm4c123.o(.text)
    PMW1_0_Handler                           0x00001491   Thumb Code     2  startup_tm4c123.o(.text)
    PWM1_1_Handler                           0x00001493   Thumb Code     2  startup_tm4c123.o(.text)
    PWM1_2_Handler                           0x00001495   Thumb Code     2  startup_tm4c123.o(.text)
    PWM1_3_Handler                           0x00001497   Thumb Code     2  startup_tm4c123.o(.text)
    PWM1_FAULT_Handler                       0x00001499   Thumb Code     2  startup_tm4c123.o(.text)
    SystemCoreClockUpdate                    0x0000155b   Thumb Code   184  system_tm4c123.o(.text)
    SystemInit                               0x00001613   Thumb Code   112  system_tm4c123.o(.text)
    put_string                               0x000016f5   Thumb Code    34  validate_uart.o(.text)
    validate_print_ice_validation_info_start 0x00001717   Thumb Code    68  validate_uart.o(.text)
    validate_print_ice_validation_info_end   0x0000175b   Thumb Code    68  validate_uart.o(.text)
    staff_uart_config_gpio                   0x0000181b   Thumb Code    82  validate_uart.o(.text)
    staff_uart_config_polling                0x0000186d   Thumb Code    68  validate_uart.o(.text)
    validate_uart_baud_rate                  0x000018b1   Thumb Code    26  validate_uart.o(.text)
    validate_uart_line_control               0x000018cb   Thumb Code    18  validate_uart.o(.text)
    validate_uart_interrupt_mask             0x000018dd   Thumb Code    18  validate_uart.o(.text)
    validate_uart_control                    0x000018ef   Thumb Code    18  validate_uart.o(.text)
    validate_uart_interrupts_enabled         0x00001901   Thumb Code    44  validate_uart.o(.text)
    put_char                                 0x0000192d   Thumb Code    20  validate_uart.o(.text)
    get_char                                 0x00001941   Thumb Code    62  validate_uart.o(.text)
    get_string                               0x0000197f   Thumb Code    40  validate_uart.o(.text)
    initialize_serial_debug                  0x000019a7   Thumb Code    12  validate_uart.o(.text)
    print_test_status                        0x000019b3   Thumb Code    52  validate_uart.o(.text)
    validate_uart                            0x000019e7   Thumb Code   126  validate_uart.o(.text)
    validate_gpio_rcgc                       0x00001c15   Thumb Code    26  validate_sysctl.o(.text)
    validate_adc_rcgc                        0x00001c2f   Thumb Code    28  validate_sysctl.o(.text)
    validate_gpt_rcgc                        0x00001c4b   Thumb Code    28  validate_sysctl.o(.text)
    validate_uart_rcgc                       0x00001c67   Thumb Code    28  validate_sysctl.o(.text)
    validate_spi_rcgc                        0x00001c83   Thumb Code    28  validate_sysctl.o(.text)
    __aeabi_memset                           0x00001cbd   Thumb Code    14  memseta.o(.text)
    __aeabi_memset4                          0x00001cbd   Thumb Code     0  memseta.o(.text)
    __aeabi_memset8                          0x00001cbd   Thumb Code     0  memseta.o(.text)
    __aeabi_memclr                           0x00001ccb   Thumb Code     4  memseta.o(.text)
    __aeabi_memclr4                          0x00001ccb   Thumb Code     0  memseta.o(.text)
    __aeabi_memclr8                          0x00001ccb   Thumb Code     0  memseta.o(.text)
    _memset$wrapper                          0x00001ccf   Thumb Code    18  memseta.o(.text)
    __aeabi_uidiv                            0x00001ce1   Thumb Code     0  uidiv.o(.text)
    __aeabi_uidivmod                         0x00001ce1   Thumb Code    44  uidiv.o(.text)
    __scatterload                            0x00001d0d   Thumb Code    28  init.o(.text)
    __scatterload_rt2                        0x00001d0d   Thumb Code     0  init.o(.text)
    __0sprintf$6                             0x00001d31   Thumb Code    34  printf6.o(i.__0sprintf$6)
    __1sprintf$6                             0x00001d31   Thumb Code     0  printf6.o(i.__0sprintf$6)
    __2sprintf                               0x00001d31   Thumb Code     0  printf6.o(i.__0sprintf$6)
    __scatterload_copy                       0x00001d59   Thumb Code    14  handlers.o(i.__scatterload_copy)
    __scatterload_null                       0x00001d67   Thumb Code     2  handlers.o(i.__scatterload_null)
    __scatterload_zeroinit                   0x00001d69   Thumb Code    14  handlers.o(i.__scatterload_zeroinit)
    Region$$Table$$Base                      0x00002120   Number         0  anon$$obj.o(Region$$Table)
    Region$$Table$$Limit                     0x00002140   Number         0  anon$$obj.o(Region$$Table)
    group                                    0x20000000   Data          11  main.o(.data)
    individual_1                             0x2000000b   Data          11  main.o(.data)
    individual_2                             0x20000016   Data          21  main.o(.data)
    ALERT_10MS                               0x2000002e   Data           1  timers.o(.data)
    ALERT_500MS                              0x2000002f   Data           1  timers.o(.data)
    ALERT_NEW_ADC                            0x20000038   Data           1  ps2.o(.data)
    SystemCoreClock                          0x2000003c   Data           4  system_tm4c123.o(.data)
    Pixels                                   0x20000040   Data        9600  main.o(.bss)
    __initial_sp                             0x200035c0   Data           0  startup_tm4c123.o(STACK)



==============================================================================

Memory Map of the image

  Image Entry point : 0x000013a9

  Load Region LR_1 (Base: 0x00000000, Size: 0x00002180, Max: 0xffffffff, ABSOLUTE)

    Execution Region ER_RO (Base: 0x00000000, Size: 0x00002140, Max: 0xffffffff, ABSOLUTE)

    Base Addr    Size         Type   Attr      Idx    E Section Name        Object

    0x00000000   0x0000026c   Data   RO          252    RESET               startup_tm4c123.o
    0x0000026c   0x00000000   Code   RO          387  * .ARM.Collect$$$$00000000  mc_w.l(entry.o)
    0x0000026c   0x00000004   Code   RO          653    .ARM.Collect$$$$00000001  mc_w.l(entry2.o)
    0x00000270   0x00000004   Code   RO          656    .ARM.Collect$$$$00000004  mc_w.l(entry5.o)
    0x00000274   0x00000000   Code   RO          658    .ARM.Collect$$$$00000008  mc_w.l(entry7b.o)
    0x00000274   0x00000000   Code   RO          660    .ARM.Collect$$$$0000000A  mc_w.l(entry8b.o)
    0x00000274   0x00000008   Code   RO          661    .ARM.Collect$$$$0000000B  mc_w.l(entry9a.o)
    0x0000027c   0x00000000   Code   RO          663    .ARM.Collect$$$$0000000D  mc_w.l(entry10a.o)
    0x0000027c   0x00000000   Code   RO          665    .ARM.Collect$$$$0000000F  mc_w.l(entry11a.o)
    0x0000027c   0x00000004   Code   RO          654    .ARM.Collect$$$$00002712  mc_w.l(entry2.o)
    0x00000280   0x00000418   Code   RO            4    .text               main.o
    0x00000698   0x000002c4   Code   RO          113    .text               gpio_port.o
    0x0000095c   0x000002f0   Code   RO          137    .text               timers.o
    0x00000c4c   0x000000c4   Code   RO          171    .text               launchpad_io.o
    0x00000d10   0x0000052c   Code   RO          195    .text               lcd.o
    0x0000123c   0x0000016c   Code   RO          219    .text               ps2.o
    0x000013a8   0x000000fc   Code   RO          253  * .text               startup_tm4c123.o
    0x000014a4   0x00000250   Code   RO          260    .text               system_tm4c123.o
    0x000016f4   0x000003fc   Code   RO          290    .text               ECE353-Validate.lib(validate_uart.o)
    0x00001af0   0x000001cc   Code   RO          366    .text               ECE353-Validate.lib(validate_sysctl.o)
    0x00001cbc   0x00000024   Code   RO          390    .text               mc_w.l(memseta.o)
    0x00001ce0   0x0000002c   Code   RO          670    .text               mc_w.l(uidiv.o)
    0x00001d0c   0x00000024   Code   RO          685    .text               mc_w.l(init.o)
    0x00001d30   0x00000028   Code   RO          549    i.__0sprintf$6      mc_w.l(printf6.o)
    0x00001d58   0x0000000e   Code   RO          699    i.__scatterload_copy  mc_w.l(handlers.o)
    0x00001d66   0x00000002   Code   RO          700    i.__scatterload_null  mc_w.l(handlers.o)
    0x00001d68   0x0000000e   Code   RO          701    i.__scatterload_zeroinit  mc_w.l(handlers.o)
    0x00001d76   0x00000002   PAD
    0x00001d78   0x000002f0   Code   RO          554    i._printf_core      mc_w.l(printf6.o)
    0x00002068   0x00000024   Code   RO          555    i._printf_post_padding  mc_w.l(printf6.o)
    0x0000208c   0x0000002e   Code   RO          556    i._printf_pre_padding  mc_w.l(printf6.o)
    0x000020ba   0x0000000a   Code   RO          558    i._sputc            mc_w.l(printf6.o)
    0x000020c4   0x0000005c   Data   RO          291    .conststring        ECE353-Validate.lib(validate_uart.o)
    0x00002120   0x00000020   Data   RO          697    Region$$Table       anon$$obj.o


    Execution Region ER_RW (Base: 0x20000000, Size: 0x00000040, Max: 0xffffffff, ABSOLUTE)

    Base Addr    Size         Type   Attr      Idx    E Section Name        Object

    0x20000000   0x0000002e   Data   RW            6    .data               main.o
    0x2000002e   0x00000005   Data   RW          138    .data               timers.o
    0x20000033   0x00000001   PAD
    0x20000034   0x00000005   Data   RW          220    .data               ps2.o
    0x20000039   0x00000003   PAD
    0x2000003c   0x00000004   Data   RW          261    .data               system_tm4c123.o


    Execution Region ER_ZI (Base: 0x20000040, Size: 0x00003580, Max: 0xffffffff, ABSOLUTE)

    Base Addr    Size         Type   Attr      Idx    E Section Name        Object

    0x20000040   0x00002580   Zero   RW            5    .bss                main.o
    0x200025c0   0x00001000   Zero   RW          250    STACK               startup_tm4c123.o


==============================================================================

Image component sizes


      Code (inc. data)   RO Data    RW Data    ZI Data      Debug   Object Name

       708         32          0          0          0       5170   gpio_port.o
       196         26          0          0          0       1738   launchpad_io.o
      1324         24          0          0          0       3763   lcd.o
      1048         92          0         46       9600      29966   main.o
       364         38          0          5          0      29228   ps2.o
       252         10        620          0       4096       5444   startup_tm4c123.o
       592        138          0          4          0       1565   system_tm4c123.o
       752         58          0          5          0      30701   timers.o

    ----------------------------------------------------------------------
      5236        418        652         64      13696     107575   Object Totals
         0          0         32          0          0          0   (incl. Generated)
         0          0          0          4          0          0   (incl. Padding)

    ----------------------------------------------------------------------

      Code (inc. data)   RO Data    RW Data    ZI Data      Debug   Library Member Name

       460         38          0          0          0       2598   validate_sysctl.o
      1020        148         92          0          0      31430   validate_uart.o
         0          0          0          0          0          0   entry.o
         0          0          0          0          0          0   entry10a.o
         0          0          0          0          0          0   entry11a.o
         8          4          0          0          0          0   entry2.o
         4          0          0          0          0          0   entry5.o
         0          0          0          0          0          0   entry7b.o
         0          0          0          0          0          0   entry8b.o
         8          4          0          0          0          0   entry9a.o
        30          0          0          0          0          0   handlers.o
        36          8          0          0          0         68   init.o
        36          0          0          0          0        108   memseta.o
       884         10          0          0          0        420   printf6.o
        44          0          0          0          0         80   uidiv.o

    ----------------------------------------------------------------------
      2532        212         92          0          0      34704   Library Totals
         2          0          0          0          0          0   (incl. Padding)

    ----------------------------------------------------------------------

      Code (inc. data)   RO Data    RW Data    ZI Data      Debug   Library Name

      1480        186         92          0          0      34028   ECE353-Validate.lib
      1050         26          0          0          0        676   mc_w.l

    ----------------------------------------------------------------------
      2532        212         92          0          0      34704   Library Totals

    ----------------------------------------------------------------------

==============================================================================


      Code (inc. data)   RO Data    RW Data    ZI Data      Debug   

      7768        630        744         64      13696     140623   Grand Totals
      7768        630        744         64      13696     140623   ELF Image Totals
      7768        630        744         64          0          0   ROM Totals

==============================================================================

    Total RO  Size (Code + RO Data)                 8512 (   8.31kB)
    Total RW  Size (RW Data + ZI Data)             13760 (  13.44kB)
    Total ROM Size (Code + RO Data + RW Data)       8576 (   8.38kB)

==============================================================================

